========================================================================
MOEA/D TUNING — EVRPTW TRI-OBJETIVO
========================================================================
  Modo       : COMPLETO
  Configs    : 12  (['C1', 'C2', 'C3', 'C4', 'C5', 'C6', 'C7', 'C8', 'C9', 'C10', 'C11', 'C12'])
  Instâncias : 4  (['c101_21', 'c208_21', 'r106_21', 'r201_21'])
  Runs/tarefa: 4
  Total tasks: 192
  N_evals    : 300,000
  Workers    : 10
  Resultados : /home/rafael/MOEA_EVRP_TCC/results/moead_tuning_20260411_014221
========================================================================

  Tasks restantes: 192 (de 192)

────────────────────────────────────────────────────────────────────────
     #  Config  Instância     Run      Evals   Feas   Únicos          HV_raw      Tempo  Estado
────────────────────────────────────────────────────────────────────────
     1/192  C1      r106_21       1      300,090    105       27            0.00     674.5s  ok  ETA:2148m08s
     2/192  C1      r106_21       2      300,090    105       39            0.00     691.7s  ok  ETA:1095m40s
     3/192  C1      c101_21       4      300,090    105       22            0.00     735.8s  ok  ETA:772m52s
     4/192  C1      c101_21       1      300,090    105       21            0.00     752.3s  ok  ETA:589m32s
     5/192  C1      c101_21       2      300,090    105       16            0.00     755.6s  ok  ETA:471m10s
     6/192  C1      c101_21       3      300,090    105       22            0.00     809.5s  ok  ETA:418m25s
     7/192  C1      c208_21       2      300,090    105       25  259297593589.61    1184.2s  ok  ETA:521m45s
     8/192  C1      c208_21       4      300,090    105       21  271942438517.21    1186.8s  ok  ETA:455m04s
     9/192  C1      c208_21       1      300,090    105       31  254450295062.85    1279.7s  ok  ETA:433m46s
    10/192  C1      c208_21       3      300,090    105       36  272950320921.09    1290.9s  ok  ETA:391m40s
    11/192  C1      r106_21       3      300,090    105       23            0.00     694.2s  ok  ETA:375m26s
    12/192  C1      r106_21       4      300,090    105       31            0.00     704.0s  ok  ETA:349m00s
    13/192  C1      r201_21       2      300,090    105       29            0.00     916.6s  ok  ETA:383m02s
    14/192  C1      r201_21       3      300,090    105       26            0.00     930.1s  ok  ETA:357m16s
    15/192  C1      r201_21       1      300,090    105       19            0.00     969.4s  ok  ETA:335m24s
    16/192  C1      r201_21       4      300,090    105       28            0.00     931.7s  ok  ETA:319m16s
    17/192  C2      c101_21       1      300,090    105       24            0.00     728.6s  ok  ETA:328m14s
    18/192  C2      c101_21       2      300,090    105       16            0.00     763.8s  ok  ETA:314m18s
    19/192  C2      c101_21       4      300,090    105       23            0.00     776.1s  ok  ETA:313m43s
    20/192  C2      c101_21       3      300,090    105       23            0.00     795.4s  ok  ETA:297m28s
    21/192  C2      r106_21       1      300,090    105       29            0.00     707.7s  ok  ETA:327m30s
    22/192  C2      r106_21       2      300,090    105       36            0.00     680.9s  ok  ETA:311m58s
    23/192  C2      c208_21       2      300,090    105       30  247629775975.65    1122.9s  ok  ETA:308m28s
    24/192  C2      c208_21       1      300,090    105       31  276676642195.77    1167.7s  ok  ETA:295m56s
    25/192  C2      r106_21       3      300,090    105       40            0.00     685.6s  ok  ETA:289m19s
    26/192  C2      r106_21       4      300,090    105       29            0.00     667.0s  ok  ETA:278m34s
    27/192  C2      c208_21       4      300,090    105       29  229991051028.01    1187.0s  ok  ETA:292m37s
    28/192  C2      c208_21       3      300,090    105       33  267755065346.99    1234.9s  ok  ETA:283m29s
    29/192  C2      r201_21       1      300,090    105       29            0.00     902.9s  ok  ETA:278m14s
    30/192  C2      r201_21       2      300,090    105       42            0.00     955.4s  ok  ETA:272m46s
    31/192  C3      c101_21       1      300,090    105       19            0.00     729.5s  ok  ETA:281m11s
    32/192  C3      c101_21       2      300,090    105       30            0.00     770.0s  ok  ETA:275m33s
    33/192  C3      c101_21       4      300,090    105       28            0.00     740.9s  ok  ETA:269m43s
    34/192  C2      r201_21       3      300,090    105       31            0.00     997.3s  ok  ETA:264m08s
    35/192  C3      c101_21       3      300,090    105       29            0.00     820.7s  ok  ETA:255m38s
    36/192  C2      r201_21       4      300,090    105       30            0.00    1011.7s  ok  ETA:248m00s
    37/192  C3      r106_21       1      300,090    105       34            0.00     663.8s  ok  ETA:273m09s
    38/192  C3      c208_21       1      300,090    105       42  257194331106.11    1041.3s  ok  ETA:264m23s
    39/192  C3      r106_21       2      300,090    105       47            0.00     689.9s  ok  ETA:261m19s
    40/192  C3      r106_21       3      300,090    105       40            0.00     668.9s  ok  ETA:255m05s
    41/192  C3      r106_21       4      300,090    105       41            0.00     688.0s  ok  ETA:251m34s
    42/192  C3      c208_21       2      300,090    105       39  266923276112.44    1223.7s  ok  ETA:245m41s
    43/192  C3      c208_21       4      300,090    105       40  262315505492.26    1114.5s  ok  ETA:239m24s
    44/192  C3      c208_21       3      300,090    105       39  287187712046.05    1245.3s  ok  ETA:236m19s
    45/192  C3      r201_21       1      300,090    105       46            0.00     800.5s  ok  ETA:229m45s
    46/192  C3      r201_21       2      300,090    105       45            0.00     887.8s  ok  ETA:228m37s
    47/192  C3      r201_21       3      300,090    105       41            0.00     791.8s  ok  ETA:241m52s
    48/192  C4      c101_21       2      300,090    105       44            0.00     738.3s  ok  ETA:238m18s
    49/192  C4      c101_21       1      300,090    105       50            0.00     771.5s  ok  ETA:231m55s
    50/192  C3      r201_21       4      300,090    105       37            0.00     877.6s  ok  ETA:226m48s
    51/192  C4      c101_21       4      300,090    105       44            0.00     750.1s  ok  ETA:224m45s
    52/192  C4      c101_21       3      300,090    105       44            0.00     781.6s  ok  ETA:218m58s
    53/192  C4      c208_21       1      300,090    105       50  240587922858.96    1094.6s  ok  ETA:229m02s
    54/192  C4      c208_21       3      300,090    105       52  270225807897.13    1090.0s  ok  ETA:226m10s
    55/192  C4      c208_21       2      300,090    105       51  246266558067.48    1157.8s  ok  ETA:223m04s
    56/192  C4      r106_21       1      300,090    105       45            0.00     690.4s  ok  ETA:218m20s
    57/192  C4      c208_21       4      300,090    105       54  271174679025.08    1117.0s  ok  ETA:214m41s
    58/192  C4      r106_21       2      300,090    105       51            0.00     673.8s  ok  ETA:209m27s
    59/192  C4      r106_21       3      300,090    105       51            0.00     679.3s  ok  ETA:204m39s
    60/192  C4      r106_21       4      300,090    105       64            0.00     671.3s  ok  ETA:200m18s
    61/192  C4      r201_21       2      300,090    105       55            0.00     776.6s  ok  ETA:202m28s
    62/192  C4      r201_21       1      300,090    105       52            0.00     991.8s  ok  ETA:205m07s
    63/192  C4      r201_21       3      300,090    105       52            0.00     872.4s  ok  ETA:208m35s
    64/192  C4      r201_21       4      300,090    105       50            0.00     817.7s  ok  ETA:204m15s
    65/192  C5      c101_21       2      300,090    105       60            0.00     769.8s  ok  ETA:200m44s
    66/192  C5      c101_21       1      300,090    105       56            0.00     793.6s  ok  ETA:196m13s
    67/192  C5      c101_21       3      300,090    105       57            0.00     739.0s  ok  ETA:192m05s
    68/192  C5      c101_21       4      300,090    105       56            0.00     772.6s  ok  ETA:188m48s
    69/192  C5      c208_21       1      300,090    105       60  242059396003.88    1101.0s  ok  ETA:194m33s
    70/192  C5      c208_21       2      300,090    105       59  231998324937.31    1102.0s  ok  ETA:190m42s
    71/192  C5      c208_21       3      300,090    105       61  253530756812.31    1093.2s  ok  ETA:191m43s
    72/192  C5      r106_21       1      300,090    105       63            0.00     674.1s  ok  ETA:188m30s
    73/192  C5      r106_21       2      300,090    105       64            0.00     686.4s  ok  ETA:185m07s
    74/192  C5      r106_21       3      300,090    105       71            0.00     698.5s  ok  ETA:182m23s
    75/192  C5      r106_21       4      300,090    105       66            0.00     697.6s  ok  ETA:178m28s
    76/192  C5      c208_21       4      300,090    105       64  227596079469.36    1122.7s  ok  ETA:177m52s
    77/192  C5      r201_21       1      300,090    105       59            0.00     829.6s  ok  ETA:174m25s
    78/192  C5      r201_21       2      300,090    105       64            0.00     843.8s  ok  ETA:171m52s
    79/192  C5      r201_21       3      300,090    105       68            0.00     801.8s  ok  ETA:175m13s
    80/192  C5      r201_21       4      300,090    105       62            0.00     841.5s  ok  ETA:172m49s
    81/192  C6      c101_21       2      300,090    105       25            0.00     720.6s  ok  ETA:171m27s
    82/192  C6      c101_21       1      300,090    105       21            0.00     758.5s  ok  ETA:167m52s
    83/192  C6      c101_21       3      300,090    105       34            0.00     740.4s  ok  ETA:165m20s
    84/192  C6      c101_21       4      300,090    105       24            0.00     755.7s  ok  ETA:163m15s
    85/192  C6      c208_21       2      300,090    105       39  267631755677.84    1030.8s  ok  ETA:168m19s
    86/192  C6      r106_21       1      300,090    105       33            0.00     681.9s  ok  ETA:165m00s
    87/192  C6      c208_21       1      300,090    105       38  250718260679.16    1202.7s  ok  ETA:162m16s
    88/192  C6      r106_21       2      300,090    105       37            0.00     666.3s  ok  ETA:159m00s
    89/192  C6      c208_21       3      300,090    105       33  242003983674.42    1125.9s  ok  ETA:156m52s
    90/192  C6      r106_21       4      300,090    105       33            0.00     668.5s  ok  ETA:154m27s
    91/192  C6      r106_21       3      300,090    105       34            0.00     675.6s  ok  ETA:151m21s
    92/192  C6      c208_21       4      300,090    105       36  264356231914.16    1148.8s  ok  ETA:148m38s
    93/192  C6      r201_21       1      300,090    105       36            0.00     827.4s  ok  ETA:148m42s
    94/192  C6      r201_21       2      300,090    105       42            0.00     804.7s  ok  ETA:146m21s
    95/192  C7      c101_21       2      300,090    105       14            0.00     760.3s  ok  ETA:150m19s
    96/192  C7      c101_21       1      300,090    105       21            0.00     782.4s  ok  ETA:147m29s
    97/192  C7      c101_21       4      300,090    105       24            0.00     717.6s  ok  ETA:145m11s
    98/192  C6      r201_21       4      300,090    105       39            0.00     888.5s  ok  ETA:142m36s
    99/192  C7      c101_21       3      300,090    105       25            0.00     796.5s  ok  ETA:139m48s
   100/192  C6      r201_21       3      300,090    105       49            0.00     956.3s  ok  ETA:137m41s
   101/192  C7      c208_21       2      300,090    105       32  253576501543.45    1140.2s  ok  ETA:140m19s
   102/192  C7      c208_21       1      300,090    105       40  266744906871.75    1243.7s  ok  ETA:138m37s
   103/192  C7      c208_21       3      300,090    105       36  238573629742.42    1095.4s  ok  ETA:136m29s
   104/192  C7      r106_21       1      300,090    105       47            0.00     654.7s  ok  ETA:133m48s
   105/192  C7      r106_21       2      300,090    105       35            0.00     700.7s  ok  ETA:131m53s
   106/192  C7      r106_21       3      300,090    105       38            0.00     674.5s  ok  ETA:129m23s
   107/192  C7      c208_21       4      300,090    105       38  258054522198.83    1158.8s  ok  ETA:126m51s
   108/192  C7      r106_21       4      300,090    105       41            0.00     677.0s  ok  ETA:124m24s
   109/192  C7      r201_21       1      300,090    105       33            0.00     824.0s  ok  ETA:123m47s
   110/192  C7      r201_21       2      300,090    105       42            0.00     875.1s  ok  ETA:122m26s
   111/192  C7      r201_21       3      300,090    105       33            0.00     830.3s  ok  ETA:123m45s
   112/192  C8      c101_21       2      300,090    105       22            0.00     751.5s  ok  ETA:121m53s
   113/192  C7      r201_21       4      300,090    105       38            0.00     813.8s  ok  ETA:119m19s
   114/192  C8      c101_21       1      300,090    105       29            0.00     791.5s  ok  ETA:117m06s
   115/192  C8      c101_21       3      300,090    105       29            0.00     728.9s  ok  ETA:114m42s
   116/192  C8      c101_21       4      300,090    105       29            0.00     772.0s  ok  ETA:112m55s
   117/192  C8      c208_21       1      300,090    105       36  241026786411.49    1208.8s  ok  ETA:115m17s
   118/192  C8      c208_21       2      300,090    105       34  255120442626.14    1231.0s  ok  ETA:113m10s
   119/192  C8      c208_21       3      300,090    105       37  254282559517.31    1105.5s  ok  ETA:111m01s
   120/192  C8      r106_21       1      300,090    105       35            0.00     687.6s  ok  ETA:108m37s
   121/192  C8      r106_21       2      300,090    105       44            0.00     661.0s  ok  ETA:106m36s
   122/192  C8      r106_21       3      300,090    105       32            0.00     685.9s  ok  ETA:104m29s
   123/192  C8      r106_21       4      300,090    105       35            0.00     711.4s  ok  ETA:102m39s
   124/192  C8      c208_21       4      300,090    105       39  248309551516.15    1143.4s  ok  ETA:100m31s
   125/192  C8      r201_21       2      300,090    105       44            0.00     865.8s  ok  ETA:100m06s
   126/192  C8      r201_21       1      300,090    105       43            0.00     975.9s  ok  ETA:98m15s
   127/192  C9      c101_21       1      300,090    105       40            0.00     722.6s  ok  ETA:98m47s
   128/192  C9      c101_21       2      300,090    105       19            0.00     749.2s  ok  ETA:96m46s
   129/192  C8      r201_21       4      300,090    105       40            0.00     795.0s  ok  ETA:94m36s
   130/192  C9      c101_21       3      300,090    105       34            0.00     764.6s  ok  ETA:92m43s
   131/192  C9      c101_21       4      300,090    105       37            0.00     785.7s  ok  ETA:90m53s
   132/192  C8      r201_21       3      300,090    105       41            0.00    1014.4s  ok  ETA:89m26s
   133/192  C9      c208_21       1      300,090    105       34  396753227664.25    1152.4s  ok  ETA:89m42s
   134/192  C9      c208_21       2      300,090    105       24  377735766166.37    1154.1s  ok  ETA:87m39s
   135/192  C9      r106_21       1      300,090    105       47            0.00     635.5s  ok  ETA:85m58s
   136/192  C9      r106_21       2      300,090    105       56            0.00     659.1s  ok  ETA:84m12s
   137/192  C9      r106_21       3      300,090    105       49            0.00     659.4s  ok  ETA:82m11s
   138/192  C9      c208_21       3      300,090    105       40  374970836869.03    1105.9s  ok  ETA:80m18s
   139/192  C9      r106_21       4      300,090    105       49            0.00     649.9s  ok  ETA:78m15s
   140/192  C9      c208_21       4      300,090    105       38  388342315990.38    1120.3s  ok  ETA:76m36s
   141/192  C9      r201_21       1      300,090    105       44            0.00     822.6s  ok  ETA:75m33s
   142/192  C9      r201_21       2      300,090    105       48            0.00     848.3s  ok  ETA:74m15s
   143/192  C9      r201_21       4      300,090    105       43            0.00     770.0s  ok  ETA:73m47s
   144/192  C10     c101_21       1      300,090    105       45            0.00     755.2s  ok  ETA:72m04s
   145/192  C9      r201_21       3      300,090    105       42            0.00     864.5s  ok  ETA:70m12s
   146/192  C10     c101_21       2      300,090    105       49            0.00     759.0s  ok  ETA:68m25s
   147/192  C10     c101_21       3      300,090    105       43            0.00     779.1s  ok  ETA:66m38s
   148/192  C10     c101_21       4      300,090    105       42            0.00     766.7s  ok  ETA:64m48s
   149/192  C10     c208_21       1      300,090    105       55  265456671731.78    1152.7s  ok  ETA:64m46s
   150/192  C10     c208_21       2      300,090    105       56  255299153966.34    1101.5s  ok  ETA:62m53s
   151/192  C10     r106_21       1      300,090    105       51            0.00     699.3s  ok  ETA:61m38s
   152/192  C10     r106_21       2      300,090    105       58            0.00     690.7s  ok  ETA:59m55s
   153/192  C10     c208_21       3      300,090    105       51  247695996973.10    1138.5s  ok  ETA:58m05s
   154/192  C10     r106_21       3      300,090    105       46            0.00     690.5s  ok  ETA:56m17s
   155/192  C10     r106_21       4      300,090    105       52            0.00     679.8s  ok  ETA:54m32s
   156/192  C10     c208_21       4      300,090    105       51  254903427888.56    1108.5s  ok  ETA:52m55s
   157/192  C10     r201_21       1      300,090    105       46            0.00     796.6s  ok  ETA:51m29s
   158/192  C10     r201_21       2      300,090    105       52            0.00     839.4s  ok  ETA:49m55s
   159/192  C10     r201_21       3      300,090    105       48            0.00     844.6s  ok  ETA:49m30s
   160/192  C11     c101_21       1      300,090    105       52            0.00     736.1s  ok  ETA:47m51s
   161/192  C10     r201_21       4      300,090    105       48            0.00     889.4s  ok  ETA:46m06s
   162/192  C11     c101_21       2      300,090    105       51            0.00     736.1s  ok  ETA:44m26s
   163/192  C11     c101_21       4      300,090    105       46            0.00     712.7s  ok  ETA:42m42s
   164/192  C11     c101_21       3      300,090    105       45            0.00     745.2s  ok  ETA:41m01s
   165/192  C11     c208_21       1      300,090    105       52  377399117736.86    1125.6s  ok  ETA:40m27s
   166/192  C11     c208_21       2      300,090    105       53  382986066006.80    1092.9s  ok  ETA:38m46s
   167/192  C11     r106_21       1      300,090    105       53            0.00     640.6s  ok  ETA:37m18s
   168/192  C11     c208_21       3      300,090    105       52  382868158259.69    1099.7s  ok  ETA:35m36s
   169/192  C11     c208_21       4      300,090    105       52  388872648316.46    1083.9s  ok  ETA:34m01s
   170/192  C11     r106_21       2      300,090    105       61            0.00     655.6s  ok  ETA:32m22s
   171/192  C11     r106_21       3      300,090    105       50            0.00     667.5s  ok  ETA:30m46s
   172/192  C11     r106_21       4      300,090    105       60            0.00     663.9s  ok  ETA:29m11s
   173/192  C11     r201_21       2      300,090    105       55            0.00     793.4s  ok  ETA:27m50s
   174/192  C11     r201_21       1      300,090    105       53            0.00     817.0s  ok  ETA:26m14s
   175/192  C11     r201_21       3      300,090    105       54            0.00     800.8s  ok  ETA:25m18s
   176/192  C11     r201_21       4      300,090    105       49            0.00     820.9s  ok  ETA:23m45s
   177/192  C12     c101_21       2      300,090    105       54            0.00     737.7s  ok  ETA:22m10s
   178/192  C12     c101_21       1      300,090    105       53            0.00     763.6s  ok  ETA:20m36s
   179/192  C12     c101_21       3      300,090    105       56            0.00     765.8s  ok  ETA:19m05s
   180/192  C12     c101_21       4      300,090    105       58            0.00     770.3s  ok  ETA:17m32s
   181/192  C12     c208_21       2      300,090    105       64  279508079428.01    1100.6s  ok  ETA:16m22s
   182/192  C12     c208_21       1      300,090    105       60  229680550028.69    1164.7s  ok  ETA:14m50s
   183/192  C12     c208_21       4      300,090    105       58  254617171354.52    1065.6s  ok  ETA:13m20s
   184/192  C12     r106_21       1      300,090    105       69            0.00     678.2s  ok  ETA:11m49s
   185/192  C12     c208_21       3      300,090    105       60  257894074615.15    1105.5s  ok  ETA:10m17s
   186/192  C12     r106_21       2      300,090    105       59            0.00     658.9s  ok  ETA:8m46s
   187/192  C12     r106_21       3      300,090    105       64            0.00     682.3s  ok  ETA:7m17s
   188/192  C12     r106_21       4      300,090    105       65            0.00     666.3s  ok  ETA:5m48s
   189/192  C12     r201_21       1      300,090    105       64            0.00     789.7s  ok  ETA:4m22s
   190/192  C12     r201_21       2      300,090    105       62            0.00     815.1s  ok  ETA:2m54s
   191/192  C12     r201_21       3      300,090    105       60            0.00     617.5s  ok  ETA:1m27s
   192/192  C12     r201_21       4      300,090    105       61            0.00     674.4s  ok  ETA:0m00s

────────────────────────────────────────────────────────────────────────
  Concluído em 4h 41m 12s  |  Erros: 0/192

════════════════════════════════════════════════════════════════════════
ANÁLISE FINAL — MOEA/D TUNING
════════════════════════════════════════════════════════════════════════
  Runs completos : 192 / 192

  ────────────────────────────────────────────────────────────────────────
  Instância: c101_21   ref_point=[3.74000000e+01 4.69726590e+03 4.05508677e+04]
  ────────────────────────────────────────────────────────────────────────
  Config  Label                   n_n   prob   Decomp                HV_med      HV_IQR   Únicos   BestF1      BestF3
  ───────────────────────────────────────────────────────────────────────────────────────────────────────────────────
  C11     n5+WS                   5     0.9    weighted-sum   1308905527.14  36550452.45     48.5     18.0     3725.85  #1(+435.3%%)
  C9      WeightedSum             10    0.9    weighted-sum   1221643789.55  243423113.26     35.5     17.5     4524.43  #2(+399.6%%)
  C8      PBI(5)                  10    0.9    pbi             315459459.54  78321525.11     29.0     29.5     3355.07  #3(+29.0%%)
  C6      prob=0.7                10    0.7    tchebycheff     306785522.73  161723056.89     24.5     30.0     4510.47  #4(+25.5%%)
  C7      prob=0.5                10    0.5    tchebycheff     287285793.75  217806791.09     22.5     30.0     4310.91  #5(+17.5%%)
  C12     extremo(n3+p0.5+PBI)    3     0.5    pbi             259611641.00  24785957.76     55.0     30.5     3677.02  #6(+6.2%%)
  C5      n_neigh=3               3     0.9    tchebycheff     255659761.33  27567009.78     56.5     30.5     3269.83  #7(+4.6%%)
  C4      n_neigh=5               5     0.9    tchebycheff     247439133.15  35281090.19     44.0     30.0     3313.99  #8(+1.2%%)
  C3      n_neigh=10              10    0.9    tchebycheff     246631662.17  88222810.66     28.5     31.0     4411.11  #9(+0.9%%)
  C1      canônica                20    0.9    tchebycheff     244524634.85  58449726.56     21.5     30.0     5065.24  #10(+0.0%%)
  C10     n5+p0.7+PBI             5     0.7    pbi             228058643.27  96925071.95     44.0     31.5     3092.80  #11(-6.7%%)
  C2      n_neigh=15              15    0.9    tchebycheff     202562576.82  34545773.23     23.0     31.5     4240.43  #12(-17.2%%)

  ────────────────────────────────────────────────────────────────────────
  Instância: c208_21   ref_point=[1.32000000e+01 4.26816766e+03 9.68127167e+04]
  ────────────────────────────────────────────────────────────────────────
  Config  Label                   n_n   prob   Decomp                HV_med      HV_IQR   Únicos   BestF1      BestF3
  ───────────────────────────────────────────────────────────────────────────────────────────────────────────────────
  C9      WeightedSum             10    0.9    weighted-sum   1234591000.81  329664993.58     36.0      6.0     2832.76  #1(+237.1%%)
  C11     n5+WS                   5     0.9    weighted-sum   1149596939.17  125638774.63     52.0      6.0     1825.84  #2(+213.9%%)
  C3      n_neigh=10              10    0.9    tchebycheff     367314912.13  285866168.99     39.5     10.0     3226.97  #3(+0.3%%)
  C1      canônica                20    0.9    tchebycheff     366272768.88  76137108.55     28.0     10.0     7600.56  #4(+0.0%%)
  C2      n_neigh=15              15    0.9    tchebycheff     265687043.39  241109172.79     30.5     10.5     5335.62  #5(-27.5%%)
  C4      n_neigh=5               5     0.9    tchebycheff     240891166.27  97990993.35     51.5     11.0     1816.13  #6(-34.2%%)
  C7      prob=0.5                10    0.5    tchebycheff     232776808.77  105940775.60     37.0     11.0     4288.55  #7(-36.4%%)
  C10     n5+p0.7+PBI             5     0.7    pbi             232581903.93  42107318.10     53.0     11.0     2016.36  #8(-36.5%%)
  C8      PBI(5)                  10    0.9    pbi             220778923.57  49554028.74     36.5     11.0     3166.43  #9(-39.7%%)
  C6      prob=0.7                10    0.7    tchebycheff     203371958.32  130386130.88     37.0     11.5     4034.36  #10(-44.5%%)
  C12     extremo(n3+p0.5+PBI)    3     0.5    pbi             184375218.70  169429813.49     60.0     11.5      871.07  #11(-49.7%%)
  C5      n_neigh=3               3     0.9    tchebycheff     178908690.62  58786262.93     60.5     11.0     1388.76  #12(-51.2%%)

  ────────────────────────────────────────────────────────────────────────
  Instância: r106_21   ref_point=[  44.         3788.81881985 2656.66137775]
  ────────────────────────────────────────────────────────────────────────
  Config  Label                   n_n   prob   Decomp                HV_med      HV_IQR   Únicos   BestF1      BestF3
  ───────────────────────────────────────────────────────────────────────────────────────────────────────────────────
  C11     n5+WS                   5     0.9    weighted-sum    110199411.41  7904017.41     56.5     19.5       23.03  #1(+120.8%%)
  C9      WeightedSum             10    0.9    weighted-sum    107585084.90  5825769.94     49.0     19.5       15.75  #2(+115.6%%)
  C5      n_neigh=3               3     0.9    tchebycheff      62446797.71  1269234.14     65.0     27.0      107.07  #3(+25.1%%)
  C4      n_neigh=5               5     0.9    tchebycheff      57545055.66  6821432.22     51.0     28.0       51.54  #4(+15.3%%)
  C7      prob=0.5                10    0.5    tchebycheff      53619485.98  8528308.29     39.5     28.5       66.93  #5(+7.4%%)
  C8      PBI(5)                  10    0.9    pbi              50414669.50  5209863.24     35.0     29.0       57.82  #6(+1.0%%)
  C12     extremo(n3+p0.5+PBI)    3     0.5    pbi              50064493.39  3576575.44     64.5     29.0      118.57  #7(+0.3%%)
  C1      canônica                20    0.9    tchebycheff      49911746.06  3885948.23     29.0     28.5      103.74  #8(+0.0%%)
  C3      n_neigh=10              10    0.9    tchebycheff      49847163.33  3105624.35     40.5     29.0       83.58  #9(-0.1%%)
  C6      prob=0.7                10    0.7    tchebycheff      48663508.56  8343580.63     33.5     29.5       78.74  #10(-2.5%%)
  C10     n5+p0.7+PBI             5     0.7    pbi              46294044.86  4001142.10     51.5     29.0      108.96  #11(-7.2%%)
  C2      n_neigh=15              15    0.9    tchebycheff      45917519.62  16748650.92     32.5     30.0       72.76  #12(-8.0%%)

  ────────────────────────────────────────────────────────────────────────
  Instância: r201_21   ref_point=[1.76000000e+01 3.59036648e+03 2.53279308e+04]
  ────────────────────────────────────────────────────────────────────────
  Config  Label                   n_n   prob   Decomp                HV_med      HV_IQR   Únicos   BestF1      BestF3
  ───────────────────────────────────────────────────────────────────────────────────────────────────────────────────
  C9      WeightedSum             10    0.9    weighted-sum    269662544.93  98468866.65     43.5      7.5      244.96  #1(+145.7%%)
  C11     n5+WS                   5     0.9    weighted-sum    268426052.72  58941143.59     53.5      7.5      173.78  #2(+144.6%%)
  C8      PBI(5)                  10    0.9    pbi             152282149.72  56884084.35     42.0     11.5      490.24  #3(+38.7%%)
  C2      n_neigh=15              15    0.9    tchebycheff     144988581.82  59290260.00     30.5     11.0      839.43  #4(+32.1%%)
  C12     extremo(n3+p0.5+PBI)    3     0.5    pbi             125555020.05  45451506.96     61.5     12.5      258.65  #5(+14.4%%)
  C3      n_neigh=10              10    0.9    tchebycheff     123018928.23  48917715.92     43.0     12.0      291.27  #6(+12.1%%)
  C7      prob=0.5                10    0.5    tchebycheff     121049964.94  17961361.20     35.5     13.0      275.48  #7(+10.3%%)
  C6      prob=0.7                10    0.7    tchebycheff     119096481.83  22896810.89     40.5     13.0      410.77  #8(+8.5%%)
  C5      n_neigh=3               3     0.9    tchebycheff     115428085.51  13945201.15     63.0     13.0      215.04  #9(+5.2%%)
  C10     n5+p0.7+PBI             5     0.7    pbi             112131018.84  17768566.67     48.0     12.0      193.19  #10(+2.2%%)
  C1      canônica                20    0.9    tchebycheff     109753551.89  52257211.78     27.0     13.0      950.05  #11(+0.0%%)
  C4      n_neigh=5               5     0.9    tchebycheff     105581045.56  21292778.31     52.0     13.0      323.14  #12(-3.8%%)

  ════════════════════════════════════════════════════════════════════════
  RANKING GLOBAL (por HV mediano — menor rank = melhor)
  ────────────────────────────────────────────────────────────────────────
  Config  Label                    Rank médio  Ranks por instância
  ────────────────────────────────────────────────────────────
  C9      WeightedSum                    1.50  [2, 1, 2, 1]
  C11     n5+WS                          1.50  [1, 2, 1, 2]
  C8      PBI(5)                         5.25  [3, 9, 6, 3]
  C7      prob=0.5                       6.00  [5, 7, 5, 7]
  C3      n_neigh=10                     6.75  [9, 3, 9, 6]
  C12     extremo(n3+p0.5+PBI)           7.25  [6, 11, 7, 5]
  C4      n_neigh=5                      7.50  [8, 6, 4, 12]
  C5      n_neigh=3                      7.75  [7, 12, 3, 9]
  C6      prob=0.7                       8.00  [4, 10, 10, 8]
  C1      canônica                       8.25  [10, 4, 8, 11]
  C2      n_neigh=15                     8.25  [12, 5, 12, 4]
  C10     n5+p0.7+PBI                   10.00  [11, 8, 11, 10]

  ★ MELHOR CONFIGURAÇÃO GLOBAL: C9  n_neighbors=10, prob=0.9, decomp=weighted-sum

  CSV análise : /home/rafael/MOEA_EVRP_TCC/results/moead_tuning_20260411_014221/moead_tuning_analysis.csv
  Relatório   : /home/rafael/MOEA_EVRP_TCC/results/moead_tuning_20260411_014221/moead_tuning_report.md
════════════════════════════════════════════════════════════════════════

