========================================================================
EXPERIMENTO PILOTO — EVRPTW TRI-OBJETIVO
========================================================================
  Modo        : PILOTO COMPLETO
  Algoritmos  : ['nsga2', 'moead_ws', 'smsemoa']
  Instâncias  : ['c101_21', 'c104_21', 'r110_21', 'r201_21']
  Runs/combo  : 10  |  N_evals: 850,000
  Total tasks : 120
  Workers     : 10
  ETA estim.  : ~34.0h  (170 min/run est.)
  git commit  : 41f34bd
  Resultados  : /home/rafael/MOEA_EVRP_TCC/results/pilot_20260413_010716
========================================================================

  Verifique o espaço em disco antes de prosseguir.
  Estimativa de uso: ~2–3 GB (10–20 MB/pickle × 120)

  Tasks restantes: 120 / 120  (embaralhadas, seed=42)

────────────────────────────────────────────────────────────────────────
      #  Alg         Instância     Run    Feas   Pareto        HV_quick   BestF1     Tempo  Status
────────────────────────────────────────────────────────────────────────
      1/120  smsemoa     c101_21       8       105      100     70319452.26     13.0   1455.8s  ok  ETA:48h08m
      2/120  smsemoa     r110_21       10      105       48      4197171.15     15.0   1494.9s  ok  ETA:24h30m
      3/120  smsemoa     c101_21       5       105       64    182638574.70     15.0   1508.2s  ok  ETA:16h20m
      4/120  nsga2       c101_21       10      105       80    120750601.41     13.0   1532.9s  ok  ETA:12h21m
      5/120  smsemoa     c104_21       4       105       88     21350847.89     11.0   1783.4s  ok  ETA:11h23m
      6/120  smsemoa     c104_21       3       105       71     24899684.50     11.0   1795.1s  ok  ETA:9h28m
      7/120  smsemoa     c104_21       7       105       58     26836799.50     11.0   1795.2s  ok  ETA:8h03m
      8/120  smsemoa     c104_21       6       105       76     11375395.54     11.0   1836.4s  ok  ETA:7h08m
      9/120  nsga2       r201_21       1       105      105    164811904.45      6.0   1999.1s  ok  ETA:6h51m
     10/120  smsemoa     r201_21       5       105      103     34117515.65      5.0   2181.4s  ok  ETA:6h40m
     11/120  smsemoa     c101_21       9       105       96     58645911.24     15.0   1495.3s  ok  ETA:8h16m
     12/120  smsemoa     c101_21       3       105       81     93255380.32     15.0   1454.2s  ok  ETA:8h07m
     13/120  moead_ws    c101_21       8       105       95    639654218.44     17.0   2142.5s  ok  ETA:8h13m
     14/120  nsga2       c104_21       7       105       69     23274922.31     11.0   1822.1s  ok  ETA:7h35m
     15/120  smsemoa     c104_21       8       105       72     17165630.70     10.0   1807.4s  ok  ETA:7h05m
     16/120  nsga2       r201_21       3       105      103    101967653.94      5.0   2119.1s  ok  ETA:6h35m
     17/120  moead_ws    r110_21       3       105       71      1443290.59     14.0   1900.3s  ok  ETA:6h13m
     18/120  moead_ws    r201_21       10      105       65     52097180.02      7.0   2315.3s  ok  ETA:5h59m
     19/120  moead_ws    r110_21       9       105       82      9443635.02     16.0   1912.7s  ok  ETA:6h02m
     20/120  moead_ws    c104_21       2       105       41     17327898.86     13.0   2312.1s  ok  ETA:5h59m
     21/120  nsga2       c101_21       9       105      102    175746170.78     14.0   1465.6s  ok  ETA:5h51m
     22/120  nsga2       c101_21       8       105      103    154699102.66     15.0   1462.7s  ok  ETA:6h19m
     23/120  smsemoa     r110_21       9       105       65      1324981.94     15.0   1507.4s  ok  ETA:5h59m
     24/120  nsga2       c101_21       2       105       78    104596334.25     14.0   1465.5s  ok  ETA:5h41m
     25/120  moead_ws    r110_21       2       105       70      8003508.98     15.0   1887.7s  ok  ETA:5h25m
     26/120  smsemoa     c104_21       9       105       54      5264593.52     11.0   1777.0s  ok  ETA:5h23m
     27/120  nsga2       r110_21       7       105       90      6631921.11     14.0   1499.4s  ok  ETA:5h21m
     28/120  smsemoa     c101_21       1       105       87     72190578.23     15.0   1471.0s  ok  ETA:5h16m
     29/120  nsga2       r110_21       2       105       99      7477455.13     14.0   1507.3s  ok  ETA:5h12m
     30/120  moead_ws    r201_21       9       105       73     71197034.93      8.0   2591.2s  ok  ETA:5h14m
     31/120  moead_ws    r201_21       1       105       87    117030536.73      7.0   2530.6s  ok  ETA:5h03m
     32/120  moead_ws    r110_21       7       105       50      9839606.48     15.0   1896.7s  ok  ETA:5h22m
     33/120  moead_ws    c101_21       2       105       49    167271762.90     16.0   2029.5s  ok  ETA:5h13m
     34/120  nsga2       r201_21       10      105      105    300832849.16      5.0   2002.4s  ok  ETA:5h11m
     35/120  moead_ws    c104_21       3       105       67     39236445.18     11.0   2278.5s  ok  ETA:4h58m
     36/120  moead_ws    c104_21       1       105       84     19110900.59     11.0   2298.4s  ok  ETA:4h48m
     37/120  moead_ws    r110_21       8       105       49      3124628.40     15.0   1893.1s  ok  ETA:4h39m
     38/120  moead_ws    r110_21       1       105       64      4438261.89     16.0   1844.1s  ok  ETA:4h41m
     39/120  nsga2       r201_21       5       105      105    139329210.59      5.0   2086.4s  ok  ETA:4h32m
     40/120  nsga2       r201_21       9       105      105    186445776.77      5.0   2114.0s  ok  ETA:4h40m
     41/120  moead_ws    c104_21       10      105       45     81515030.93     12.0   2297.0s  ok  ETA:4h37m
     42/120  nsga2       r110_21       3       105       63      3454072.69     15.0   1483.3s  ok  ETA:4h34m
     43/120  nsga2       r110_21       4       105       46      1166853.91     14.0   1505.8s  ok  ETA:4h28m
     44/120  moead_ws    r110_21       4       105       64      6699688.70     16.0   1917.0s  ok  ETA:4h27m
     45/120  moead_ws    r110_21       6       105       75      3766289.67     16.0   1899.7s  ok  ETA:4h18m
     46/120  moead_ws    c104_21       6       105       84    131995000.11     12.0   2284.7s  ok  ETA:4h09m
     47/120  smsemoa     c104_21       10      105       88     14446352.35     11.0   1732.2s  ok  ETA:4h08m
     48/120  moead_ws    r201_21       7       105       72     85898066.59      7.0   2486.6s  ok  ETA:4h00m
     49/120  moead_ws    c101_21       1       105       64    150637324.67     17.0   1996.1s  ok  ETA:3h57m
     50/120  nsga2       r110_21       5       105       72      4308326.03     15.0   1480.3s  ok  ETA:3h56m
     51/120  nsga2       c101_21       7       105      105     63036466.04     13.0   1518.0s  ok  ETA:3h54m
     52/120  smsemoa     r201_21       3       105      105     47337221.73      5.0   2170.1s  ok  ETA:3h50m
     53/120  smsemoa     c104_21       1       105      105     19010459.56     11.0   1819.7s  ok  ETA:3h54m
     54/120  nsga2       c104_21       9       105       75     30347883.03     11.0   1836.8s  ok  ETA:3h47m
     55/120  moead_ws    c104_21       7       105       21      1342024.35     13.0   2218.6s  ok  ETA:3h40m
     56/120  nsga2       c101_21       3       105       71    182587961.53     15.0   1461.4s  ok  ETA:3h34m
     57/120  moead_ws    c101_21       10      105       84    227758088.77     17.0   1984.8s  ok  ETA:3h28m
     58/120  smsemoa     r110_21       4       105       42       638575.59     15.0   1492.1s  ok  ETA:3h26m
     59/120  moead_ws    c101_21       3       105       31     72473353.66     17.0   2051.4s  ok  ETA:3h21m
     60/120  smsemoa     r201_21       9       105      105    264758762.96      5.0   2213.2s  ok  ETA:3h16m
     61/120  moead_ws    r201_21       3       105       39    109198606.54      7.0   2277.7s  ok  ETA:3h24m
     62/120  nsga2       c104_21       1       105       95     59786689.49     10.0   1805.5s  ok  ETA:3h24m
     63/120  nsga2       r201_21       7       105      105    178329586.51      6.0   2023.2s  ok  ETA:3h18m
     64/120  moead_ws    c101_21       7       105       98    473359901.08     18.0   2134.9s  ok  ETA:3h13m
     65/120  nsga2       c101_21       6       105       92    183746930.13     14.0   1506.8s  ok  ETA:3h07m
     66/120  moead_ws    r201_21       4       105       49     24546266.44      7.0   2775.5s  ok  ETA:3h01m
     67/120  nsga2       r201_21       8       105      104     75011538.46      4.0   2152.0s  ok  ETA:2h56m
     68/120  nsga2       c104_21       6       105       79     39081363.25     11.0   1842.1s  ok  ETA:2h51m
     69/120  moead_ws    r201_21       5       105       65     90462491.55      7.0   2557.9s  ok  ETA:2h50m
     70/120  moead_ws    c104_21       9       105       29     85614817.65     12.0   2236.9s  ok  ETA:2h45m
     71/120  nsga2       r201_21       4       105      100     70848218.21      5.0   2192.0s  ok  ETA:2h50m
     72/120  smsemoa     r110_21       2       105       42      3217470.88     14.0   1528.3s  ok  ETA:2h45m
     73/120  moead_ws    c101_21       5       105       72    487563129.09     17.0   1972.7s  ok  ETA:2h41m
     74/120  nsga2       c104_21       3       105       85     40232762.58     10.0   1857.5s  ok  ETA:2h36m
     75/120  moead_ws    c101_21       6       105       36     96867729.12     16.0   2009.4s  ok  ETA:2h31m
     76/120  moead_ws    c101_21       9       105       95    208730739.05     17.0   2017.5s  ok  ETA:2h28m
     77/120  smsemoa     r110_21       1       105       86      4198753.25     15.0   1480.8s  ok  ETA:2h22m
     78/120  smsemoa     r201_21       1       105      105    159451811.18      5.0   2208.6s  ok  ETA:2h19m
     79/120  smsemoa     r201_21       10      105      105     30304288.47      6.0   2141.4s  ok  ETA:2h14m
     80/120  nsga2       c104_21       10      105       73     17516273.22     11.0   1882.4s  ok  ETA:2h11m
     81/120  smsemoa     c101_21       6       105       93     90598057.29     16.0   1484.1s  ok  ETA:2h11m
     82/120  smsemoa     r110_21       5       105       72      2644681.59     15.0   1520.9s  ok  ETA:2h08m
     83/120  nsga2       c101_21       1       105       91    240285652.06     13.0   1470.5s  ok  ETA:2h03m
     84/120  nsga2       r110_21       1       105       78      3405781.02     15.0   1497.2s  ok  ETA:1h58m
     85/120  smsemoa     r110_21       6       105       68      2836168.59     15.0   1513.9s  ok  ETA:1h55m
     86/120  moead_ws    c101_21       4       105       54    172059230.93     17.0   2037.3s  ok  ETA:1h51m
     87/120  smsemoa     r201_21       6       105      105     77712188.72      6.0   2071.2s  ok  ETA:1h50m
     88/120  smsemoa     r110_21       8       105       73      2191949.66     15.0   1491.0s  ok  ETA:1h48m
     89/120  smsemoa     r201_21       4       105      105    163421623.28      5.0   2260.7s  ok  ETA:1h43m
     90/120  moead_ws    c104_21       8       105       49     23916293.79     11.0   2286.5s  ok  ETA:1h39m
     91/120  smsemoa     c101_21       10      105       86     46728527.53     15.0   1469.2s  ok  ETA:1h35m
     92/120  moead_ws    c104_21       4       105       18     48978988.94     12.0   2254.3s  ok  ETA:1h31m
     93/120  smsemoa     c101_21       4       105      105    119244869.40     14.0   1467.4s  ok  ETA:1h27m
     94/120  nsga2       r110_21       6       105       53      3579770.02     15.0   1478.9s  ok  ETA:1h24m
     95/120  smsemoa     c104_21       2       105       97     14449827.81     11.0   1838.7s  ok  ETA:1h21m
     96/120  smsemoa     r110_21       3       105       94      2333675.33     14.0   1472.7s  ok  ETA:1h18m
     97/120  moead_ws    r201_21       2       105       51     64232149.64      6.0   2412.0s  ok  ETA:1h16m
     98/120  nsga2       r110_21       10      105       69      3667139.80     16.0   1505.9s  ok  ETA:1h12m
     99/120  nsga2       r110_21       8       105      103      2571021.66     15.0   1481.8s  ok  ETA:1h09m
    100/120  smsemoa     r110_21       7       105       79      5864123.74     15.0   1499.9s  ok  ETA:1h05m
    101/120  moead_ws    r110_21       5       105       72      4055540.98     15.0   1853.0s  ok  ETA:1h01m
    102/120  nsga2       c101_21       5       105       93    243799714.37     15.0   1515.9s  ok  ETA:0h58m
    103/120  smsemoa     r201_21       8       105      105     45509669.91      6.0   2078.2s  ok  ETA:0h55m
    104/120  moead_ws    r201_21       8       105       50    123500700.62      8.0   2409.1s  ok  ETA:0h51m
    105/120  moead_ws    c104_21       5       105       46     87016994.85     11.0   2253.4s  ok  ETA:0h49m
    106/120  smsemoa     c101_21       7       105      105     33695915.59     15.0   1445.5s  ok  ETA:0h46m
    107/120  nsga2       c104_21       2       105       96     22834067.32     11.0   1803.7s  ok  ETA:0h42m
    108/120  moead_ws    r110_21       10      105       71      2926074.86     16.0   1912.0s  ok  ETA:0h39m
    109/120  moead_ws    r201_21       6       105       30     70694293.66      6.0   2486.2s  ok  ETA:0h35m
    110/120  nsga2       c104_21       4       105       75     18977425.43     11.0   1864.9s  ok  ETA:0h32m
    111/120  smsemoa     r201_21       2       105      102    153684739.88      5.0   2068.1s  ok  ETA:0h29m
    112/120  nsga2       r110_21       9       105       61      3657341.45     14.0   1502.5s  ok  ETA:0h25m
    113/120  smsemoa     r201_21       7       105      105     88270968.87      5.0   2091.5s  ok  ETA:0h22m
    114/120  nsga2       c104_21       8       105       79     36081039.17     11.0   1773.9s  ok  ETA:0h19m
    115/120  nsga2       c101_21       4       105       81    290575854.24     14.0   1365.3s  ok  ETA:0h16m
    116/120  nsga2       r201_21       2       105      104    288296023.63      4.0   1908.3s  ok  ETA:0h13m
    117/120  smsemoa     c104_21       5       105      100     11578708.72     11.0   1578.5s  ok  ETA:0h09m
    118/120  smsemoa     c101_21       2       105      101     84299305.34     14.0   1217.3s  ok  ETA:0h06m
    119/120  nsga2       r201_21       6       105      105    179221266.81      6.0   1820.6s  ok  ETA:0h03m
    120/120  nsga2       c104_21       5       105      103     27425605.80     11.0   1569.3s  ok  ETA:0h00m

────────────────────────────────────────────────────────────────────────
  Concluído em 6h 22m 18s  |  Erros: 0/120
  index.csv : /home/rafael/MOEA_EVRP_TCC/results/pilot_20260413_010716/index.csv

════════════════════════════════════════════════════════════════════════
ANÁLISE PÓS-HOC DO PILOTO
════════════════════════════════════════════════════════════════════════
  120 runs ok
  c101_21: ref_front=173 sols
  c104_21: ref_front=113 sols
  r110_21: ref_front=74 sols
  r201_21: ref_front=270 sols

  Vitórias HV  : nsga2=1, moead_ws=0, smsemoa=3
  Vitórias IGD+: nsga2=0, moead_ws=0, smsemoa=4
  pilot_quick_analysis.md → /home/rafael/MOEA_EVRP_TCC/results/pilot_20260413_010716/pilot_quick_analysis.md

════════════════════════════════════════════════════════════════════════
Piloto concluído.
════════════════════════════════════════════════════════════════════════

Próximos passos:
  Análise completa (IGD+, spacing, spread, hipóteses):
    python scripts/analyze_metrics.py --results-dir /home/rafael/MOEA_EVRP_TCC/results/pilot_20260413_010716
