nohup: ignorando entrada

====================================================================
  HYPERTUNING RANDOM SEARCH — EVRPTW TCC
====================================================================
  Modo       : --run
  Diretório  : /home/rafael/MOEA_EVRP_TCC/results/tuning_rs
====================================================================

====================================================================
  TUNING RS — machine 3
====================================================================
  Total tasks desta máquina : 225
  Pendentes                 : 225
  Already done              : 0
  n_evals por run           : 400,000
  Workers                   : 10
  ETA estimado              : ~7.1h
  Saída                     : /home/rafael/MOEA_EVRP_TCC/results/tuning_rs/machine3
====================================================================

       #  Alg         Inst         Cfg   Feas    ND        HV_local    Tempo  Status
  ------  ----------  ----------  ----  -----  ----  --------------  -------  --------------------
       1/225  nsga2       r101_21       42    105   105        22292915     608s  ok  ETA:37h52m
       2/225  nsga2       r101_21        7    105   105        13811045     635s  ok  ETA:19h40m
       3/225  smsemoa     rc101_21      18    105   105        11838999     639s  ok  ETA:13h09m
       4/225  nsga2       rc101_21      41    105   105        14648907     675s  ok  ETA:10h21m
       5/225  nsga2       c101_21        7    105   105        85103255     726s  ok  ETA:8h52m
       6/225  moead_ws    rc201_21       6    105   102        72575033     997s  ok  ETA:10h06m
       7/225  nsga2       c201_21        2    105   105        67232221    1154s  ok  ETA:9h58m
       8/225  smsemoa     c201_21        6    105   105       154280592    1217s  ok  ETA:9h10m
       9/225  nsga2       c201_21       22    105   105        57119813    1235s  ok  ETA:8h14m
      10/225  smsemoa     rc201_21      28    105   105        44003336    1413s  ok  ETA:8h26m
      11/225  moead_ws    rc101_21      17    105   103        22056690     863s  ok  ETA:7h57m
      12/225  smsemoa     c101_21        5    105   105       125294223    1028s  ok  ETA:8h13m
      13/225  moead_ws    c101_21        4    105   104       202724376     998s  ok  ETA:7h34m
      14/225  moead_ws    c101_21       34    105   105        72275320     982s  ok  ETA:7h09m
      15/225  moead_ws    c101_21       31    105    97         7541337    1125s  ok  ETA:6h50m
      16/225  nsga2       c101_21       26    105   105       128084723     840s  ok  ETA:7h28m
      17/225  moead_ws    rc201_21      13    105   105        29304816     973s  ok  ETA:7h13m
      18/225  nsga2       r201_21       48    105   105        23496084    1488s  ok  ETA:7h56m
      19/225  smsemoa     r201_21       39    105   105        55697415    1263s  ok  ETA:7h31m
      20/225  moead_ws    r101_21       24    105   105          835931     826s  ok  ETA:7h12m
      21/225  moead_ws    rc101_21      38    105   105        20332227     784s  ok  ETA:6h52m
      22/225  nsga2       rc201_21      22    105   105        48350664    1183s  ok  ETA:6h39m
      23/225  smsemoa     c201_21       19    105   105       165507740    1465s  ok  ETA:7h39m
      24/225  smsemoa     rc201_21      12    105   105        20552870    1692s  ok  ETA:7h21m
      25/225  moead_ws    r201_21        5    105    90         6554175    1544s  ok  ETA:7h08m
      26/225  nsga2       r101_21       20    105   105        21008352     789s  ok  ETA:6h57m
      27/225  moead_ws    r101_21       37    105    91         4350307     742s  ok  ETA:6h40m
      28/225  moead_ws    rc201_21       5    105   102        51994811    1198s  ok  ETA:6h29m
      29/225  moead_ws    rc101_21      10    105   105          142703     862s  ok  ETA:6h18m
      30/225  nsga2       c101_21       21    105   105       148503957     782s  ok  ETA:6h06m
      31/225  smsemoa     rc201_21      38    105   105        30363227    1608s  ok  ETA:6h22m
      32/225  smsemoa     r101_21        1    105   105        11613032     609s  ok  ETA:6h23m
      33/225  moead_ws    c201_21       35    105   105       144024943    1293s  ok  ETA:6h12m
      34/225  nsga2       rc101_21      46    105   105        12673106     838s  ok  ETA:6h14m
      35/225  smsemoa     c101_21       44    105   105        89523106     845s  ok  ETA:6h12m
      36/225  moead_ws    c101_21        7    105   105        53631695     929s  ok  ETA:6h08m
      37/225  nsga2       rc101_21      28    105   105        22101891     642s  ok  ETA:6h04m
      38/225  nsga2       rc201_21      18    105   105        34163202    1022s  ok  ETA:5h59m
      39/225  moead_ws    rc201_21      17    105   105        24045823    1271s  ok  ETA:5h50m
      40/225  smsemoa     c101_21       22    105   105        41269727     724s  ok  ETA:5h50m
      41/225  smsemoa     rc201_21      19    105   105        22512135    1296s  ok  ETA:5h45m
      42/225  moead_ws    c201_21       17    105   104       195622280    1282s  ok  ETA:5h38m
      43/225  moead_ws    r101_21       10    105   105          198430     846s  ok  ETA:5h30m
      44/225  moead_ws    r101_21       20    105   100        11886832     758s  ok  ETA:5h26m
      45/225  smsemoa     rc101_21       5    105   105        25663516     924s  ok  ETA:5h41m
      46/225  nsga2       rc101_21      23    105   105        26349104     643s  ok  ETA:5h44m
      47/225  smsemoa     c101_21        2    105   105       154084609     825s  ok  ETA:5h38m
      48/225  smsemoa     r101_21        9    105   105        13030215     665s  ok  ETA:5h33m
      49/225  moead_ws    r101_21       18    105    91          967164     861s  ok  ETA:5h32m
      50/225  moead_ws    r201_21       14    105   104        18161273    1454s  ok  ETA:5h25m
      51/225  smsemoa     r201_21       49    105   105        18233914    1241s  ok  ETA:5h19m
      52/225  smsemoa     c201_21       22    105   105       114365424    1309s  ok  ETA:5h17m
      53/225  nsga2       r101_21       28    105   105        34085133     636s  ok  ETA:5h11m
      54/225  moead_ws    r201_21       24    105   104        15945925    1514s  ok  ETA:5h07m
      55/225  smsemoa     r201_21       11    105   105         5138442    1579s  ok  ETA:5h19m
      56/225  moead_ws    c101_21        5    105    91       190936417     899s  ok  ETA:5h24m
      57/225  nsga2       rc201_21      31    105   105        71459037    1055s  ok  ETA:5h18m
      58/225  moead_ws    rc101_21      21    105    91          694380     808s  ok  ETA:5h13m
      59/225  smsemoa     rc101_21      29    105   105        24899819     770s  ok  ETA:5h06m
      60/225  smsemoa     r201_21        3    105   105        14157472    1251s  ok  ETA:5h00m
      61/225  nsga2       rc101_21      50    105   105        44096806     826s  ok  ETA:4h57m
      62/225  moead_ws    c201_21       30    105    84         2794901    1291s  ok  ETA:5h00m
      63/225  nsga2       c101_21       47    105   105        97385346     732s  ok  ETA:4h57m
      64/225  moead_ws    rc101_21      49    105   102          255744     794s  ok  ETA:5h05m
      65/225  nsga2       r101_21       30    105   105        24585944     855s  ok  ETA:5h04m
      66/225  smsemoa     r101_21        5    104   104        24989644     975s  ok  ETA:4h57m
      67/225  smsemoa     c101_21       18    105   105        38010920     774s  ok  ETA:4h51m
      68/225  nsga2       r101_21        2    105   105        17964609     620s  ok  ETA:4h48m
      69/225  smsemoa     r201_21       27    105   105        10800277    1862s  ok  ETA:4h42m
      70/225  nsga2       c201_21       43    105   105       107713084    2199s  ok  ETA:4h39m
      71/225  smsemoa     rc101_21      15    105   105        16471460    1163s  ok  ETA:4h38m
      72/225  nsga2       rc101_21      34    105   105        13868885     640s  ok  ETA:4h47m
      73/225  nsga2       c101_21       35    105   105       153017345    1598s  ok  ETA:4h41m
      74/225  moead_ws    rc101_21      16    105   100         6608668     758s  ok  ETA:4h38m
      75/225  nsga2       c201_21       49    105   105       122565502    1330s  ok  ETA:4h35m
      76/225  moead_ws    rc101_21      43    105   102         1631019     799s  ok  ETA:4h30m
      77/225  moead_ws    rc101_21       2    105   103          898506     833s  ok  ETA:4h29m
      78/225  moead_ws    rc201_21      40    105    92        60684894    1135s  ok  ETA:4h24m
      79/225  nsga2       rc101_21       7    105   105        59335999     641s  ok  ETA:4h30m
      80/225  moead_ws    r201_21       34    105   105        14328513    1474s  ok  ETA:4h28m
      81/225  moead_ws    r201_21       28    105   105        13864117    1486s  ok  ETA:4h23m
      82/225  moead_ws    rc201_21      18    105   105         4258518    1214s  ok  ETA:4h19m
      83/225  smsemoa     r101_21       32    105   105        24553669     766s  ok  ETA:4h17m
      84/225  moead_ws    r101_21       47    105   105         8999453     768s  ok  ETA:4h13m
      85/225  moead_ws    c101_21       35    105   105        82942376     942s  ok  ETA:4h08m
      86/225  moead_ws    r101_21       12    105   105          250881     917s  ok  ETA:4h05m
      87/225  moead_ws    r101_21       15    105   105        11872130     767s  ok  ETA:4h02m
      88/225  moead_ws    r101_21       19    105   104        18739190     786s  ok  ETA:3h58m
      89/225  nsga2       r101_21       19    105   105        17759510     901s  ok  ETA:4h09m
      90/225  moead_ws    r101_21       17    105   105        23360523     814s  ok  ETA:4h06m
      91/225  moead_ws    r101_21       14    105    99         2818323     831s  ok  ETA:4h02m
      92/225  nsga2       c101_21       33    105   105       125415756     719s  ok  ETA:3h58m
      93/225  moead_ws    rc201_21       4    105   103        14468040    1213s  ok  ETA:3h59m
      94/225  moead_ws    rc201_21       8    105    99        43995009    1232s  ok  ETA:3h58m
      95/225  moead_ws    c201_21        9    105   105       344006801    1525s  ok  ETA:3h54m
      96/225  moead_ws    r201_21       18    105    92         1431393    1435s  ok  ETA:3h51m
      97/225  smsemoa     r201_21       20    105   105        62090438    1297s  ok  ETA:3h48m
      98/225  moead_ws    rc101_21      48    105   101        26931370     782s  ok  ETA:3h50m
      99/225  smsemoa     r201_21       24    105   105        35927293    1687s  ok  ETA:3h50m
     100/225  smsemoa     c101_21       38    105   105        53680753     986s  ok  ETA:3h47m
     101/225  smsemoa     c201_21       41    105   105        73822045    1160s  ok  ETA:3h44m
     102/225  smsemoa     r101_21        7    105   105        22190358     734s  ok  ETA:3h40m
     103/225  moead_ws    r101_21        4    105   104         4908448     834s  ok  ETA:3h39m
     104/225  smsemoa     rc201_21      43    103   103        26127530    1046s  ok  ETA:3h36m
     105/225  moead_ws    rc101_21       8    105   104        23830407     778s  ok  ETA:3h32m
     106/225  nsga2       rc201_21      33    105   105        49386775     976s  ok  ETA:3h31m
     107/225  nsga2       rc101_21      35    105   105        24017139    1517s  ok  ETA:3h29m
     108/225  nsga2       rc101_21      10    105   105        18053361     630s  ok  ETA:3h28m
     109/225  moead_ws    r101_21        8    105   102        25756645     775s  ok  ETA:3h28m
     110/225  smsemoa     r101_21       31    105   105        26409508     907s  ok  ETA:3h24m
     111/225  nsga2       rc101_21      47    105   105        18160757     661s  ok  ETA:3h22m
     112/225  moead_ws    rc101_21      12    105   102         1121067     940s  ok  ETA:3h20m
     113/225  nsga2       r201_21        6    105   105        47777797    1268s  ok  ETA:3h17m
     114/225  moead_ws    rc101_21      14    105   101         6183283     838s  ok  ETA:3h14m
     115/225  nsga2       r101_21        5    105   105        25586472     890s  ok  ETA:3h15m
     116/225  moead_ws    c101_21       12    105   105         4019428    1037s  ok  ETA:3h13m
     117/225  nsga2       c101_21       44    105   105        46517743     741s  ok  ETA:3h15m
     118/225  moead_ws    rc101_21      50    105    97         9173949     773s  ok  ETA:3h12m
     119/225  smsemoa     c201_21       28    105   105       140577342    1579s  ok  ETA:3h09m
     120/225  nsga2       r201_21       46    105   105        27520758    1286s  ok  ETA:3h06m
     121/225  nsga2       c201_21       39    105   105       168933191    1181s  ok  ETA:3h05m
     122/225  smsemoa     r101_21       29    105   105        32480087     749s  ok  ETA:3h04m
     123/225  moead_ws    rc101_21      36    105   102          858341     815s  ok  ETA:3h00m
     124/225  nsga2       rc201_21       8    105   105        72282022    1248s  ok  ETA:2h58m
     125/225  smsemoa     rc201_21      27    105   105        45698865    1371s  ok  ETA:2h56m
     126/225  smsemoa     rc101_21      41    105   105        35253941     644s  ok  ETA:2h56m
     127/225  nsga2       c101_21       40    105   105       124504631     744s  ok  ETA:2h53m
     128/225  moead_ws    c201_21       31    105   105         2364861    1726s  ok  ETA:2h50m
     129/225  nsga2       c101_21       42    105   105        84525261     699s  ok  ETA:2h51m
     130/225  nsga2       r201_21       22    105   105        17617093    1126s  ok  ETA:2h48m
     131/225  smsemoa     c201_21        7    105   105       121303468    1283s  ok  ETA:2h47m
     132/225  nsga2       r101_21       41    105   105        67933193     624s  ok  ETA:2h45m
     133/225  nsga2       c101_21       45    105   105       132466232     926s  ok  ETA:2h42m
     134/225  smsemoa     rc101_21      37    105   105        42108012     772s  ok  ETA:2h41m
     135/225  nsga2       r201_21       17    105   104        13472138    1196s  ok  ETA:2h38m
     136/225  smsemoa     rc201_21      40    105   105        27287740    1105s  ok  ETA:2h36m
     137/225  moead_ws    c201_21       14    105   104        12523400    1416s  ok  ETA:2h33m
     138/225  smsemoa     c101_21       32    105   105        84368340     898s  ok  ETA:2h31m
     139/225  nsga2       r101_21       18    105   105        20241386     653s  ok  ETA:2h28m
     140/225  smsemoa     rc201_21      24    105   105        45839037    1060s  ok  ETA:2h30m
     141/225  nsga2       c101_21       28    105   105       102233450     696s  ok  ETA:2h28m
     142/225  smsemoa     rc201_21      14    105   105        30871051    1079s  ok  ETA:2h27m
     143/225  moead_ws    r101_21       46    105   100         1463612     837s  ok  ETA:2h24m
     144/225  smsemoa     c201_21       10    105   105       159457535    1158s  ok  ETA:2h22m
     145/225  moead_ws    rc201_21      14    105   104        19300151    1282s  ok  ETA:2h21m
     146/225  smsemoa     c101_21       27    105   105        80863746    1091s  ok  ETA:2h19m
     147/225  nsga2       rc101_21      25    105   105        19838455     643s  ok  ETA:2h19m
     148/225  nsga2       r201_21       13    105   103        10591368    1467s  ok  ETA:2h16m
     149/225  smsemoa     c201_21       47    105   105        26953554    1452s  ok  ETA:2h14m
     150/225  moead_ws    r101_21        9    105   105         2159419     872s  ok  ETA:2h11m
     151/225  moead_ws    r201_21        8    105   105        24601576    1497s  ok  ETA:2h10m
     152/225  nsga2       c101_21       50    105   105       174573046     888s  ok  ETA:2h08m
     153/225  smsemoa     r101_21       38    105   105         8179721     849s  ok  ETA:2h06m
     154/225  smsemoa     r201_21       30    105   105        32314751    1411s  ok  ETA:2h05m
     155/225  moead_ws    r101_21       13    105   105          320634     887s  ok  ETA:2h03m
     156/225  smsemoa     rc101_21      10    105   105        34413033     696s  ok  ETA:2h01m
     157/225  smsemoa     r101_21       22    105   105        15292195     650s  ok  ETA:2h00m
     158/225  nsga2       c201_21       31    105   105       221620066    1116s  ok  ETA:1h59m
     159/225  moead_ws    r201_21       29    105   105         6598428    1533s  ok  ETA:1h57m
     160/225  smsemoa     rc101_21       4    105   105        19406577     665s  ok  ETA:1h54m
     161/225  moead_ws    c101_21       45    105   105       110608681    1013s  ok  ETA:1h52m
     162/225  smsemoa     c201_21       16    105   105        34585719    1376s  ok  ETA:1h51m
     163/225  nsga2       c201_21       19    105   105       136889768    1473s  ok  ETA:1h49m
     164/225  moead_ws    rc201_21      50    105   101        25266892    1056s  ok  ETA:1h48m
     165/225  moead_ws    c101_21        1    105   105       191540649     970s  ok  ETA:1h48m
     166/225  nsga2       c201_21       30    105   104       230402458    1460s  ok  ETA:1h46m
     167/225  moead_ws    rc201_21      38    105   105        10392693    1205s  ok  ETA:1h43m
     168/225  moead_ws    c101_21       36    105   105         2702289    1005s  ok  ETA:1h41m
     169/225  nsga2       c101_21        4    105   105       138930345     743s  ok  ETA:1h40m
     170/225  moead_ws    c101_21        2    105   105         2249911     975s  ok  ETA:1h38m
     171/225  nsga2       rc201_21      35    105   105        32498261    2320s  ok  ETA:1h36m
     172/225  moead_ws    r201_21       21    105    90          290157    1350s  ok  ETA:1h33m
     173/225  nsga2       rc201_21      27    105   105        36374607    1120s  ok  ETA:1h31m
     174/225  smsemoa     rc101_21      13    105   105        26842462    1640s  ok  ETA:1h30m
     175/225  moead_ws    rc101_21      34    105   102        10029235     795s  ok  ETA:1h29m
     176/225  moead_ws    c101_21       29    105   105       317184238     924s  ok  ETA:1h27m
     177/225  smsemoa     c101_21       45    105   105       164274684     698s  ok  ETA:1h25m
     178/225  moead_ws    rc101_21      26    105   103          209839     810s  ok  ETA:1h23m
     179/225  moead_ws    c201_21       40    105   105       170640889    1226s  ok  ETA:1h21m
     180/225  smsemoa     r101_21       20    105   105        17897734     640s  ok  ETA:1h20m
     181/225  moead_ws    r201_21        6    105   104        63591552    1155s  ok  ETA:1h18m
     182/225  nsga2       rc101_21       9    105   105        15215030     626s  ok  ETA:1h17m
     183/225  smsemoa     c201_21       31    105   105        88530989    1414s  ok  ETA:1h14m
     184/225  moead_ws    rc201_21      29    105    92        75035832     939s  ok  ETA:1h13m
     185/225  smsemoa     c101_21       17    105   105        64526409     768s  ok  ETA:1h11m
     186/225  nsga2       c201_21       35    105   105       426650932    1946s  ok  ETA:1h09m
     187/225  moead_ws    c201_21       12    105   100         4224113    1602s  ok  ETA:1h07m
     188/225  nsga2       rc101_21      32    105   105        19664856     634s  ok  ETA:1h05m
     189/225  nsga2       r201_21       45    105   105        35360255    1308s  ok  ETA:1h04m
     190/225  smsemoa     c101_21       15    105   105        41804937    1184s  ok  ETA:1h02m
     191/225  smsemoa     rc101_21      24    105   105        34307422     728s  ok  ETA:1h00m
     192/225  nsga2       rc201_21       1    105   105        61279767    1079s  ok  ETA:0h59m
     193/225  nsga2       r201_21       32    105   105        46966341    1166s  ok  ETA:0h57m
     194/225  moead_ws    c101_21       32    105   105         3020603    1121s  ok  ETA:0h55m
     195/225  smsemoa     rc201_21      10    105   105        25963846    1261s  ok  ETA:0h54m
     196/225  smsemoa     r201_21        7    105   105        16130623    1721s  ok  ETA:0h52m
     197/225  smsemoa     c201_21        1    105    92         6286990    1514s  ok  ETA:0h50m
     198/225  smsemoa     rc201_21      50    105   105        34721034    1259s  ok  ETA:0h48m
     199/225  nsga2       c201_21       47    105   105        77859084    1121s  ok  ETA:0h46m
     200/225  moead_ws    r101_21       43    105   101          555082     816s  ok  ETA:0h44m
     201/225  nsga2       rc201_21      11    105   105        50596846    1280s  ok  ETA:0h43m
     202/225  moead_ws    rc101_21       5    105    95         9073262     768s  ok  ETA:0h41m
     203/225  smsemoa     c201_21       30    105   103        15913388    1660s  ok  ETA:0h39m
     204/225  smsemoa     r201_21       13    105   105        26665983    2328s  ok  ETA:0h38m
     205/225  smsemoa     rc101_21      34    105   105        15326263     636s  ok  ETA:0h36m
     206/225  moead_ws    rc101_21       6    105    95         8782600     746s  ok  ETA:0h34m
     207/225  moead_ws    c201_21        7    105   105       207659427    1429s  ok  ETA:0h32m
     208/225  nsga2       r101_21       49    105   105        19656162     700s  ok  ETA:0h30m
     209/225  nsga2       r201_21       20    105   105        16132195    1614s  ok  ETA:0h28m
     210/225  moead_ws    rc201_21      37    105   105        48625588    1153s  ok  ETA:0h27m
     211/225  moead_ws    r201_21       23    105   104         4553883    1504s  ok  ETA:0h25m
     212/225  smsemoa     c101_21       23    105   105        53934411     806s  ok  ETA:0h23m
     213/225  smsemoa     r201_21       41    105   105        17997071    1073s  ok  ETA:0h21m
     214/225  smsemoa     c101_21       39    105   105       162964466     760s  ok  ETA:0h19m
     215/225  nsga2       rc201_21      23    105   105        39999958     957s  ok  ETA:0h18m
     216/225  moead_ws    c201_21       46    105    90         2536845    1264s  ok  ETA:0h16m
     217/225  moead_ws    rc201_21      32    105   104         3020262    1223s  ok  ETA:0h14m
     218/225  smsemoa     r101_21       37    105   105        29575784     720s  ok  ETA:0h12m
     219/225  nsga2       r201_21       33    105   105        18319697    1019s  ok  ETA:0h10m
     220/225  nsga2       rc201_21       7    105   105        92646839     897s  ok  ETA:0h09m
     221/225  smsemoa     c201_21       42    105   105        71204144    1195s  ok  ETA:0h07m
     222/225  smsemoa     rc101_21      38    105   105        26729339     810s  ok  ETA:0h05m
     223/225  nsga2       rc201_21      46    105   105        35760357    1129s  ok  ETA:0h03m
     224/225  nsga2       rc201_21      19    105   105        44874583    1173s  ok  ETA:0h01m
     225/225  moead_ws    r201_21        2    105   100          629453    1112s  ok  ETA:0h00m

  Concluído em 6h 45m 42s  |  Erros: 0/225
  index.csv → /home/rafael/MOEA_EVRP_TCC/results/tuning_rs/machine3/index.csv
