nohup: ignorando entrada

====================================================================
  HYPERTUNING RANDOM SEARCH — EVRPTW TCC
====================================================================
  Modo       : --run
  Diretório  : /home/rafael/MOEA_EVRP_TCC/results/tuning_rs_v2
====================================================================

====================================================================
  TUNING RS — machine 3
====================================================================
  Total tasks desta máquina : 175
  Pendentes                 : 175
  Already done              : 0
  n_evals por run           : 600,000
  Workers                   : 10
  ETA estimado              : ~8.2h
  Saída                     : /home/rafael/MOEA_EVRP_TCC/results/tuning_rs_v2/machine3
====================================================================

       #  Alg         Inst         Cfg   Feas    ND        HV_local    Tempo  Status
  ------  ----------  ----------  ----  -----  ----  --------------  -------  --------------------
/usr/lib/python3.14/multiprocessing/resource_tracker.py:396: UserWarning: resource_tracker: There appear to be 6 leaked semaphore objects to clean up at shutdown: {'/mp-mk9c91_g', '/mp-rr55holm', '/mp-dojm54p3', '/mp-qk6ow7ac', '/mp-lialnd0x', '/mp-czomixpw'}
  warnings.warn(
