
====================================================================
  HYPERTUNING RANDOM SEARCH — EVRPTW TCC
====================================================================
  Modo       : --run
  Diretório  : /home/rafael/MOEA_EVRP_TCC/results/tuning_rs_v2
====================================================================

====================================================================
  TUNING RS — machine 2
====================================================================
  Total tasks desta máquina : 388
  Pendentes                 : 388
  Already done              : 0
  n_evals por run           : 600,000
  Workers                   : 12
  ETA estimado              : ~15.2h
  Saída                     : /home/rafael/MOEA_EVRP_TCC/results/tuning_rs_v2/machine2
====================================================================

       #  Alg         Inst         Cfg   Feas    ND        HV_local    Tempo  Status
  ------  ----------  ----------  ----  -----  ----  --------------  -------  --------------------
       1/388  smsemoa     r101_21       70    105   105        25123629     452s  ok  ETA:48h37m
       2/388  nsga2       c101_21       12    105   105        87348820     489s  ok  ETA:26h14m
       3/388  nsga2       c101_21       93    105   105       122847325     507s  ok  ETA:18h05m
       4/388  nsga2       c101_21       70    105   105       143740681     509s  ok  ETA:13h34m
       5/388  nsga2       rc201_21      66    105   105       455631638     647s  ok  ETA:13h46m
       6/388  nsga2       rc201_21      50    105   105       451958765     666s  ok  ETA:11h46m
       7/388  nsga2       rc201_21      95    105   105       102622884     690s  ok  ETA:10h26m
       8/388  nsga2       rc201_21       9    105   105       157672221     690s  ok  ETA:9h06m
       9/388  moead_ws    c101_21       61    105    94         2995298     711s  ok  ETA:8h19m
      10/388  moead_ws    c101_21       62    105    60         1846458     724s  ok  ETA:7h36m
      11/388  nsga2       rc101_21      71    105   105        47745580     470s  ok  ETA:8h47m
      12/388  smsemoa     r101_21       31    105   105        17925045     479s  ok  ETA:8h25m
      13/388  smsemoa     c101_21       55    105   105       101895225     499s  ok  ETA:8h03m
      14/388  moead_ws    c201_21       71    105   104       321032616    1023s  ok  ETA:7h35m
      15/388  moead_ws    c201_21       29    105   103       212211281    1035s  ok  ETA:7h09m
      16/388  nsga2       rc101_21      70    105   105        35111105     463s  ok  ETA:7h17m
      17/388  nsga2       rc101_21      80    105   105        33788240     462s  ok  ETA:7h06m
      18/388  smsemoa     rc201_21      22    105   105       112370598     670s  ok  ETA:7h31m
      19/388  nsga2       rc201_21      10    105   105       322555902     653s  ok  ETA:7h14m
      20/388  smsemoa     c201_21       36    105   105       157569320     836s  ok  ETA:6h52m
      21/388  smsemoa     rc101_21      30    105   105        43539686     466s  ok  ETA:6h57m
      22/388  smsemoa     r201_21       28    105   105        74430913     734s  ok  ETA:6h44m
      23/388  smsemoa     c201_21       82    105   105        24750695     923s  ok  ETA:7h06m
      24/388  smsemoa     rc101_21      28    105   105        31894966     472s  ok  ETA:6h55m
      25/388  moead_ws    rc201_21      37    105   105        73008628     800s  ok  ETA:6h56m
      26/388  smsemoa     rc201_21      71    105   105        58385291     691s  ok  ETA:6h40m
      27/388  moead_ws    rc201_21      66    105   105        96979506     727s  ok  ETA:6h30m
      28/388  nsga2       r101_21       78    105   105        44229789     464s  ok  ETA:6h21m
      29/388  nsga2       rc101_21      25    105   105        63207078     467s  ok  ETA:6h13m
      30/388  moead_ws    r201_21       36    105    93        86580343     840s  ok  ETA:6h07m
      31/388  smsemoa     c101_21        2    105   105       102525116     505s  ok  ETA:6h17m
      32/388  moead_ws    c201_21       45    105    54      1098882244     877s  ok  ETA:6h11m
      33/388  nsga2       c101_21       40    105   105        84358909     502s  ok  ETA:6h19m
      34/388  moead_ws    rc201_21      99    105    96          297030     788s  ok  ETA:6h09m
      35/388  smsemoa     r101_21       14    105   105         8493707     462s  ok  ETA:6h07m
      36/388  smsemoa     r101_21       44    105   105        40899773     454s  ok  ETA:6h04m
      37/388  moead_ws    r201_21       45    105    46       136901999     877s  ok  ETA:6h05m
      38/388  moead_ws    rc101_21      87    105    93         1602472     565s  ok  ETA:6h10m
      39/388  moead_ws    r201_21       78    105    97        36139409     869s  ok  ETA:6h15m
      40/388  moead_ws    rc201_21      21    105   105           78734     841s  ok  ETA:6h15m
      41/388  smsemoa     r101_21       95    105   105        34634477     445s  ok  ETA:6h10m
      42/388  smsemoa     rc201_21      35    105    99        89665398     672s  ok  ETA:6h01m
      43/388  nsga2       c201_21       80    105   105       145329274    1001s  ok  ETA:6h04m
      44/388  nsga2       c201_21        1    105   105       193453709     964s  ok  ETA:6h01m
      45/388  smsemoa     r201_21       76    105   105        44719673     797s  ok  ETA:5h55m
      46/388  nsga2       r201_21       20    105   105        63474094     789s  ok  ETA:5h59m
      47/388  moead_ws    rc101_21       8    105    99        89479896     559s  ok  ETA:5h59m
      48/388  nsga2       rc201_21      69    105   105       218710124     670s  ok  ETA:5h52m
      49/388  smsemoa     r201_21       13    105   105        30513992     875s  ok  ETA:5h46m
      50/388  nsga2       r201_21       92    105   105       283805907     788s  ok  ETA:5h40m
      51/388  smsemoa     r101_21       10    105   105        28114326     473s  ok  ETA:5h37m
      52/388  moead_ws    r101_21       97    105   105          968682     589s  ok  ETA:5h34m
      53/388  nsga2       rc101_21      76    105   105        65570013     479s  ok  ETA:5h27m
      54/388  smsemoa     c101_21       52    105   105       150027337     510s  ok  ETA:5h24m
      55/388  smsemoa     c101_21       54    105   105        48741752     492s  ok  ETA:5h24m
      56/388  moead_ws    r101_21       16    105   100         4548950     594s  ok  ETA:5h35m
      57/388  nsga2       c101_21       33    105   105        86333993     506s  ok  ETA:5h39m
      58/388  nsga2       rc101_21      45    105   105        28203483     464s  ok  ETA:5h34m
      59/388  nsga2       r101_21        1    105   105        29647090     469s  ok  ETA:5h32m
      60/388  nsga2       c201_21       81    105   105       103766687     844s  ok  ETA:5h29m
      61/388  nsga2       c201_21       65    105    81        47638988     809s  ok  ETA:5h31m
      62/388  smsemoa     r201_21       75    105   105        50322109     746s  ok  ETA:5h30m
      63/388  smsemoa     c201_21       12    105   105        87971541     872s  ok  ETA:5h31m
      64/388  smsemoa     r101_21       81    105   105        26903368     464s  ok  ETA:5h25m
      65/388  nsga2       r201_21       29    105   105       135819702     761s  ok  ETA:5h20m
      66/388  moead_ws    c201_21       54    105    95       558194111     922s  ok  ETA:5h16m
      67/388  nsga2       rc201_21      56    105   105        38818655     754s  ok  ETA:5h17m
      68/388  smsemoa     rc101_21      26    105   105        26186548     471s  ok  ETA:5h12m
      69/388  smsemoa     c201_21       55    105   105       114392843     859s  ok  ETA:5h08m
      70/388  moead_ws    rc101_21      40    105    95        86126881     588s  ok  ETA:5h18m
      71/388  smsemoa     r101_21       57    105   105        20655405     450s  ok  ETA:5h13m
      72/388  moead_ws    rc201_21      36    105    91        29560826     722s  ok  ETA:5h10m
      73/388  smsemoa     rc201_21      40    105   105        52827048     709s  ok  ETA:5h08m
      74/388  smsemoa     r101_21       37    105   105        11491719     464s  ok  ETA:5h05m
      75/388  nsga2       r101_21       74    105   105        33043054     476s  ok  ETA:5h01m
      76/388  nsga2       c101_21       36    105   105       212702677     506s  ok  ETA:4h59m
      77/388  moead_ws    c101_21       83    105    90         2866721     721s  ok  ETA:5h10m
      78/388  nsga2       rc201_21      49    105   105       343397001     647s  ok  ETA:5h06m
      79/388  nsga2       c101_21       25    105   105       220562050     528s  ok  ETA:5h08m
      80/388  moead_ws    c201_21       38    105   105        87779322    1073s  ok  ETA:5h07m
      81/388  moead_ws    r101_21       27    105   101        67732123     567s  ok  ETA:5h04m
      82/388  moead_ws    r201_21       97    105   102          219596     839s  ok  ETA:4h59m
      83/388  moead_ws    r201_21       99    105    99          527557     872s  ok  ETA:4h58m
      84/388  moead_ws    rc101_21      42    105    89       205838608     583s  ok  ETA:4h56m
      85/388  moead_ws    rc201_21      53    105   105        46416791     732s  ok  ETA:4h54m
      86/388  moead_ws    rc201_21      46    105    87       115400603     730s  ok  ETA:4h56m
      87/388  smsemoa     rc101_21      71    105   105        30839748     461s  ok  ETA:4h59m
      88/388  moead_ws    r201_21       81    105    70       131241593     840s  ok  ETA:4h56m
      89/388  smsemoa     rc101_21      98    105   105        18763847     469s  ok  ETA:4h56m
      90/388  smsemoa     c201_21        1    105   105        28501322    1026s  ok  ETA:4h52m
      91/388  nsga2       r201_21       75    105   105       141215721     738s  ok  ETA:4h51m
      92/388  smsemoa     c101_21        9    105   105       103380486     510s  ok  ETA:4h50m
      93/388  nsga2       rc201_21       7    105   104       346773306     635s  ok  ETA:4h55m
      94/388  moead_ws    c201_21       58    105   105       199375418     975s  ok  ETA:4h51m
      95/388  smsemoa     r101_21       83    105   105        23262763     472s  ok  ETA:4h51m
      96/388  smsemoa     c201_21       49    105   105       208971616     892s  ok  ETA:4h47m
      97/388  smsemoa     rc101_21      35    105   105        16502478     468s  ok  ETA:4h44m
      98/388  moead_ws    c201_21        9    105   103         1304293     893s  ok  ETA:4h44m
      99/388  nsga2       r201_21       46    105   105       134154160     762s  ok  ETA:4h43m
     100/388  nsga2       c201_21       60    105   105        87676644    1022s  ok  ETA:4h40m
     101/388  smsemoa     r101_21       65    105   105        21946660     461s  ok  ETA:4h38m
     102/388  smsemoa     r101_21       60    105   105        35214592     461s  ok  ETA:4h42m
     103/388  smsemoa     rc201_21       7    105   105        24873938     722s  ok  ETA:4h40m
     104/388  nsga2       r201_21        5    105   105        26518673     772s  ok  ETA:4h36m
     105/388  nsga2       c101_21       20    105   105        83051779     517s  ok  ETA:4h34m
     106/388  smsemoa     c101_21       90    105   105       133624506     514s  ok  ETA:4h34m
     107/388  smsemoa     c201_21       15    105   105       154162949     948s  ok  ETA:4h32m
     108/388  smsemoa     rc201_21      61    105   105       416500402     667s  ok  ETA:4h34m
     109/388  moead_ws    c101_21       97    105   103         2532763     698s  ok  ETA:4h31m
     110/388  moead_ws    r101_21       51    105   104         2141453     606s  ok  ETA:4h28m
     111/388  nsga2       c101_21       96    105   105       208158095     522s  ok  ETA:4h26m
     112/388  moead_ws    r101_21       94    105    90        58448509     594s  ok  ETA:4h24m
     113/388  nsga2       rc101_21      58    105   105        30291821     475s  ok  ETA:4h24m
     114/388  moead_ws    c101_21       95    105    82         2036261     708s  ok  ETA:4h21m
     115/388  smsemoa     r101_21       54    105   100        29211237     472s  ok  ETA:4h19m
     116/388  nsga2       c101_21       74    105    73       236349514     527s  ok  ETA:4h22m
     117/388  nsga2       rc101_21       1    105   105        29305500     467s  ok  ETA:4h23m
     118/388  smsemoa     r201_21        7    105   105        19769402     757s  ok  ETA:4h22m
     119/388  smsemoa     c201_21       39    105    70       113456408     810s  ok  ETA:4h19m
     120/388  nsga2       c101_21       68    105   105       144712551     508s  ok  ETA:4h17m
     121/388  nsga2       c101_21       43    104   102       205000247     524s  ok  ETA:4h16m
     122/388  moead_ws    rc201_21      58    105   105        83905667     741s  ok  ETA:4h13m
     123/388  smsemoa     rc101_21      10    105   105        19901448     461s  ok  ETA:4h10m
     124/388  nsga2       c101_21       92    105   105        90411599     543s  ok  ETA:4h11m
     125/388  nsga2       r201_21       81    105   105        94634733     735s  ok  ETA:4h09m
     126/388  nsga2       r201_21       24    105   105       117414426     752s  ok  ETA:4h07m
     127/388  nsga2       r101_21       31    105   105        40120819     460s  ok  ETA:4h09m
     128/388  nsga2       c201_21       75    105   105        71084056     899s  ok  ETA:4h11m
     129/388  nsga2       rc101_21      27    105   105        51728173     474s  ok  ETA:4h09m
     130/388  nsga2       rc201_21      91    105   104       253956475     655s  ok  ETA:4h10m
     131/388  moead_ws    r101_21        2    105   105         1906283     606s  ok  ETA:4h07m
     132/388  smsemoa     rc101_21      72    105   105        18350025     461s  ok  ETA:4h05m
     133/388  moead_ws    c101_21       15    105    92         2547861     714s  ok  ETA:4h02m
     134/388  smsemoa     c201_21       35    105   105        62221592     785s  ok  ETA:4h01m
     135/388  moead_ws    r201_21       64    105    98        40298557     958s  ok  ETA:3h59m
     136/388  moead_ws    rc201_21      23    105    92       162544655     719s  ok  ETA:3h57m
     137/388  moead_ws    r101_21       61    105   103          986056     598s  ok  ETA:3h55m
     138/388  smsemoa     r101_21       76    105   105        23286046     466s  ok  ETA:3h58m
     139/388  moead_ws    rc201_21      47    105   105          611013     844s  ok  ETA:3h57m
     140/388  smsemoa     rc101_21      58    105   105        34315377     466s  ok  ETA:3h57m
     141/388  smsemoa     c201_21       95    105   105        45935025     816s  ok  ETA:3h56m
     142/388  moead_ws    rc101_21      79    105    96        61697325     575s  ok  ETA:3h55m
     143/388  smsemoa     c201_21       61    105    90        35131967     877s  ok  ETA:3h58m
     144/388  smsemoa     r201_21       32    105   105       162580994     766s  ok  ETA:3h56m
     145/388  moead_ws    rc201_21      49    105    92        55288555     709s  ok  ETA:3h54m
     146/388  nsga2       rc101_21      12    105   105        69249616     473s  ok  ETA:3h52m
     147/388  nsga2       c201_21       76    105   105       412777792     854s  ok  ETA:3h50m
     148/388  nsga2       r201_21       97    105   105       160038865     804s  ok  ETA:3h49m
     149/388  nsga2       c201_21       35    105   105       224174912     849s  ok  ETA:3h48m
     150/388  smsemoa     r101_21       13    105   105        14515148     468s  ok  ETA:3h47m
     151/388  moead_ws    c201_21       63    105   101        55328365    1077s  ok  ETA:3h48m
     152/388  moead_ws    r201_21       23    105    97        66156109     894s  ok  ETA:3h47m
     153/388  smsemoa     c101_21       94    105   105        42348601     511s  ok  ETA:3h46m
     154/388  moead_ws    r101_21       66    105   104        69667683     572s  ok  ETA:3h46m
     155/388  nsga2       c201_21        4    105   103       225775926     886s  ok  ETA:3h45m
     156/388  moead_ws    rc101_21      25    105   103        37228426     579s  ok  ETA:3h42m
     157/388  moead_ws    r201_21       38    105    97        81863556     997s  ok  ETA:3h41m
     158/388  moead_ws    rc201_21      88    105    99         2130390     802s  ok  ETA:3h42m
     159/388  smsemoa     c201_21       17    105    39        21129846     836s  ok  ETA:3h42m
     160/388  nsga2       rc201_21      75    105   105        68700995     713s  ok  ETA:3h41m
     161/388  nsga2       c201_21       69    105   105       119645657     863s  ok  ETA:3h39m
     162/388  smsemoa     r101_21       79    105   105        22945351     462s  ok  ETA:3h39m
     163/388  nsga2       r201_21       94    105   101       153439874     727s  ok  ETA:3h37m
     164/388  moead_ws    c201_21       68    105   105       360594853     993s  ok  ETA:3h37m
     165/388  nsga2       r201_21        3    105   105        57451372     750s  ok  ETA:3h36m
     166/388  moead_ws    rc201_21      29    105   105       165000357     838s  ok  ETA:3h34m
     167/388  moead_ws    rc201_21      14    105    92        77771830     733s  ok  ETA:3h33m
     168/388  nsga2       rc101_21      50    105   101        64650555     480s  ok  ETA:3h33m
     169/388  smsemoa     c201_21       75    105    91       218329514     862s  ok  ETA:3h32m
     170/388  nsga2       c201_21       99    105   105       375653025     876s  ok  ETA:3h32m
     171/388  moead_ws    rc201_21      22    105   104          216360     930s  ok  ETA:3h33m
     172/388  nsga2       c201_21       36    105   105        42762469     835s  ok  ETA:3h31m
     173/388  nsga2       rc101_21      38    105   105        40675999     475s  ok  ETA:3h30m
     174/388  moead_ws    r201_21       67    105    97          220160     853s  ok  ETA:3h29m
     175/388  nsga2       rc201_21      24    105   105       297354330     661s  ok  ETA:3h28m
     176/388  nsga2       c201_21        6    105    88       327380570     823s  ok  ETA:3h26m
     177/388  moead_ws    c201_21       86    105    99          640735    1006s  ok  ETA:3h27m
     178/388  moead_ws    c101_21       59    105   105       104878755     657s  ok  ETA:3h25m
     179/388  smsemoa     c201_21       72    105   105       113328787     916s  ok  ETA:3h23m
     180/388  moead_ws    rc101_21      67    105   104         3111285     592s  ok  ETA:3h22m
     181/388  moead_ws    r201_21       17    105    98          141593     973s  ok  ETA:3h22m
     182/388  nsga2       rc101_21      77    105   105        50646985     474s  ok  ETA:3h22m
     183/388  moead_ws    c201_21       41    105   102       400957403     892s  ok  ETA:3h20m
     184/388  moead_ws    rc101_21      59    105   105        69255397     579s  ok  ETA:3h18m
     185/388  moead_ws    rc201_21       4    105    92        79711416     732s  ok  ETA:3h18m
     186/388  smsemoa     rc101_21      43    105   105        28117983     465s  ok  ETA:3h17m
     187/388  smsemoa     rc101_21      13    105   105        29500948     482s  ok  ETA:3h16m
     188/388  smsemoa     c101_21       63    105   105        45671867     515s  ok  ETA:3h14m
     189/388  moead_ws    c201_21       88    105    91         1353542     905s  ok  ETA:3h13m
     190/388  moead_ws    c201_21       26    105    90         1236435    1009s  ok  ETA:3h14m
     191/388  smsemoa     c101_21       65    105   105        39528136     509s  ok  ETA:3h13m
     192/388  nsga2       c101_21       66    105   105        84936648     513s  ok  ETA:3h11m
     193/388  smsemoa     rc201_21      55    105   105       100523621     682s  ok  ETA:3h10m
     194/388  moead_ws    c201_21        1    105   104       105276571    1017s  ok  ETA:3h08m
     195/388  nsga2       r101_21       17    105   105        94901299     469s  ok  ETA:3h06m
     196/388  nsga2       rc101_21      17    105   105        45820843     462s  ok  ETA:3h05m
     197/388  smsemoa     c201_21       38    105    85        14505107     878s  ok  ETA:3h04m
     198/388  nsga2       r101_21       32    105   105        47844556     479s  ok  ETA:3h03m
     199/388  smsemoa     c101_21       10    105   105        85977721     500s  ok  ETA:3h02m
     200/388  moead_ws    rc101_21      86    105   105          252903     607s  ok  ETA:3h00m
     201/388  moead_ws    c201_21       28    105   105       504389934     962s  ok  ETA:3h01m
     202/388  nsga2       r101_21       89    105   105        31742470     461s  ok  ETA:2h59m
     203/388  nsga2       rc101_21      51    105   105        22623612     453s  ok  ETA:2h58m
     204/388  smsemoa     c101_21       50    105   105        77924410     535s  ok  ETA:2h57m
     205/388  nsga2       rc201_21      93    105   105       360987182     670s  ok  ETA:2h56m
     206/388  moead_ws    c101_21        6    105   100         1367996     739s  ok  ETA:2h57m
     207/388  smsemoa     c201_21       56    105   103        63313582     809s  ok  ETA:2h55m
     208/388  nsga2       rc201_21      22    105   105       330246550     656s  ok  ETA:2h54m
     209/388  smsemoa     r101_21       15    105   105        31045509     456s  ok  ETA:2h53m
     210/388  nsga2       c201_21       40    105   105       131833885     844s  ok  ETA:2h52m
     211/388  nsga2       r101_21       67    105   105       135960094     472s  ok  ETA:2h50m
     212/388  moead_ws    r201_21        1    105    99        72201573     864s  ok  ETA:2h49m
     213/388  nsga2       r201_21       21    105   105        29426461     785s  ok  ETA:2h48m
     214/388  nsga2       r101_21       91    105   105        26262558     475s  ok  ETA:2h47m
     215/388  smsemoa     r201_21       78    105   105        64421361     724s  ok  ETA:2h46m
     216/388  moead_ws    r201_21        3    105    96          237694     971s  ok  ETA:2h45m
     217/388  smsemoa     rc101_21      75    105   105        36209558     473s  ok  ETA:2h45m
     218/388  nsga2       r101_21       98    105   105        40179196     474s  ok  ETA:2h44m
     219/388  moead_ws    rc201_21      94    105    87       104779826     812s  ok  ETA:2h42m
     220/388  moead_ws    rc101_21      11    105   103        36179158     577s  ok  ETA:2h42m
     221/388  smsemoa     c101_21       24    105   105        98705526     506s  ok  ETA:2h41m
     222/388  moead_ws    r201_21       59    105   105        68113522     824s  ok  ETA:2h40m
     223/388  nsga2       rc201_21      82    105   105        82828744     683s  ok  ETA:2h39m
     224/388  nsga2       rc201_21      27    105   105       144068458     718s  ok  ETA:2h38m
     225/388  moead_ws    c201_21       13    105   104       201858665     914s  ok  ETA:2h36m
     226/388  nsga2       rc201_21      67    105   105       384062735     676s  ok  ETA:2h36m
     227/388  nsga2       c201_21       85    105   101        98988950     843s  ok  ETA:2h36m
     228/388  smsemoa     r101_21       99    105   105        36304138     463s  ok  ETA:2h36m
     229/388  smsemoa     c201_21       92    105   105        73944726     929s  ok  ETA:2h35m
     230/388  nsga2       c101_21       50    105   105       152820416     531s  ok  ETA:2h33m
     231/388  moead_ws    rc201_21       3    105    89          245085     797s  ok  ETA:2h32m
     232/388  smsemoa     rc201_21      52    105   105        61678900     678s  ok  ETA:2h31m
     233/388  moead_ws    c201_21       77    105   105       482539991     904s  ok  ETA:2h29m
     234/388  moead_ws    rc101_21       7    105    92        36188508     565s  ok  ETA:2h28m
     235/388  moead_ws    c201_21       22    105   104          580768     983s  ok  ETA:2h27m
     236/388  nsga2       rc201_21      43    105    96       409300205     655s  ok  ETA:2h26m
     237/388  smsemoa     c201_21       41    105    79        78969649     891s  ok  ETA:2h25m
     238/388  nsga2       rc101_21      67    105   105       135547632     475s  ok  ETA:2h25m
     239/388  nsga2       c101_21      100    105   105       127746013     501s  ok  ETA:2h24m
     240/388  smsemoa     c101_21       51    105   105       100788163     496s  ok  ETA:2h22m
     241/388  moead_ws    rc201_21      16    105   100         2064965     798s  ok  ETA:2h21m
     242/388  smsemoa     r101_21       71    105   105        34396308     458s  ok  ETA:2h20m
     243/388  nsga2       rc101_21       9    105   105        55590208     454s  ok  ETA:2h19m
     244/388  smsemoa     r101_21       11    105   105        28625432     441s  ok  ETA:2h18m
     245/388  moead_ws    r101_21       24    105   104         1521349     623s  ok  ETA:2h16m
     246/388  moead_ws    c201_21       47    105    99         4206102     964s  ok  ETA:2h16m
     247/388  moead_ws    r101_21       48    105   102         2754471     600s  ok  ETA:2h16m
     248/388  smsemoa     rc101_21      36    105   105        20298468     474s  ok  ETA:2h15m
     249/388  nsga2       r101_21       96    105   105        58252779     484s  ok  ETA:2h13m
     250/388  moead_ws    rc201_21      51    105    99         1025145     800s  ok  ETA:2h12m
     251/388  moead_ws    c201_21       84    105    95          655095     955s  ok  ETA:2h11m
     252/388  smsemoa     c101_21       59    105   105        86589176     506s  ok  ETA:2h09m
     253/388  moead_ws    rc101_21      72    105   104        73603723     562s  ok  ETA:2h08m
     254/388  moead_ws    r201_21       92    105    95        45825209     821s  ok  ETA:2h08m
     255/388  smsemoa     c101_21       78    105   105       169246468     502s  ok  ETA:2h07m
     256/388  nsga2       r201_21       44    105   105        53749789     772s  ok  ETA:2h06m
     257/388  smsemoa     r201_21       22    105   105        33431155     774s  ok  ETA:2h05m
     258/388  nsga2       c201_21       18    105   105       149948996     818s  ok  ETA:2h04m
     259/388  nsga2       rc101_21      91    105   105        31969954     466s  ok  ETA:2h03m
     260/388  nsga2       c101_21       80    105   105       360328445     528s  ok  ETA:2h02m
     261/388  smsemoa     rc101_21      45    105   105        36813002     481s  ok  ETA:2h01m
     262/388  moead_ws    r101_21       22    105   103          333598     636s  ok  ETA:1h59m
     263/388  moead_ws    c101_21       72    105   105       275761432     658s  ok  ETA:1h59m
     264/388  nsga2       rc201_21       8    105   105       113911632     674s  ok  ETA:1h58m
     265/388  nsga2       r201_21       49    105   105        75547361     744s  ok  ETA:1h57m
     266/388  nsga2       r101_21       72    105   105        22813290     455s  ok  ETA:1h57m
     267/388  moead_ws    rc201_21      78    105    89       204557203     716s  ok  ETA:1h56m
     268/388  moead_ws    r101_21       68    105   104        62222159     583s  ok  ETA:1h55m
     269/388  nsga2       rc201_21      60    105   105        57264957     730s  ok  ETA:1h54m
     270/388  nsga2       rc201_21       5    105   105       492254100     690s  ok  ETA:1h52m
     271/388  moead_ws    rc101_21      80    105    99        29583661     567s  ok  ETA:1h51m
     272/388  nsga2       rc201_21      18    105   105       128628155     708s  ok  ETA:1h50m
     273/388  smsemoa     r201_21       61    105   105       234072562     758s  ok  ETA:1h49m
     274/388  moead_ws    c201_21       16    105    97         1572253    1116s  ok  ETA:1h49m
     275/388  smsemoa     r201_21       35    105   102        62223954     737s  ok  ETA:1h48m
     276/388  smsemoa     r101_21       20    105   105        56566423     468s  ok  ETA:1h47m
     277/388  nsga2       rc101_21      37    105   105        51190155     479s  ok  ETA:1h45m
     278/388  smsemoa     r201_21       31    105   105        59962700     727s  ok  ETA:1h44m
     279/388  nsga2       c101_21       24    105   105       103915458     495s  ok  ETA:1h44m
     280/388  moead_ws    rc101_21      34    105    99        42738263     585s  ok  ETA:1h43m
     281/388  moead_ws    c201_21       18    105    92         2146187    1020s  ok  ETA:1h42m
     282/388  smsemoa     rc101_21      38    105   105        70947427     482s  ok  ETA:1h41m
     283/388  smsemoa     r201_21       29    105   105        49107567     745s  ok  ETA:1h40m
     284/388  smsemoa     rc101_21      18    105   105        22927541     469s  ok  ETA:1h39m
     285/388  moead_ws    r201_21       80    105    98       122308146     812s  ok  ETA:1h38m
     286/388  nsga2       r101_21      100    105   105        39616037     463s  ok  ETA:1h37m
     287/388  smsemoa     c101_21       96    105   105        61637448     509s  ok  ETA:1h35m
     288/388  smsemoa     c201_21       51    105   105        58888874     857s  ok  ETA:1h34m
     289/388  nsga2       rc201_21      59    105   104       148362057     722s  ok  ETA:1h33m
     290/388  smsemoa     c101_21       98    105   105       100975576     497s  ok  ETA:1h32m
     291/388  smsemoa     c101_21       92    105   105        81235663     506s  ok  ETA:1h32m
     292/388  nsga2       rc101_21      85    105   105        61691361     466s  ok  ETA:1h31m
     293/388  nsga2       c101_21       58    105   105        57994455     520s  ok  ETA:1h30m
     294/388  nsga2       rc101_21      82    105   105        61720543     459s  ok  ETA:1h29m
     295/388  moead_ws    c201_21       35    105   105         1028390     968s  ok  ETA:1h28m
     296/388  nsga2       c101_21       75    105   105       160340895     523s  ok  ETA:1h27m
     297/388  smsemoa     c101_21       11    105   105        76253657     531s  ok  ETA:1h26m
     298/388  smsemoa     c201_21       46    105   105       103255436     794s  ok  ETA:1h25m
     299/388  smsemoa     rc201_21      41    105    99       260464201     659s  ok  ETA:1h24m
     300/388  moead_ws    r101_21       53    105   104        59265964     580s  ok  ETA:1h23m
     301/388  nsga2       r101_21       90    105   105        56778474     483s  ok  ETA:1h22m
     302/388  moead_ws    r201_21       68    105    94        63035634     866s  ok  ETA:1h21m
     303/388  smsemoa     r101_21       34    105   105        12537686     461s  ok  ETA:1h20m
     304/388  nsga2       c201_21       29    105   104       165185122     903s  ok  ETA:1h19m
     305/388  nsga2       c101_21       60    105   105        74385405     510s  ok  ETA:1h18m
     306/388  moead_ws    r101_21       13    105   105        35419448     578s  ok  ETA:1h17m
     307/388  nsga2       c201_21       49    105    71       146667511     850s  ok  ETA:1h17m
     308/388  smsemoa     rc201_21      65    105   105        45789851     682s  ok  ETA:1h15m
     309/388  nsga2       r201_21       15    105   105       232454013     722s  ok  ETA:1h15m
     310/388  moead_ws    c101_21       36    105   105        62814639     658s  ok  ETA:1h14m
     311/388  smsemoa     r101_21       80    105   105        16117988     465s  ok  ETA:1h13m
     312/388  smsemoa     c201_21       47    105   105        42101534     892s  ok  ETA:1h11m
     313/388  nsga2       c101_21       98    105   105       322748221     521s  ok  ETA:1h11m
     314/388  smsemoa     rc201_21      67    105   105        54130511     714s  ok  ETA:1h10m
     315/388  moead_ws    r201_21      100    105   100          228888     958s  ok  ETA:1h09m
     316/388  nsga2       r101_21       43    105    90       143445994     493s  ok  ETA:1h08m
     317/388  nsga2       c201_21       79    105   105       527066668     801s  ok  ETA:1h07m
     318/388  moead_ws    rc201_21      83    105   103         1207392     800s  ok  ETA:1h06m
     319/388  nsga2       rc101_21      73    105   105        52236215     485s  ok  ETA:1h05m
     320/388  smsemoa     c201_21       52    105   105        86863877     861s  ok  ETA:1h04m
     321/388  nsga2       c101_21       76    105   105       240313106     528s  ok  ETA:1h03m
     322/388  moead_ws    r101_21       44    105    87        52959312     588s  ok  ETA:1h02m
     323/388  nsga2       c201_21       22    105    89       237439427     797s  ok  ETA:1h01m
     324/388  smsemoa     r201_21       12    105   105        67392561     730s  ok  ETA:1h00m
     325/388  nsga2       rc101_21      65    105   105        50358650     467s  ok  ETA:0h59m
     326/388  smsemoa     r201_21       38    105   105       192319601     718s  ok  ETA:0h59m
     327/388  nsga2       rc101_21      97    105   105        61308516     467s  ok  ETA:0h58m
     328/388  moead_ws    rc201_21      91    105    64        75417428     721s  ok  ETA:0h57m
     329/388  moead_ws    c101_21       19    105   102         1926630     736s  ok  ETA:0h56m
     330/388  moead_ws    c201_21       39    105   102       284067874     932s  ok  ETA:0h55m
     331/388  moead_ws    r101_21       49    105   100        26509242     579s  ok  ETA:0h54m
     332/388  moead_ws    c101_21       64    105   104       326248270     660s  ok  ETA:0h53m
     333/388  moead_ws    r101_21       10    105   105        49376888     567s  ok  ETA:0h51m
     334/388  nsga2       c201_21       37    105   101        98188993     848s  ok  ETA:0h51m
     335/388  nsga2       c201_21       20    105    65       127551428     903s  ok  ETA:0h50m
     336/388  moead_ws    r101_21        5    105   100         2382365     599s  ok  ETA:0h49m
     337/388  nsga2       rc101_21      98    105   105        96156320     462s  ok  ETA:0h48m
     338/388  nsga2       rc201_21      84    105   105        80920000     714s  ok  ETA:0h47m
     339/388  smsemoa     c101_21       31    105   105        99554491     520s  ok  ETA:0h46m
     340/388  moead_ws    rc101_21      93    105    58        80393202     584s  ok  ETA:0h45m
     341/388  moead_ws    rc101_21      66    105   105        74673238     590s  ok  ETA:0h44m
     342/388  smsemoa     rc201_21      45    105   105       146839377     688s  ok  ETA:0h43m
     343/388  moead_ws    rc101_21      65    105   104        63577976     590s  ok  ETA:0h42m
     344/388  nsga2       r101_21       15    105   105       112385832     468s  ok  ETA:0h41m
     345/388  nsga2       r201_21       65    105   105       199194725     730s  ok  ETA:0h40m
     346/388  smsemoa     r101_21       91    105   105        86081054     453s  ok  ETA:0h39m
     347/388  moead_ws    rc101_21      73    105   100        42657612     565s  ok  ETA:0h38m
     348/388  nsga2       rc101_21      24    105   105        71730879     464s  ok  ETA:0h37m
     349/388  moead_ws    rc201_21      41    105    87       122616719     796s  ok  ETA:0h36m
     350/388  smsemoa     r201_21       89    105   105        73122105     869s  ok  ETA:0h35m
     351/388  nsga2       rc201_21      33    105   104       205335910     637s  ok  ETA:0h34m
     352/388  smsemoa     c101_21       21    105   105       103817496     512s  ok  ETA:0h33m
     353/388  nsga2       c101_21       45    105   105       155671085     536s  ok  ETA:0h33m
     354/388  smsemoa     rc101_21      85    105   105        26456349     461s  ok  ETA:0h32m
     355/388  smsemoa     r201_21       42    105   105        28659316     771s  ok  ETA:0h31m
     356/388  nsga2       rc101_21      31    105   105        32290444     470s  ok  ETA:0h30m
     357/388  moead_ws    c101_21       71    105   105       195971859     670s  ok  ETA:0h29m
     358/388  nsga2       rc101_21      93    105   105        51380771     477s  ok  ETA:0h28m
     359/388  moead_ws    c101_21       81     92    85       331609459     669s  ok  ETA:0h27m
     360/388  smsemoa     r101_21       28    105   105        42453921     468s  ok  ETA:0h26m
     361/388  smsemoa     c201_21       77    105   104        34905914     877s  ok  ETA:0h25m
     362/388  moead_ws    rc101_21      22    105   105          290643     605s  ok  ETA:0h24m
     363/388  moead_ws    rc201_21      55    105    95       332243926     716s  ok  ETA:0h23m
     364/388  smsemoa     rc201_21      20    105   105        46301005     688s  ok  ETA:0h22m
     365/388  nsga2       rc101_21      28    105   105        22902777     478s  ok  ETA:0h21m
     366/388  smsemoa     rc101_21      32    105   105        52235097     479s  ok  ETA:0h20m
     367/388  smsemoa     rc201_21      66    105   105       153072935     659s  ok  ETA:0h19m
     368/388  smsemoa     r201_21       30    105   105        34959531     774s  ok  ETA:0h18m
     369/388  moead_ws    rc201_21      95    105   101          938246     790s  ok  ETA:0h17m
     370/388  moead_ws    rc101_21      90    105   101         4355181     606s  ok  ETA:0h16m
     371/388  nsga2       r201_21       67    105   105       103675177     770s  ok  ETA:0h16m
     372/388  moead_ws    c101_21       43    105   105       172325455     673s  ok  ETA:0h15m
     373/388  nsga2       r201_21       82    105   105       143807677     780s  ok  ETA:0h14m
     374/388  moead_ws    c101_21        9    105    92          831229     693s  ok  ETA:0h13m
     375/388  smsemoa     rc201_21      21    105   103       328095050     664s  ok  ETA:0h12m
     376/388  moead_ws    rc101_21      12    105   101         3015271     573s  ok  ETA:0h11m
     377/388  moead_ws    r101_21       33    105    84          760428     587s  ok  ETA:0h10m
     378/388  moead_ws    rc201_21      30    105    54       203606452     741s  ok  ETA:0h09m
     379/388  smsemoa     r101_21      100    105   105        40247274     468s  ok  ETA:0h08m
     380/388  smsemoa     c101_21       60    105   105        79871809     479s  ok  ETA:0h07m
     381/388  moead_ws    c101_21       80    105   103       147351579     604s  ok  ETA:0h06m
     382/388  moead_ws    c101_21       88    105    98         2134552     694s  ok  ETA:0h05m
     383/388  moead_ws    c201_21       91    105   104        92627079     828s  ok  ETA:0h04m
     384/388  smsemoa     r201_21       16    105   105        92858125     783s  ok  ETA:0h03m
     385/388  moead_ws    rc201_21       7    105    90       169531454     725s  ok  ETA:0h02m
     386/388  nsga2       r201_21       73    105   103       185095036     680s  ok  ETA:0h01m
     387/388  smsemoa     c201_21       25    105   105        34604076     818s  ok  ETA:0h00m
     388/388  moead_ws    r201_21       95    105    99          130453     908s  ok  ETA:0h00m

  Concluído em 6h 06m 13s  |  Erros: 0/388
  index.csv → /home/rafael/MOEA_EVRP_TCC/results/tuning_rs_v2/machine2/index.csv
