
====================================================================
  HYPERTUNING RANDOM SEARCH — EVRPTW TCC
====================================================================
  Modo       : --run
  Diretório  : /home/rafael/MOEA_EVRP_TCC/results/tuning_rs_v2
====================================================================

====================================================================
  TUNING RS — machine 4
====================================================================
  Total tasks desta máquina : 517
  Pendentes                 : 517
  Already done              : 0
  n_evals por run           : 600,000
  Workers                   : 16
  ETA estimado              : ~15.2h
  Saída                     : /home/rafael/MOEA_EVRP_TCC/results/tuning_rs_v2/machine4
====================================================================

       #  Alg         Inst         Cfg   Feas    ND        HV_local    Tempo  Status
  ------  ----------  ----------  ----  -----  ----  --------------  -------  --------------------
       1/517  smsemoa     r101_21       21    105   105        12918483     395s  ok  ETA:56h38m
       2/517  smsemoa     rc101_21      53    105   105        23259545     407s  ok  ETA:29h07m
       3/517  smsemoa     rc101_21      11    105   105        59750243     412s  ok  ETA:19h37m
       4/517  nsga2       rc101_21      52    105   105        69672658     417s  ok  ETA:14h51m
       5/517  nsga2       rc101_21      26    105   105        36517290     418s  ok  ETA:11h53m
       6/517  nsga2       rc101_21     100    105   105        61934392     428s  ok  ETA:10h07m
       7/517  nsga2       c101_21        6    105   105       139990332     451s  ok  ETA:9h08m
       8/517  moead_ws    rc101_21      43    105   101        53209076     530s  ok  ETA:9h22m
       9/517  moead_ws    r101_21       40    105   105        51541780     542s  ok  ETA:8h30m
      10/517  nsga2       rc201_21      20    105   105       401816959     585s  ok  ETA:8h14m
      11/517  nsga2       rc201_21      47    105   104       167708491     589s  ok  ETA:7h31m
      12/517  nsga2       rc201_21      73    105   105       500098606     607s  ok  ETA:7h05m
      13/517  moead_ws    c201_21       74    105   102       105217830     754s  ok  ETA:8h07m
      14/517  moead_ws    r201_21       60    105    94        80251329     774s  ok  ETA:7h43m
      15/517  nsga2       c201_21        9    105   105       157208715     776s  ok  ETA:7h12m
      16/517  moead_ws    r201_21       65    105   105        52750140     807s  ok  ETA:7h01m
      17/517  nsga2       c101_21       65    105   105       120251197     452s  ok  ETA:7h06m
      18/517  smsemoa     c101_21       83    105   105        63685694     466s  ok  ETA:6h45m
      19/517  nsga2       r201_21       63    105   105        38801433     657s  ok  ETA:7h39m
      20/517  moead_ws    r101_21       77    105   105        44181464     519s  ok  ETA:7h19m
      21/517  smsemoa     r201_21       96    105   105       109731512     644s  ok  ETA:7h01m
      22/517  smsemoa     c201_21       50    105   105        75755463     690s  ok  ETA:6h51m
      23/517  moead_ws    rc101_21      89    105    95        53909569     508s  ok  ETA:6h33m
      24/517  moead_ws    rc201_21      57    105   101          899001     756s  ok  ETA:6h41m
      25/517  moead_ws    r201_21       94    105    86       122949298     723s  ok  ETA:6h25m
      26/517  nsga2       r101_21       40    105   105        24333953     427s  ok  ETA:6h11m
      27/517  nsga2       rc201_21      25    105   105       315694465     611s  ok  ETA:6h01m
      28/517  nsga2       rc101_21      61    105   105        39794848     422s  ok  ETA:5h48m
      29/517  smsemoa     r101_21       69    105   105        16844514     401s  ok  ETA:5h39m
      30/517  moead_ws    c101_21       26    105   100         1426696     687s  ok  ETA:5h29m
      31/517  moead_ws    r101_21       92    105   102        21933521     537s  ok  ETA:5h42m
      32/517  smsemoa     c101_21       97    105    81       307541131     460s  ok  ETA:5h37m
      33/517  moead_ws    r201_21       15    105   101          231689     914s  ok  ETA:6h11m
      34/517  smsemoa     r101_21       47    105   105        35100233     418s  ok  ETA:6h16m
      35/517  smsemoa     c201_21       97    105    52        43006592     728s  ok  ETA:6h06m
      36/517  smsemoa     c101_21       68    105   105       176669057     472s  ok  ETA:6h06m
      37/517  nsga2       c101_21       18    105   105       184886544     463s  ok  ETA:5h58m
      38/517  smsemoa     c101_21       74    105   105       112864955     499s  ok  ETA:5h52m
      39/517  smsemoa     rc201_21      91    105   105       183701184     601s  ok  ETA:5h47m
      40/517  nsga2       r201_21       37    105   103       126370715     660s  ok  ETA:5h44m
      41/517  moead_ws    rc101_21      94    105    88        56501973     526s  ok  ETA:5h35m
      42/517  smsemoa     rc101_21      99    105   105        38968420     400s  ok  ETA:5h27m
      43/517  smsemoa     r201_21       51    105   105        14089726     725s  ok  ETA:5h28m
      44/517  nsga2       r201_21       42    105   105        57792643     748s  ok  ETA:5h22m
      45/517  nsga2       r201_21       54    105   105        51837435     710s  ok  ETA:5h16m
      46/517  moead_ws    rc201_21      92    105    96        74664835     739s  ok  ETA:5h34m
      47/517  smsemoa     rc101_21      61    105   105        67433968     412s  ok  ETA:5h35m
      48/517  moead_ws    r201_21       10    105    92       151323064     815s  ok  ETA:5h27m
      49/517  nsga2       rc101_21       4    105   105        31258782     421s  ok  ETA:5h31m
      50/517  nsga2       c101_21       39    105   105       164379712     441s  ok  ETA:5h33m
      51/517  smsemoa     rc101_21       5    105   105        31514924     423s  ok  ETA:5h28m
      52/517  smsemoa     c201_21       69    105   105       219027714     846s  ok  ETA:5h21m
      53/517  smsemoa     rc101_21      52    105   105        27920298     441s  ok  ETA:5h25m
      54/517  smsemoa     c101_21       32    105   105        77196234     441s  ok  ETA:5h20m
      55/517  nsga2       c101_21       46    105   105        99090236     457s  ok  ETA:5h17m
      56/517  moead_ws    rc201_21      59    105    92        74136307     711s  ok  ETA:5h15m
      57/517  moead_ws    r201_21        6    105   105          140986     844s  ok  ETA:5h18m
      58/517  moead_ws    rc201_21      68    105    93        70448219     686s  ok  ETA:5h12m
      59/517  smsemoa     rc101_21      93    105   105        78477439     416s  ok  ETA:5h07m
      60/517  nsga2       c201_21       33    105    79        77648661     768s  ok  ETA:5h06m
      61/517  smsemoa     c101_21       33    105   105        93977877     447s  ok  ETA:5h06m
      62/517  smsemoa     c201_21       30    105   105        74673043     803s  ok  ETA:5h10m
      63/517  smsemoa     c201_21       13    105   105        79345285     865s  ok  ETA:5h12m
      64/517  smsemoa     rc201_21      88    105   105       378427548     612s  ok  ETA:5h26m
      65/517  nsga2       r201_21       26    105   105       352205930     628s  ok  ETA:5h22m
      66/517  moead_ws    r201_21       62    105   102          124597     782s  ok  ETA:5h18m
      67/517  nsga2       c201_21        3    105   103       325041895     723s  ok  ETA:5h13m
      68/517  smsemoa     r201_21       84    105   105        17257564     678s  ok  ETA:5h10m
      69/517  nsga2       r201_21       58    105   105       264525931     627s  ok  ETA:5h10m
      70/517  nsga2       rc101_21      74    105   103        34797911     439s  ok  ETA:5h08m
      71/517  nsga2       rc201_21      77    105   105       174275201     638s  ok  ETA:5h03m
      72/517  moead_ws    c101_21       68    105   104        39996195     570s  ok  ETA:5h03m
      73/517  nsga2       rc201_21      63    105   105       248612655     619s  ok  ETA:5h02m
      74/517  smsemoa     r201_21       24    105   105        71129678     685s  ok  ETA:4h58m
      75/517  smsemoa     c201_21       90    105   105        97206478     766s  ok  ETA:4h54m
      76/517  smsemoa     c101_21       70    105   105        84472195     447s  ok  ETA:4h54m
      77/517  nsga2       c201_21       28    105   103       101209071     807s  ok  ETA:5h06m
      78/517  smsemoa     c101_21       93    105   103       123981866     456s  ok  ETA:5h03m
      79/517  smsemoa     c201_21       70    105   105       125624895     874s  ok  ETA:4h59m
      80/517  nsga2       c101_21       51    105   105       107102904     432s  ok  ETA:4h55m
      81/517  moead_ws    r101_21       58    105    93        70849240     502s  ok  ETA:4h55m
      82/517  moead_ws    r101_21       56    105   104        27256650     510s  ok  ETA:4h53m
      83/517  nsga2       c201_21       15    105   105        70671711     791s  ok  ETA:4h50m
      84/517  moead_ws    c101_21       29    105   105       241460851     606s  ok  ETA:4h49m
      85/517  nsga2       c101_21       32    105   103       168129716     462s  ok  ETA:4h52m
      86/517  moead_ws    r101_21       79    105   101        52674447     534s  ok  ETA:4h54m
      87/517  nsga2       rc201_21      55    105   105       181373026     638s  ok  ETA:4h51m
      88/517  moead_ws    r101_21       93    105    71        87413246     515s  ok  ETA:4h49m
      89/517  smsemoa     r201_21       57    105   105        23285954     702s  ok  ETA:4h46m
      90/517  nsga2       rc201_21      53    105   105       182098393     622s  ok  ETA:4h45m
      91/517  moead_ws    c201_21       34    105    92      2505480153     794s  ok  ETA:4h48m
      92/517  nsga2       c201_21       50    105   105       179187497     783s  ok  ETA:4h46m
      93/517  smsemoa     c101_21       58    105   105       137338352     451s  ok  ETA:4h47m
      94/517  nsga2       rc201_21      12    105   105       102533234     605s  ok  ETA:4h48m
      95/517  smsemoa     r201_21       92    105   105        49834171     667s  ok  ETA:4h47m
      96/517  smsemoa     r201_21       49    105   105        27305044     687s  ok  ETA:4h47m
      97/517  nsga2       r201_21       36    105   105       216514092     655s  ok  ETA:4h45m
      98/517  nsga2       r201_21       70    105   104       249373717     657s  ok  ETA:4h43m
      99/517  moead_ws    c101_21       32    105   105       308856460     598s  ok  ETA:4h39m
     100/517  smsemoa     c101_21       20    105   105        56400786     442s  ok  ETA:4h38m
     101/517  nsga2       c101_21       99    105   105       150674948     504s  ok  ETA:4h36m
     102/517  moead_ws    r201_21       52    105   105        24320042     870s  ok  ETA:4h38m
     103/517  smsemoa     r201_21       23    105   103       127542083     662s  ok  ETA:4h35m
     104/517  moead_ws    rc101_21      30    105    64        26091701     553s  ok  ETA:4h35m
     105/517  smsemoa     rc201_21       1    105   105       124721605     670s  ok  ETA:4h35m
     106/517  smsemoa     rc201_21      38    105   105       248492051     596s  ok  ETA:4h39m
     107/517  smsemoa     rc201_21      51    105   105        21935284     652s  ok  ETA:4h37m
     108/517  moead_ws    rc101_21      85    105   100        34513962     520s  ok  ETA:4h38m
     109/517  moead_ws    r201_21       14    105    94        51161862     843s  ok  ETA:4h35m
     110/517  moead_ws    c101_21       38    105   105       153751550     589s  ok  ETA:4h33m
     111/517  moead_ws    c201_21       80    105    95       458602224     824s  ok  ETA:4h40m
     112/517  nsga2       r201_21       47    105   105        56156043     647s  ok  ETA:4h38m
     113/517  smsemoa     r201_21       44    105   105        60484862     649s  ok  ETA:4h37m
     114/517  smsemoa     rc201_21      37    105   105        30462348     651s  ok  ETA:4h35m
     115/517  smsemoa     c201_21       63    105   105        78114896     754s  ok  ETA:4h34m
     116/517  smsemoa     r101_21       97    105   105        41306818     408s  ok  ETA:4h32m
     117/517  moead_ws    c101_21       45    105    62       588629053     626s  ok  ETA:4h29m
     118/517  moead_ws    rc201_21     100    105   103          448457     812s  ok  ETA:4h27m
     119/517  smsemoa     rc201_21      70    105   105       106092345     678s  ok  ETA:4h29m
     120/517  nsga2       rc101_21      88    105   105        50416353     434s  ok  ETA:4h27m
     121/517  smsemoa     c201_21       89    105   105       162790299     882s  ok  ETA:4h24m
     122/517  moead_ws    rc201_21      19    105    96          396659     825s  ok  ETA:4h26m
     123/517  moead_ws    c201_21       76    105   105       795124207     787s  ok  ETA:4h26m
     124/517  smsemoa     r101_21       56    105   105        23847548     408s  ok  ETA:4h24m
     125/517  nsga2       rc101_21      96    105   103        47044750     416s  ok  ETA:4h23m
     126/517  smsemoa     r201_21       83    105   105        97963532     741s  ok  ETA:4h23m
     127/517  nsga2       r201_21       69    105   105       223521530     679s  ok  ETA:4h20m
     128/517  nsga2       c201_21       45    105   101        76282218     780s  ok  ETA:4h24m
     129/517  moead_ws    rc201_21      13    105    93        97003986     658s  ok  ETA:4h26m
     130/517  moead_ws    c101_21       46    105    78       339095455     602s  ok  ETA:4h24m
     131/517  nsga2       rc201_21      76    105   104       134078212     605s  ok  ETA:4h22m
     132/517  nsga2       rc201_21      21    105   105       123816287     659s  ok  ETA:4h22m
     133/517  smsemoa     r201_21       47    105   105        49726814     720s  ok  ETA:4h19m
     134/517  nsga2       c101_21       35    105   105       163148037     466s  ok  ETA:4h20m
     135/517  nsga2       r101_21       36    105   105        30622356     428s  ok  ETA:4h17m
     136/517  nsga2       r201_21       51    105   105       163651335     674s  ok  ETA:4h17m
     137/517  nsga2       c101_21       38    105   105       186820339     471s  ok  ETA:4h17m
     138/517  moead_ws    c101_21       27    105    97       247451443     561s  ok  ETA:4h15m
     139/517  moead_ws    r201_21        5    105    97          295205     882s  ok  ETA:4h13m
     140/517  nsga2       c201_21       89    105   105        96065255     801s  ok  ETA:4h13m
     141/517  moead_ws    r201_21       88    105    96          241190     831s  ok  ETA:4h12m
     142/517  nsga2       c101_21       41    105   105       144372801     477s  ok  ETA:4h10m
     143/517  smsemoa     rc101_21      64    105   105        50515215     408s  ok  ETA:4h11m
     144/517  nsga2       r101_21       94    105   105        32096421     436s  ok  ETA:4h09m
     145/517  moead_ws    r101_21       99    105   101         2385081     521s  ok  ETA:4h09m
     146/517  smsemoa     rc101_21      83    105   105        22527064     441s  ok  ETA:4h07m
     147/517  moead_ws    r201_21       90    105   103          120856     918s  ok  ETA:4h05m
     148/517  nsga2       c101_21        3    105   105       199408382     464s  ok  ETA:4h03m
     149/517  moead_ws    r201_21        2    105   100          374163     877s  ok  ETA:4h05m
     150/517  nsga2       c101_21       81    105   105       156176939     461s  ok  ETA:4h05m
     151/517  smsemoa     rc201_21      62    105   105       204803916     615s  ok  ETA:4h05m
     152/517  smsemoa     rc201_21      72    105   105        33975265     615s  ok  ETA:4h03m
     153/517  moead_ws    rc201_21      77    105    89       148226609     669s  ok  ETA:4h05m
     154/517  nsga2       r101_21       81    105   105        21033448     424s  ok  ETA:4h03m
     155/517  smsemoa     rc101_21      95    105   105        29416903     435s  ok  ETA:4h04m
     156/517  nsga2       rc201_21      23    105   105       506045370     590s  ok  ETA:4h04m
     157/517  nsga2       rc201_21      87    105   105        81092085     668s  ok  ETA:4h03m
     158/517  moead_ws    rc201_21      72    105   104        36815960     676s  ok  ETA:4h00m
     159/517  moead_ws    rc201_21      64    105   103       151502586     726s  ok  ETA:3h59m
     160/517  moead_ws    c201_21       10    105   105       472121230     825s  ok  ETA:3h58m
     161/517  nsga2       r101_21       10    105   105        67127644     450s  ok  ETA:3h56m
     162/517  moead_ws    r201_21       31    105    94          295354     858s  ok  ETA:3h54m
     163/517  moead_ws    rc201_21      60    105    93       189689045     670s  ok  ETA:3h55m
     164/517  nsga2       c101_21       82    105   105       142883649     465s  ok  ETA:3h54m
     165/517  smsemoa     rc201_21       4    105   105        30662875     720s  ok  ETA:3h53m
     166/517  nsga2       r201_21       33    105   105       182395560     613s  ok  ETA:3h53m
     167/517  smsemoa     rc101_21      14    105   105        47980282     433s  ok  ETA:3h54m
     168/517  moead_ws    r201_21       41    105   101        23335981     874s  ok  ETA:3h52m
     169/517  nsga2       r201_21        4    105   105        38513671     678s  ok  ETA:3h51m
     170/517  smsemoa     r101_21       90    105   105        10396980     422s  ok  ETA:3h50m
     171/517  smsemoa     rc101_21      86    105   105        24502152     413s  ok  ETA:3h50m
     172/517  moead_ws    rc101_21      26    105   103         1421250     528s  ok  ETA:3h49m
     173/517  smsemoa     c101_21       14    105   105        55837198     467s  ok  ETA:3h52m
     174/517  smsemoa     c101_21       25    105   105       102776162     465s  ok  ETA:3h50m
     175/517  moead_ws    c201_21       44    105    57       319817350     833s  ok  ETA:3h49m
     176/517  nsga2       rc101_21      35    105   105        43285413     414s  ok  ETA:3h47m
     177/517  moead_ws    c201_21       65    105    96       988452003     918s  ok  ETA:3h47m
     178/517  nsga2       r201_21       62    105   105        14744929     761s  ok  ETA:3h46m
     179/517  moead_ws    rc201_21      80    105    97       138146965     791s  ok  ETA:3h45m
     180/517  nsga2       rc101_21       3    105   105        31156040     419s  ok  ETA:3h43m
     181/517  smsemoa     r201_21       52    105   105        47967104     760s  ok  ETA:3h42m
     182/517  smsemoa     c201_21        7    105   105        85506340     777s  ok  ETA:3h40m
     183/517  smsemoa     c101_21       22    105   105        39470499     459s  ok  ETA:3h40m
     184/517  moead_ws    c201_21       32    105   105       699226828     794s  ok  ETA:3h40m
     185/517  smsemoa     r101_21       88    105   105        50005301     422s  ok  ETA:3h42m
     186/517  nsga2       r201_21       13    105   105        56056321     743s  ok  ETA:3h41m
     187/517  nsga2       r101_21       69    105   105        54322876     444s  ok  ETA:3h39m
     188/517  smsemoa     c101_21       76    105   105       123093358     433s  ok  ETA:3h38m
     189/517  smsemoa     c201_21       86    105   105       115420476     769s  ok  ETA:3h36m
     190/517  smsemoa     rc101_21      21    105   105        16076416     410s  ok  ETA:3h36m
     191/517  nsga2       r101_21       52    105    99        49163460     436s  ok  ETA:3h35m
     192/517  nsga2       c201_21       88    105   105       112177067     758s  ok  ETA:3h34m
     193/517  nsga2       c201_21       87    105   105       251116875     743s  ok  ETA:3h33m
     194/517  smsemoa     c101_21       77    105   105        39794728     441s  ok  ETA:3h31m
     195/517  nsga2       c101_21        2    105   105        78515553     466s  ok  ETA:3h32m
     196/517  moead_ws    rc101_21      32    105   104        41723248     538s  ok  ETA:3h30m
     197/517  moead_ws    c101_21       63    105   102       390810119     615s  ok  ETA:3h28m
     198/517  nsga2       r201_21       99    105   105        50478642     720s  ok  ETA:3h28m
     199/517  nsga2       rc201_21      83    105   105       250675604     595s  ok  ETA:3h26m
     200/517  smsemoa     c101_21       75    105   105        78725503     448s  ok  ETA:3h31m
     201/517  moead_ws    c201_21       52    105    98       487538713     766s  ok  ETA:3h31m
     202/517  nsga2       rc201_21      46    105   105       177653764     590s  ok  ETA:3h29m
     203/517  nsga2       r201_21       71    105   105       145872203     702s  ok  ETA:3h29m
     204/517  moead_ws    r101_21       89    105    83       104096097     549s  ok  ETA:3h28m
     205/517  nsga2       rc101_21      15    105   105        34073955     427s  ok  ETA:3h26m
     206/517  moead_ws    c101_21       75    105   105       103385130     564s  ok  ETA:3h26m
     207/517  moead_ws    c201_21       72    105   105       795574217     765s  ok  ETA:3h26m
     208/517  moead_ws    rc101_21      54    105    92        50417674     510s  ok  ETA:3h25m
     209/517  smsemoa     r201_21        3    105   105        63706874     679s  ok  ETA:3h23m
     210/517  nsga2       rc201_21      28    105   105       251820196     665s  ok  ETA:3h21m
     211/517  nsga2       c201_21       90    105   104        91562805     829s  ok  ETA:3h20m
     212/517  nsga2       c201_21       95    105   105       154909955     852s  ok  ETA:3h19m
     213/517  nsga2       rc201_21      39    105   105       180600938     614s  ok  ETA:3h18m
     214/517  smsemoa     rc101_21      90    105   105        20127624     424s  ok  ETA:3h18m
     215/517  smsemoa     r201_21       71    105   105        52944045     710s  ok  ETA:3h17m
     216/517  smsemoa     r201_21       98    105   105        49545149     720s  ok  ETA:3h15m
     217/517  nsga2       rc101_21      55    105   105        75686985     415s  ok  ETA:3h15m
     218/517  smsemoa     rc101_21      96    105   105        21962689     422s  ok  ETA:3h14m
     219/517  smsemoa     rc101_21      37    105   105        25390797     411s  ok  ETA:3h17m
     220/517  nsga2       r101_21       38    105   105        43084715     419s  ok  ETA:3h15m
     221/517  moead_ws    c101_21       74    105   104       151145115     592s  ok  ETA:3h14m
     222/517  moead_ws    rc201_21      25    105    99       203457710     698s  ok  ETA:3h15m
     223/517  smsemoa     rc101_21      47    105   105        45277487     436s  ok  ETA:3h14m
     224/517  smsemoa     c101_21       82    105   105       103003009     462s  ok  ETA:3h13m
     225/517  nsga2       c201_21       77    105    67       709475702     762s  ok  ETA:3h12m
     226/517  nsga2       rc101_21      40    105   105        35243095     411s  ok  ETA:3h11m
     227/517  smsemoa     rc201_21      26    105   105        40629991     633s  ok  ETA:3h09m
     228/517  nsga2       r201_21        2    105   105       177673055     709s  ok  ETA:3h10m
     229/517  smsemoa     rc201_21      89    105   105        25416071     726s  ok  ETA:3h09m
     230/517  smsemoa     r201_21      100    105   105       184916670     687s  ok  ETA:3h08m
     231/517  moead_ws    r201_21       83    105    44          805277     862s  ok  ETA:3h06m
     232/517  nsga2       c201_21       17    105   105        52279198     800s  ok  ETA:3h05m
     233/517  smsemoa     r101_21       87    105   105        15081505     400s  ok  ETA:3h04m
     234/517  smsemoa     c201_21       83    105   105        74969210     793s  ok  ETA:3h05m
     235/517  moead_ws    rc101_21      53    105   104        38867605     517s  ok  ETA:3h04m
     236/517  nsga2       r101_21       47    105   105        29187511     441s  ok  ETA:3h03m
     237/517  smsemoa     c201_21       16    105   105        21049126     795s  ok  ETA:3h02m
     238/517  smsemoa     c101_21       36    105   105       108964316     474s  ok  ETA:3h02m
     239/517  moead_ws    rc101_21      23    105   105        34958365     491s  ok  ETA:3h02m
     240/517  moead_ws    rc101_21      47    105   103         1539977     538s  ok  ETA:3h01m
     241/517  smsemoa     rc201_21      99    105   105       309087713     605s  ok  ETA:3h00m
     242/517  moead_ws    r101_21       69    105   104          702390     581s  ok  ETA:2h59m
     243/517  smsemoa     c201_21       14    105    98       107434169     819s  ok  ETA:2h59m
     244/517  moead_ws    r101_21       43    105   102        66551108     520s  ok  ETA:2h58m
     245/517  nsga2       rc101_21      83    105   105        76801289     432s  ok  ETA:2h59m
     246/517  moead_ws    r201_21       30    105    54       186668234     720s  ok  ETA:2h59m
     247/517  moead_ws    rc201_21      98    105    93       142101029     740s  ok  ETA:2h58m
     248/517  moead_ws    c101_21       53    105   105        72586214     593s  ok  ETA:2h57m
     249/517  nsga2       r201_21       52    105   105       200912650     615s  ok  ETA:2h56m
     250/517  nsga2       rc101_21      92    105   105       110252741     428s  ok  ETA:2h54m
     251/517  nsga2       rc201_21       3    105   105        62672218     588s  ok  ETA:2h54m
     252/517  nsga2       rc101_21      89    105   105        21979287     410s  ok  ETA:2h52m
     253/517  smsemoa     rc101_21      70    105   105        19627559     422s  ok  ETA:2h52m
     254/517  moead_ws    c201_21       66    105   105       799686686     811s  ok  ETA:2h50m
     255/517  moead_ws    r201_21       20    105   100          778049     915s  ok  ETA:2h50m
     256/517  nsga2       c201_21       38    105   105       257309331     910s  ok  ETA:2h49m
     257/517  smsemoa     rc201_21      57    105   105        96669858     639s  ok  ETA:2h48m
     258/517  moead_ws    r101_21       63    105   104        46062064     511s  ok  ETA:2h48m
     259/517  nsga2       r101_21       51    105   105        16762310     431s  ok  ETA:2h49m
     260/517  nsga2       rc101_21       2    105   105        48281253     430s  ok  ETA:2h48m
     261/517  smsemoa     r101_21       43    105   105        39903638     405s  ok  ETA:2h47m
     262/517  nsga2       r101_21       26    105   105        52024668     415s  ok  ETA:2h46m
     263/517  nsga2       rc101_21      30    105    89        60166125     418s  ok  ETA:2h45m
     264/517  smsemoa     r101_21       30    105   105        25504759     401s  ok  ETA:2h44m
     265/517  smsemoa     c201_21       65    105   103        74426047     747s  ok  ETA:2h43m
     266/517  moead_ws    c201_21       33    105   100         1241513     849s  ok  ETA:2h42m
     267/517  smsemoa     r101_21       55    105   105        12846983     431s  ok  ETA:2h41m
     268/517  moead_ws    rc101_21      83    105   101         3087616     528s  ok  ETA:2h43m
     269/517  nsga2       c201_21       91    105   101       144274884     827s  ok  ETA:2h41m
     270/517  moead_ws    rc201_21      11    105    96        95016843     707s  ok  ETA:2h40m
     271/517  moead_ws    c101_21       35    105    95         1110628     649s  ok  ETA:2h39m
     272/517  nsga2       rc201_21      70    105   105       250345417     604s  ok  ETA:2h38m
     273/517  moead_ws    rc101_21      70    105    46       153305431     562s  ok  ETA:2h38m
     274/517  nsga2       r101_21       29    105   105       122012597     438s  ok  ETA:2h37m
     275/517  nsga2       c201_21       56    105    98       186173777     887s  ok  ETA:2h36m
     276/517  moead_ws    rc101_21      81    105   100        41924764     524s  ok  ETA:2h36m
     277/517  smsemoa     c101_21       12    105   105       130799807     470s  ok  ETA:2h35m
     278/517  nsga2       c101_21        8    105   105       125704335     485s  ok  ETA:2h35m
     279/517  nsga2       rc201_21      85    105   105       216424697     606s  ok  ETA:2h34m
     280/517  smsemoa     rc201_21      28    105   105        97275221     605s  ok  ETA:2h34m
     281/517  nsga2       r101_21       65    105   105        31152720     428s  ok  ETA:2h33m
     282/517  nsga2       c101_21       95    105   105        99012979     456s  ok  ETA:2h32m
     283/517  smsemoa     c101_21       46    105   105       173100223     475s  ok  ETA:2h31m
     284/517  smsemoa     rc101_21      16    105   105        41360716     433s  ok  ETA:2h31m
     285/517  moead_ws    r201_21       86    105   104          126415     780s  ok  ETA:2h30m
     286/517  moead_ws    rc101_21      19    105   105         1327780     576s  ok  ETA:2h29m
     287/517  moead_ws    c201_21       53    105   105       539443451     868s  ok  ETA:2h28m
     288/517  moead_ws    c201_21       87    105   100         3363324     990s  ok  ETA:2h28m
     289/517  smsemoa     rc101_21      57    105   105        12305478     426s  ok  ETA:2h27m
     290/517  moead_ws    rc101_21      18    105    99         4224088     528s  ok  ETA:2h27m
     291/517  smsemoa     c201_21       40    105   105       118551544     749s  ok  ETA:2h26m
     292/517  nsga2       r201_21       10    105   105        72993383     687s  ok  ETA:2h25m
     293/517  smsemoa     r101_21        1    105   105        20999958     433s  ok  ETA:2h25m
     294/517  smsemoa     r101_21        4    105   105        12304098     413s  ok  ETA:2h25m
     295/517  smsemoa     rc201_21      74    105   105        43588875     615s  ok  ETA:2h24m
     296/517  moead_ws    rc101_21      69    105   102          961977     564s  ok  ETA:2h23m
     297/517  smsemoa     rc101_21      33    105   105         8782038     437s  ok  ETA:2h22m
     298/517  moead_ws    r201_21       61    105    99          192960     877s  ok  ETA:2h21m
     299/517  smsemoa     c101_21       41    105   105        54081539     464s  ok  ETA:2h21m
     300/517  moead_ws    rc201_21      35    105   105          364350     752s  ok  ETA:2h19m
     301/517  nsga2       c101_21       17    105   105       115403028     448s  ok  ETA:2h19m
     302/517  nsga2       r201_21       66    105   105       155017561     688s  ok  ETA:2h19m
     303/517  moead_ws    c201_21       30    105    53       395992162     837s  ok  ETA:2h18m
     304/517  smsemoa     c201_21       66    105   105        88483736     800s  ok  ETA:2h17m
     305/517  smsemoa     c101_21       56    105   105        99299280     471s  ok  ETA:2h16m
     306/517  nsga2       rc201_21      41    105   105       327999444     569s  ok  ETA:2h16m
     307/517  smsemoa     r101_21        9    105   105        39226480     425s  ok  ETA:2h15m
     308/517  moead_ws    rc201_21      93    105    66       325036854     692s  ok  ETA:2h14m
     309/517  nsga2       r101_21       63    105   105        27729244     431s  ok  ETA:2h14m
     310/517  moead_ws    rc101_21      82    105   103        47867651     523s  ok  ETA:2h13m
     311/517  moead_ws    rc101_21      91    105    98        69739806     526s  ok  ETA:2h12m
     312/517  nsga2       c201_21       61    105   105        74114938     786s  ok  ETA:2h12m
     313/517  moead_ws    c101_21       93    105    62       280709597     590s  ok  ETA:2h12m
     314/517  smsemoa     r101_21       33    105   105        34607033     454s  ok  ETA:2h11m
     315/517  smsemoa     rc201_21       3    105   105        94470384     664s  ok  ETA:2h10m
     316/517  smsemoa     r101_21       46    105   105        26934865     420s  ok  ETA:2h10m
     317/517  moead_ws    r101_21       42    105   105        51977511     508s  ok  ETA:2h09m
     318/517  nsga2       c101_21       22    105    83       130817625     483s  ok  ETA:2h08m
     319/517  smsemoa     r101_21       84    105   105        37623215     422s  ok  ETA:2h07m
     320/517  moead_ws    r201_21       42    105    98       147344374     697s  ok  ETA:2h06m
     321/517  smsemoa     c101_21        3    105   105        54861139     449s  ok  ETA:2h05m
     322/517  nsga2       c201_21       67    105   101       142969415     756s  ok  ETA:2h05m
     323/517  moead_ws    c101_21        5    105    93         4590565     638s  ok  ETA:2h04m
     324/517  moead_ws    r201_21       69    105   101          130147     866s  ok  ETA:2h03m
     325/517  smsemoa     r101_21       53    105   105        50346891     426s  ok  ETA:2h03m
     326/517  smsemoa     rc101_21      17    105   105        29788274     399s  ok  ETA:2h02m
     327/517  nsga2       r201_21       40    105   105       224467781     684s  ok  ETA:2h02m
     328/517  moead_ws    c101_21       70    105    28       213533322     629s  ok  ETA:2h01m
     329/517  nsga2       c101_21       34    105   105       249695307     498s  ok  ETA:2h00m
     330/517  nsga2       rc101_21      29    105   105       132338314     444s  ok  ETA:2h00m
     331/517  smsemoa     c201_21       99    105    84       143725402     845s  ok  ETA:2h00m
     332/517  smsemoa     r201_21       50    105   100        72236500     642s  ok  ETA:1h59m
     333/517  nsga2       r201_21       25    105   104        66112254     732s  ok  ETA:1h59m
     334/517  smsemoa     rc101_21     100    105   105        16628320     397s  ok  ETA:1h58m
     335/517  nsga2       r201_21       27    105   105        81592414     701s  ok  ETA:1h57m
     336/517  moead_ws    rc201_21      28    105    92       116533131     704s  ok  ETA:1h56m
     337/517  smsemoa     r201_21       74    105   105        56460260     699s  ok  ETA:1h55m
     338/517  moead_ws    r101_21       19    105   104          458849     550s  ok  ETA:1h54m
     339/517  moead_ws    rc101_21      74    105   103        76537847     510s  ok  ETA:1h54m
     340/517  moead_ws    r201_21       26    105    98          140548     791s  ok  ETA:1h53m
     341/517  smsemoa     rc201_21      59    105   105        25628196     669s  ok  ETA:1h52m
     342/517  smsemoa     r101_21       38    105   105        41407854     426s  ok  ETA:1h51m
     343/517  moead_ws    rc201_21      54    105    87       102541996     669s  ok  ETA:1h50m
     344/517  smsemoa     r101_21       18    105   105        45740155     432s  ok  ETA:1h49m
     345/517  smsemoa     rc101_21      46    105   105        31564925     450s  ok  ETA:1h49m
     346/517  moead_ws    r101_21       98    105   105        56663655     529s  ok  ETA:1h49m
     347/517  nsga2       rc101_21      95    105   105        55577673     422s  ok  ETA:1h49m
     348/517  smsemoa     c101_21       43    105   105       169579180     464s  ok  ETA:1h49m
     349/517  nsga2       r101_21       22    105   104        17255683     427s  ok  ETA:1h48m
     350/517  smsemoa     rc201_21      93    105   105       220952666     632s  ok  ETA:1h47m
     351/517  moead_ws    r101_21       18    105   103         2178580     576s  ok  ETA:1h46m
     352/517  smsemoa     c101_21       80    105   105       101258538     454s  ok  ETA:1h45m
     353/517  moead_ws    r101_21       57    105   104         1125303     550s  ok  ETA:1h44m
     354/517  smsemoa     r101_21       94    105   105        22456000     431s  ok  ETA:1h44m
     355/517  moead_ws    c101_21       94    105   105       198729543     608s  ok  ETA:1h43m
     356/517  moead_ws    c101_21       40    105   101       239143989     612s  ok  ETA:1h43m
     357/517  moead_ws    rc201_21      73    105   105       190263465     678s  ok  ETA:1h42m
     358/517  smsemoa     c201_21       42    105   105        37861838     817s  ok  ETA:1h41m
     359/517  smsemoa     rc201_21      30    105   105        39388052     674s  ok  ETA:1h41m
     360/517  nsga2       c201_21       53    105   105        45943886     798s  ok  ETA:1h40m
     361/517  moead_ws    rc201_21      18    105   101         1350913     834s  ok  ETA:1h40m
     362/517  moead_ws    rc101_21      76    105   100        36712270     529s  ok  ETA:1h39m
     363/517  smsemoa     rc201_21       2    105   105        59344248     630s  ok  ETA:1h39m
     364/517  moead_ws    r101_21       41    105   102        29525630     524s  ok  ETA:1h38m
     365/517  moead_ws    rc201_21      39    105    92        44547500     711s  ok  ETA:1h37m
     366/517  moead_ws    r101_21       26    105   103         1093733     536s  ok  ETA:1h37m
     367/517  nsga2       r201_21       90    105   104       160322177     666s  ok  ETA:1h36m
     368/517  nsga2       r201_21       41    105   105       215295995     627s  ok  ETA:1h35m
     369/517  moead_ws    rc201_21      96    105   103          565572     709s  ok  ETA:1h35m
     370/517  moead_ws    r201_21       57    105   102          518178     783s  ok  ETA:1h34m
     371/517  smsemoa     r201_21       97    105   101       144742818     648s  ok  ETA:1h34m
     372/517  moead_ws    rc201_21      81    105    74       166625540     721s  ok  ETA:1h33m
     373/517  smsemoa     c201_21        5    105   100        99373431     817s  ok  ETA:1h32m
     374/517  moead_ws    rc101_21       3    105   102         1718095     521s  ok  ETA:1h31m
     375/517  smsemoa     rc101_21      44    105   105        43364302     408s  ok  ETA:1h31m
     376/517  smsemoa     r101_21       48    105    88        15682810     425s  ok  ETA:1h30m
     377/517  moead_ws    rc201_21       9    105   104          557266     766s  ok  ETA:1h29m
     378/517  nsga2       r201_21       60    105   105        81441302     742s  ok  ETA:1h28m
     379/517  moead_ws    r101_21       39    105   105        54007977     513s  ok  ETA:1h28m
     380/517  smsemoa     r101_21       22    105   105        21203084     421s  ok  ETA:1h27m
     381/517  nsga2       rc101_21      44    105   105        27753398     406s  ok  ETA:1h26m
     382/517  nsga2       rc201_21      26    105   105       512434863     611s  ok  ETA:1h26m
     383/517  moead_ws    r201_21       71    105    84        43563177     728s  ok  ETA:1h25m
     384/517  nsga2       c101_21       90    105   102       466617737     509s  ok  ETA:1h25m
     385/517  nsga2       c101_21       44    105   105       225683962     478s  ok  ETA:1h25m
     386/517  nsga2       c201_21       24    105    99       117084018     764s  ok  ETA:1h24m
     387/517  moead_ws    r101_21       96    105   102          499927     513s  ok  ETA:1h23m
     388/517  moead_ws    r101_21       75    105   105        64176739     505s  ok  ETA:1h22m
     389/517  smsemoa     rc201_21      17    105   105       248745004     586s  ok  ETA:1h21m
     390/517  nsga2       rc101_21       6    105   105        92080085     421s  ok  ETA:1h21m
     391/517  smsemoa     r201_21       66    105   105        53042743     728s  ok  ETA:1h20m
     392/517  nsga2       c101_21       86    105   105       252425359     470s  ok  ETA:1h20m
     393/517  smsemoa     r201_21       85    105   105        31154011     714s  ok  ETA:1h19m
     394/517  moead_ws    c101_21       23    105   105       152648072     588s  ok  ETA:1h18m
     395/517  nsga2       r201_21       48    105   105        72961540     694s  ok  ETA:1h18m
     396/517  smsemoa     r201_21       55    105   105        81840028     676s  ok  ETA:1h17m
     397/517  moead_ws    r201_21       73    105    93        86644771     734s  ok  ETA:1h16m
     398/517  nsga2       rc101_21      21    105   105        38184384     453s  ok  ETA:1h15m
     399/517  smsemoa     r101_21       72    105   105        30603973     406s  ok  ETA:1h15m
     400/517  moead_ws    r201_21       43    105    92        33403447     852s  ok  ETA:1h14m
     401/517  smsemoa     c101_21       86    105   105       197414892     466s  ok  ETA:1h14m
     402/517  moead_ws    r101_21        4    105   105        28660622     510s  ok  ETA:1h13m
     403/517  smsemoa     c201_21       78    105   105       103681640     823s  ok  ETA:1h12m
     404/517  smsemoa     r101_21       29    105   105        48125005     410s  ok  ETA:1h12m
     405/517  smsemoa     rc201_21      27    105   105       129028397     591s  ok  ETA:1h11m
     406/517  nsga2       rc201_21      54    105   105        98191922     648s  ok  ETA:1h10m
     407/517  smsemoa     rc101_21      19    105   105        53807024     435s  ok  ETA:1h10m
     408/517  moead_ws    r101_21       74    105   104        33268733     514s  ok  ETA:1h09m
     409/517  moead_ws    r101_21       47    105   102         1282765     521s  ok  ETA:1h09m
     410/517  smsemoa     c201_21       20    105    79       146520184     764s  ok  ETA:1h08m
     411/517  moead_ws    c201_21        2    105    96         2917475     850s  ok  ETA:1h07m
     412/517  nsga2       c101_21        4    105   105       149261654     471s  ok  ETA:1h07m
     413/517  moead_ws    rc201_21      75    105    92       374850304     645s  ok  ETA:1h06m
     414/517  nsga2       rc101_21      20    105   105        41158483     415s  ok  ETA:1h05m
     415/517  moead_ws    rc201_21      84    105   104          848416     741s  ok  ETA:1h05m
     416/517  nsga2       r201_21       59    105   105       121184465     662s  ok  ETA:1h04m
     417/517  nsga2       r201_21       17    105   105        38995603     741s  ok  ETA:1h03m
     418/517  nsga2       rc201_21      13    105   105       132358057     598s  ok  ETA:1h03m
     419/517  smsemoa     c101_21       95    105   105       102965532     450s  ok  ETA:1h02m
     420/517  moead_ws    c101_21       33    105    99         1783425     692s  ok  ETA:1h02m
     421/517  smsemoa     c201_21       19    105   105       167786202     760s  ok  ETA:1h01m
     422/517  moead_ws    c101_21       11    105   105       176603748     613s  ok  ETA:1h00m
     423/517  smsemoa     r101_21       89    105   105        37143584     450s  ok  ETA:1h00m
     424/517  moead_ws    r101_21       34    105   103        46962009     522s  ok  ETA:0h59m
     425/517  moead_ws    c201_21       56    105    91       128283119     864s  ok  ETA:0h58m
     426/517  moead_ws    c201_21       96    105   102         1022996     822s  ok  ETA:0h58m
     427/517  nsga2       rc101_21      60    105   105        42072748     430s  ok  ETA:0h57m
     428/517  smsemoa     rc101_21       3    105   105        29527614     429s  ok  ETA:0h56m
     429/517  moead_ws    r101_21        1    105   105        47659368     544s  ok  ETA:0h56m
     430/517  moead_ws    c201_21        8    105    90       566710994     930s  ok  ETA:0h55m
     431/517  moead_ws    r101_21        9    105   105          803821     519s  ok  ETA:0h54m
     432/517  nsga2       rc101_21      75    105   105        27356977     422s  ok  ETA:0h54m
     433/517  nsga2       c201_21        2    105   105        22824803     865s  ok  ETA:0h53m
     434/517  smsemoa     c201_21       57    105   105        58442340     798s  ok  ETA:0h53m
     435/517  moead_ws    c101_21        1    105   103       348486573     582s  ok  ETA:0h52m
     436/517  nsga2       c201_21       63    105   105       186825935     724s  ok  ETA:0h52m
     437/517  moead_ws    rc101_21      64    105   105        41244637     525s  ok  ETA:0h51m
     438/517  nsga2       rc201_21      35    105   104       385197779     606s  ok  ETA:0h50m
     439/517  smsemoa     rc201_21      90    105   105        84641862     616s  ok  ETA:0h49m
     440/517  smsemoa     c101_21       85    105   105       108664956     472s  ok  ETA:0h49m
     441/517  nsga2       c101_21       62    105   105       334563049     483s  ok  ETA:0h48m
     442/517  smsemoa     c201_21       67    105   105       141317984     823s  ok  ETA:0h48m
     443/517  moead_ws    rc201_21      79    105    95       189979196     668s  ok  ETA:0h47m
     444/517  nsga2       c101_21       30    105   104       119110778     480s  ok  ETA:0h46m
     445/517  smsemoa     r201_21       54    105   105        13373943     674s  ok  ETA:0h46m
     446/517  moead_ws    rc201_21      62    105   101          751062     745s  ok  ETA:0h45m
     447/517  moead_ws    c201_21        4    105   105       363038532     887s  ok  ETA:0h44m
     448/517  smsemoa     rc101_21       2    105   105        19810745     425s  ok  ETA:0h44m
     449/517  smsemoa     c201_21       91    105    61        50740231     787s  ok  ETA:0h43m
     450/517  smsemoa     rc201_21      84    105   105       189078228     576s  ok  ETA:0h42m
     451/517  nsga2       r101_21       58    105   103        28669165     446s  ok  ETA:0h42m
     452/517  moead_ws    rc201_21      70    105    55       451658802     642s  ok  ETA:0h41m
     453/517  moead_ws    r201_21       37    105   105        63011926     759s  ok  ETA:0h40m
     454/517  nsga2       r101_21       60    105   105        41950664     439s  ok  ETA:0h40m
     455/517  nsga2       c101_21       85    105   105       370786220     473s  ok  ETA:0h39m
     456/517  moead_ws    c101_21       96    105    81          972069     664s  ok  ETA:0h39m
     457/517  nsga2       c201_21       96    105    77       143003302     730s  ok  ETA:0h38m
     458/517  moead_ws    rc101_21      13    105   105        74903422     523s  ok  ETA:0h37m
     459/517  smsemoa     c201_21       62    105   105        41437286     815s  ok  ETA:0h37m
     460/517  moead_ws    r101_21       11    105   105        53116536     547s  ok  ETA:0h36m
     461/517  smsemoa     r101_21       78    105   105        21267256     431s  ok  ETA:0h35m
     462/517  smsemoa     rc101_21      15    105   105        40060314     406s  ok  ETA:0h35m
     463/517  smsemoa     c101_21        5    105   105        88677190     455s  ok  ETA:0h34m
     464/517  nsga2       rc101_21      46    105   105        34758524     443s  ok  ETA:0h33m
     465/517  nsga2       r101_21       34    105   103        26398852     422s  ok  ETA:0h33m
     466/517  moead_ws    rc201_21      40    105    94       173635246     733s  ok  ETA:0h32m
     467/517  moead_ws    rc201_21      61    105   103          712700     782s  ok  ETA:0h31m
     468/517  nsga2       c101_21       23    105   105       136941959     462s  ok  ETA:0h31m
     469/517  smsemoa     r101_21       25    105   105        11685370     404s  ok  ETA:0h30m
     470/517  smsemoa     r101_21       36    105   105        31007610     428s  ok  ETA:0h29m
     471/517  moead_ws    c101_21       78    105   100       585105026     614s  ok  ETA:0h29m
     472/517  nsga2       c201_21       57    105   105       217286832     888s  ok  ETA:0h28m
     473/517  moead_ws    r101_21       65    105   100        40655273     511s  ok  ETA:0h27m
     474/517  nsga2       c101_21       61    105   105       129550407     453s  ok  ETA:0h27m
     475/517  nsga2       r201_21       68    105   105       226599205     643s  ok  ETA:0h26m
     476/517  moead_ws    rc101_21      14    105   103        53746381     538s  ok  ETA:0h26m
     477/517  nsga2       rc201_21      58    105   105       507042077     572s  ok  ETA:0h25m
     478/517  moead_ws    rc101_21      20    105   104         2588522     519s  ok  ETA:0h24m
     479/517  smsemoa     r201_21       40    105   105        78308610     669s  ok  ETA:0h24m
     480/517  nsga2       c101_21       67    105   105        81790562     485s  ok  ETA:0h23m
     481/517  nsga2       r101_21        9    105   105        57649105     422s  ok  ETA:0h22m
     482/517  moead_ws    r201_21       39    105   105        57495585     771s  ok  ETA:0h22m
     483/517  moead_ws    rc101_21       1    105    92        24392681     517s  ok  ETA:0h21m
     484/517  nsga2       r201_21        6    105   105       226413880     697s  ok  ETA:0h20m
     485/517  nsga2       r201_21       35    105   105       215099478     678s  ok  ETA:0h20m
     486/517  nsga2       c201_21       78    105   105        72264383     748s  ok  ETA:0h19m
     487/517  moead_ws    rc201_21      42    105    97       143003711     691s  ok  ETA:0h19m
     488/517  smsemoa     r201_21       43    105   101        78955665     683s  ok  ETA:0h18m
     489/517  nsga2       c101_21       77    105   104        83653184     480s  ok  ETA:0h17m
     490/517  nsga2       rc101_21      33    105   105        84753930     429s  ok  ETA:0h17m
     491/517  moead_ws    c101_21       76    105   103       223045316     581s  ok  ETA:0h16m
     492/517  nsga2       c101_21       78    105   105       164738533     480s  ok  ETA:0h15m
     493/517  moead_ws    c201_21       37    105   105       155929062     840s  ok  ETA:0h15m
     494/517  smsemoa     r101_21       32    105   105        30266652     435s  ok  ETA:0h14m
     495/517  nsga2       rc201_21      90    105   105       188101510     600s  ok  ETA:0h13m
     496/517  smsemoa     c101_21       87    105   105        89082004     455s  ok  ETA:0h13m
     497/517  moead_ws    rc201_21      31    105   102         1321247     690s  ok  ETA:0h12m
     498/517  smsemoa     r101_21       23    105   105        29957042     409s  ok  ETA:0h12m
     499/517  moead_ws    r101_21       23    105   104        51243476     518s  ok  ETA:0h11m
     500/517  nsga2       r201_21        8    105   105       229834865     687s  ok  ETA:0h10m
     501/517  moead_ws    c201_21       48    105    95         2573647     945s  ok  ETA:0h10m
     502/517  moead_ws    r101_21       37    105    94        44654772     526s  ok  ETA:0h09m
     503/517  moead_ws    rc101_21      48    105    99         4641298     520s  ok  ETA:0h08m
     504/517  smsemoa     r201_21       27    105   105        80559279     704s  ok  ETA:0h08m
     505/517  nsga2       rc101_21      62    105   105        19453388     407s  ok  ETA:0h07m
     506/517  nsga2       r101_21       73    105   105        47672103     414s  ok  ETA:0h07m
     507/517  moead_ws    r201_21       98    105    98       110112554     873s  ok  ETA:0h06m
     508/517  smsemoa     c201_21        3    105   105        26167913     798s  ok  ETA:0h05m
     509/517  moead_ws    r201_21       82    105    91        24491411     702s  ok  ETA:0h05m
     510/517  smsemoa     c201_21       34    105    86       157075163     768s  ok  ETA:0h04m
     511/517  moead_ws    c101_21       55    105   105       131588912     568s  ok  ETA:0h03m
     512/517  moead_ws    r101_21       14    105    96       100773464     523s  ok  ETA:0h03m
     513/517  moead_ws    r201_21       84    105   101          110048     836s  ok  ETA:0h02m
     514/517  moead_ws    c201_21       81    105   102       325745342     866s  ok  ETA:0h01m
     515/517  nsga2       r201_21       61    105   105        36859008     675s  ok  ETA:0h01m
     516/517  nsga2       r201_21       83    105   105       116774225     669s  ok  ETA:0h00m
     517/517  nsga2       c201_21       70    105   105        76851190     774s  ok  ETA:0h00m

  Concluído em 5h 31m 38s  |  Erros: 0/517
  index.csv → /home/rafael/MOEA_EVRP_TCC/results/tuning_rs_v2/machine4/index.csv
