
====================================================================
  HYPERTUNING RANDOM SEARCH — EVRPTW TCC
====================================================================
  Modo       : --run
  Diretório  : /home/rafael/MOEA_EVRP_TCC/results/tuning_rs_v2
====================================================================

====================================================================
  TUNING RS — machine 1
====================================================================
  Total tasks desta máquina : 517
  Pendentes                 : 517
  Already done              : 0
  n_evals por run           : 600,000
  Workers                   : 16
  ETA estimado              : ~15.2h
  Saída                     : /home/rafael/MOEA_EVRP_TCC/results/tuning_rs_v2/machine1
====================================================================

       #  Alg         Inst         Cfg   Feas    ND        HV_local    Tempo  Status
  ------  ----------  ----------  ----  -----  ----  --------------  -------  --------------------
       1/517  nsga2       r101_21       46    105   105        40398528     422s  ok  ETA:60h34m
       2/517  smsemoa     c101_21       48    105   105        55824863     455s  ok  ETA:32h34m
       3/517  moead_ws    rc101_21      38    105    92        57177775     524s  ok  ETA:24h58m
       4/517  moead_ws    r101_21       21    105   105          283553     534s  ok  ETA:19h02m
       5/517  moead_ws    r101_21       91    105   104        99004572     541s  ok  ETA:15h23m
       6/517  moead_ws    rc101_21      21    105   103           51440     543s  ok  ETA:12h51m
       7/517  moead_ws    r101_21        3    105   103         2413305     563s  ok  ETA:11h24m
       8/517  moead_ws    c101_21       89    105    92       246500444     603s  ok  ETA:10h39m
       9/517  nsga2       rc201_21      51    105   105        54347593     608s  ok  ETA:9h32m
      10/517  smsemoa     rc201_21      95    105   105        33561281     613s  ok  ETA:8h38m
      11/517  nsga2       rc201_21      15    105   104        70635770     616s  ok  ETA:7h52m
      12/517  nsga2       r201_21       95    105   105        46631138     643s  ok  ETA:7h31m
      13/517  smsemoa     r201_21       25    105   105        23722772     672s  ok  ETA:7h14m
      14/517  smsemoa     c201_21       71    105   105        77795807     756s  ok  ETA:7h32m
      15/517  moead_ws    r201_21       29    105    94        43900410     770s  ok  ETA:7h09m
      16/517  nsga2       c201_21       66    105    87       801956173     794s  ok  ETA:6h54m
      17/517  nsga2       r101_21       86    105   105        39606331     418s  ok  ETA:7h08m
      18/517  smsemoa     r101_21       82    105   105        28885126     434s  ok  ETA:7h40m
      19/517  moead_ws    c101_21       44    105    60       261801861     616s  ok  ETA:7h33m
      20/517  smsemoa     rc101_21      29    105   105        73222701     434s  ok  ETA:7h11m
      21/517  moead_ws    rc101_21      71    105   102        54443499     509s  ok  ETA:6h53m
      22/517  nsga2       rc201_21      16    105   105        52691004     642s  ok  ETA:7h21m
      23/517  moead_ws    rc101_21      16    105   103         3566915     571s  ok  ETA:7h04m
      24/517  smsemoa     rc101_21      88    105   101        55704810     426s  ok  ETA:6h49m
      25/517  nsga2       r201_21       39    105   102        68450926     662s  ok  ETA:6h35m
      26/517  nsga2       c101_21       15    105   105       130641142     459s  ok  ETA:6h34m
      27/517  nsga2       r201_21       55    105   104       200611680     655s  ok  ETA:6h20m
      28/517  smsemoa     r201_21        8    105   105        54228269     680s  ok  ETA:6h25m
      29/517  moead_ws    c101_21       51    105    97         4244384     658s  ok  ETA:6h13m
      30/517  moead_ws    r201_21       18    105   100          366514     894s  ok  ETA:6h23m
      31/517  smsemoa     c201_21       29    105    89        38538214     825s  ok  ETA:6h16m
      32/517  smsemoa     rc101_21      62    105   105        48485078     439s  ok  ETA:6h13m
      33/517  smsemoa     c201_21       21    105    63       144302834     846s  ok  ETA:6h31m
      34/517  smsemoa     rc101_21      78    105   105        53198894     419s  ok  ETA:6h24m
      35/517  moead_ws    c101_21       60    105    94       185444733     598s  ok  ETA:6h18m
      36/517  moead_ws    c101_21       21    105   101          976877     685s  ok  ETA:6h14m
      37/517  smsemoa     rc201_21       6    105   105       103092020     649s  ok  ETA:6h05m
      38/517  nsga2       c201_21       55    105   103        71130980     828s  ok  ETA:5h57m
      39/517  moead_ws    rc101_21      84    105   102          550093     541s  ok  ETA:5h54m
      40/517  nsga2       rc101_21      99    105   105        36729183     435s  ok  ETA:5h50m
      41/517  moead_ws    c101_21       34    105   103       147323005     581s  ok  ETA:5h41m
      42/517  nsga2       c101_21       55    105   105       153960143     503s  ok  ETA:5h44m
      43/517  smsemoa     rc101_21       8    105   105        22575582     431s  ok  ETA:5h39m
      44/517  moead_ws    c101_21       91    105   102       498648765     607s  ok  ETA:5h33m
      45/517  smsemoa     rc101_21      23    105   105        22490962     422s  ok  ETA:5h25m
      46/517  moead_ws    r201_21       44    105    84       135050778     722s  ok  ETA:5h23m
      47/517  nsga2       rc101_21      72    105   105        15920102     424s  ok  ETA:5h41m
      48/517  moead_ws    r201_21       55    105   104        16941871     862s  ok  ETA:5h45m
      49/517  nsga2       r101_21        4    105   105        92841438     437s  ok  ETA:5h38m
      50/517  smsemoa     rc101_21      94    105   105        11734669     426s  ok  ETA:5h36m
      51/517  smsemoa     c101_21       88    105   101        80740169     459s  ok  ETA:5h38m
      52/517  moead_ws    r201_21        4    105    93        56365300     764s  ok  ETA:5h34m
      53/517  nsga2       rc201_21      68    105   105       487906474     570s  ok  ETA:5h31m
      54/517  moead_ws    rc101_21      27    105   104        23352630     506s  ok  ETA:5h24m
      55/517  nsga2       r101_21       54    105   105        17706864     430s  ok  ETA:5h21m
      56/517  moead_ws    rc201_21      38    105    92        29110136     711s  ok  ETA:5h17m
      57/517  smsemoa     c101_21       44    105   105        28589003     446s  ok  ETA:5h15m
      58/517  smsemoa     r201_21       79    105   105        85263574     683s  ok  ETA:5h11m
      59/517  nsga2       c201_21        5    105   105       169231400     852s  ok  ETA:5h23m
      60/517  smsemoa     rc201_21      16    105   105        57274080     654s  ok  ETA:5h17m
      61/517  smsemoa     r201_21       82    105   105        73268172     691s  ok  ETA:5h17m
      62/517  smsemoa     rc101_21       7    105   105        21613451     425s  ok  ETA:5h12m
      63/517  nsga2       c201_21       46    105   105        40443361     775s  ok  ETA:5h12m
      64/517  smsemoa     rc101_21       6    105   105        41962298     416s  ok  ETA:5h17m
      65/517  smsemoa     r201_21        2    105   105        37746999     688s  ok  ETA:5h17m
      66/517  smsemoa     rc201_21      58    105   105        51099873     636s  ok  ETA:5h13m
      67/517  smsemoa     rc101_21      84    105   105        23231450     432s  ok  ETA:5h10m
      68/517  nsga2       c101_21       71    105   105       231711829     479s  ok  ETA:5h07m
      69/517  moead_ws    r101_21       95    105    99         2206220     566s  ok  ETA:5h03m
      70/517  nsga2       r201_21       88    105   105       292051260     657s  ok  ETA:5h00m
      71/517  moead_ws    rc101_21      29    105   102        40228199     516s  ok  ETA:5h01m
      72/517  smsemoa     r101_21       68    105   105        21779490     422s  ok  ETA:5h06m
      73/517  moead_ws    rc201_21      82    105    89        40041623     699s  ok  ETA:5h03m
      74/517  smsemoa     c201_21       22    105   105        88853333     728s  ok  ETA:4h59m
      75/517  moead_ws    r201_21       16    105    98          735804     802s  ok  ETA:4h57m
      76/517  nsga2       rc101_21      69    105   105        83676729     436s  ok  ETA:5h06m
      77/517  moead_ws    c101_21       69    105   100         1351469     699s  ok  ETA:5h04m
      78/517  nsga2       rc101_21      43    105    97       179097611     436s  ok  ETA:5h01m
      79/517  nsga2       c201_21       54    105   105       171561767     751s  ok  ETA:5h00m
      80/517  nsga2       c201_21       92    105   105       279107486     732s  ok  ETA:4h58m
      81/517  moead_ws    c101_21       73    105    87       214141416     566s  ok  ETA:5h01m
      82/517  nsga2       rc201_21      29    105   105       195735625     641s  ok  ETA:5h00m
      83/517  nsga2       rc101_21      59    105   105        47004042     430s  ok  ETA:4h56m
      84/517  nsga2       rc201_21      37    105   105       614980854     590s  ok  ETA:4h52m
      85/517  smsemoa     c201_21        8    105   105        73980264     821s  ok  ETA:4h49m
      86/517  moead_ws    c101_21       39    105   104        68391478     616s  ok  ETA:4h52m
      87/517  moead_ws    c201_21       51    105    98         1518904     829s  ok  ETA:4h49m
      88/517  smsemoa     c201_21       24    105   105       148953947     796s  ok  ETA:4h52m
      89/517  nsga2       rc201_21      57    105   105        68765368     626s  ok  ETA:4h50m
      90/517  nsga2       rc101_21      34    105   105        25863965     433s  ok  ETA:4h48m
      91/517  moead_ws    rc201_21      90    105   104         1658941     791s  ok  ETA:4h55m
      92/517  moead_ws    rc101_21      49    105   105        79567660     527s  ok  ETA:4h53m
      93/517  nsga2       c201_21       52    105   104       320251549     792s  ok  ETA:4h50m
      94/517  moead_ws    rc101_21      37    105   105        60202712     523s  ok  ETA:4h51m
      95/517  smsemoa     c101_21       79    105   104        91881976     474s  ok  ETA:4h54m
      96/517  moead_ws    c101_21       77    105   105       121341708     598s  ok  ETA:4h51m
      97/517  smsemoa     c201_21       59    105   105        80097596     833s  ok  ETA:4h49m
      98/517  moead_ws    r201_21       75    105    92        92694199     752s  ok  ETA:4h45m
      99/517  moead_ws    c201_21       70    105    46       919939283     823s  ok  ETA:4h43m
     100/517  nsga2       rc101_21      13    105   105        41449850     437s  ok  ETA:4h40m
     101/517  moead_ws    r101_21       90    105    86         2085877     547s  ok  ETA:4h38m
     102/517  moead_ws    rc201_21       2    105    93          640250     748s  ok  ETA:4h41m
     103/517  nsga2       c201_21       51    105   105       108411263     756s  ok  ETA:4h39m
     104/517  smsemoa     r101_21        3    105   105        35132056     426s  ok  ETA:4h40m
     105/517  moead_ws    c201_21       25    105    92       509005296     833s  ok  ETA:4h37m
     106/517  nsga2       r201_21       77    105   105       231295870     664s  ok  ETA:4h36m
     107/517  smsemoa     rc101_21      97    105   104        42990926     428s  ok  ETA:4h35m
     108/517  moead_ws    r101_21       36    105   104        68010594     540s  ok  ETA:4h35m
     109/517  smsemoa     rc101_21      40    105   105        26326086     423s  ok  ETA:4h34m
     110/517  nsga2       c201_21       32    105   105        47746936     795s  ok  ETA:4h33m
     111/517  smsemoa     r201_21        9    105   105        29856305     654s  ok  ETA:4h31m
     112/517  moead_ws    r101_21       59    105   104        60820937     520s  ok  ETA:4h32m
     113/517  moead_ws    r101_21        6    105   104         1439936     562s  ok  ETA:4h31m
     114/517  nsga2       rc101_21      87    105   105        38767578     422s  ok  ETA:4h29m
     115/517  moead_ws    rc101_21       5    105   103         1650692     548s  ok  ETA:4h27m
     116/517  smsemoa     r101_21       50    105   105        13072731     426s  ok  ETA:4h28m
     117/517  nsga2       r201_21       38    105   105       205534932     668s  ok  ETA:4h29m
     118/517  smsemoa     rc201_21      24    105   105        68862621     607s  ok  ETA:4h29m
     119/517  nsga2       c201_21        7    105    87       960798036     767s  ok  ETA:4h26m
     120/517  nsga2       c201_21       42    105   105        49331384     833s  ok  ETA:4h26m
     121/517  smsemoa     r101_21       16    105   105        21295984     413s  ok  ETA:4h31m
     122/517  moead_ws    rc101_21      63    105   102        42660115     529s  ok  ETA:4h28m
     123/517  smsemoa     r201_21       18    105   105        50390047     763s  ok  ETA:4h26m
     124/517  moead_ws    c101_21       84    105   104         1673461     664s  ok  ETA:4h25m
     125/517  nsga2       rc201_21      38    105   105       178483861     613s  ok  ETA:4h24m
     126/517  moead_ws    r201_21       96    105   102          443113     858s  ok  ETA:4h25m
     127/517  smsemoa     c201_21       81    105   105        72808267     867s  ok  ETA:4h24m
     128/517  moead_ws    r101_21       82    105    93       140055898     539s  ok  ETA:4h23m
     129/517  smsemoa     r201_21       60    105   105        20824298     726s  ok  ETA:4h23m
     130/517  moead_ws    r101_21      100    105   103          650097     525s  ok  ETA:4h20m
     131/517  moead_ws    r201_21        9    105   105          202510     933s  ok  ETA:4h21m
     132/517  smsemoa     c201_21       44    105   105       101011386     790s  ok  ETA:4h21m
     133/517  moead_ws    rc201_21       5    105    99         1082365     810s  ok  ETA:4h19m
     134/517  moead_ws    r101_21       67    105   100         1689970     575s  ok  ETA:4h17m
     135/517  moead_ws    rc201_21      10    105   103        68329807     651s  ok  ETA:4h16m
     136/517  smsemoa     rc201_21      13    105   105        75552622     728s  ok  ETA:4h17m
     137/517  nsga2       r101_21       16    105   105        18685132     429s  ok  ETA:4h17m
     138/517  moead_ws    r101_21       31    105   103         2696687     561s  ok  ETA:4h15m
     139/517  nsga2       r201_21       84    105   105       137663044     653s  ok  ETA:4h15m
     140/517  nsga2       c101_21       26    105   103       347729320     474s  ok  ETA:4h13m
     141/517  moead_ws    rc201_21      65    105    92        47788036     674s  ok  ETA:4h12m
     142/517  nsga2       c101_21       27    105   105       122771482     475s  ok  ETA:4h10m
     143/517  moead_ws    r201_21       27    105   100        36571046     788s  ok  ETA:4h10m
     144/517  moead_ws    rc201_21       1    105    92        86329901     719s  ok  ETA:4h09m
     145/517  moead_ws    rc101_21      92    105   105        34573160     534s  ok  ETA:4h07m
     146/517  smsemoa     r101_21       41    105   104        18196479     434s  ok  ETA:4h06m
     147/517  smsemoa     rc101_21       1    105   105        29998986     429s  ok  ETA:4h03m
     148/517  nsga2       r101_21        7    105   105        34983377     440s  ok  ETA:4h03m
     149/517  nsga2       rc201_21      99    105   105       126257278     624s  ok  ETA:4h02m
     150/517  nsga2       rc101_21      57    105   105        19943989     435s  ok  ETA:4h02m
     151/517  smsemoa     rc201_21      64    105   105       117963900     643s  ok  ETA:4h01m
     152/517  nsga2       rc201_21       2    105   105       208305270     618s  ok  ETA:4h07m
     153/517  smsemoa     c201_21       10    105   105        99524055     786s  ok  ETA:4h06m
     154/517  smsemoa     c101_21       30    105   105       209041954     470s  ok  ETA:4h04m
     155/517  nsga2       r101_21       80    105   105        41090660     415s  ok  ETA:4h02m
     156/517  nsga2       rc201_21      62    105   105        55443336     664s  ok  ETA:4h00m
     157/517  nsga2       r101_21       44    105   105        65326532     436s  ok  ETA:4h00m
     158/517  smsemoa     r201_21       20    105   105       117292905     645s  ok  ETA:3h58m
     159/517  smsemoa     r201_21       81    105   105        50729566     691s  ok  ETA:3h57m
     160/517  moead_ws    rc101_21       2    105    57         5778540     565s  ok  ETA:3h55m
     161/517  nsga2       r201_21       74    105   105       237602676     665s  ok  ETA:3h53m
     162/517  smsemoa     rc101_21       9    105   105        15999737     417s  ok  ETA:3h52m
     163/517  nsga2       r201_21       57    105   105        79467268     695s  ok  ETA:3h50m
     164/517  nsga2       c201_21       98    105    83        46738581     791s  ok  ETA:3h56m
     165/517  nsga2       rc201_21      88    105   105       159822325     617s  ok  ETA:3h54m
     166/517  moead_ws    r201_21       58    105   105        97449055     825s  ok  ETA:3h53m
     167/517  nsga2       rc101_21      23    105   105        31022360     420s  ok  ETA:3h52m
     168/517  moead_ws    c201_21        5    105    92         1277267     780s  ok  ETA:3h50m
     169/517  nsga2       rc101_21      79    105   105        54016682     440s  ok  ETA:3h52m
     170/517  nsga2       r101_21       25    105   105        31395085     431s  ok  ETA:3h51m
     171/517  moead_ws    c101_21        4    105   105       193606155     616s  ok  ETA:3h50m
     172/517  smsemoa     r201_21       11    105   105       131477437     643s  ok  ETA:3h49m
     173/517  moead_ws    c101_21       92    105   102        83267775     608s  ok  ETA:3h48m
     174/517  moead_ws    c101_21       98    105   101       317057138     606s  ok  ETA:3h47m
     175/517  nsga2       r201_21       80    105   105        93979112     727s  ok  ETA:3h47m
     176/517  nsga2       r101_21       95    105   105        27597392     411s  ok  ETA:3h46m
     177/517  smsemoa     rc101_21      79    105   103        53007271     433s  ok  ETA:3h44m
     178/517  moead_ws    r201_21       87    105    99          339215     881s  ok  ETA:3h44m
     179/517  nsga2       c201_21       94    105   105        69968738     775s  ok  ETA:3h42m
     180/517  nsga2       r101_21       20    105   105        32747095     419s  ok  ETA:3h40m
     181/517  nsga2       r101_21       75    105   105        27796661     420s  ok  ETA:3h42m
     182/517  moead_ws    c201_21       82    105   105       634012116     866s  ok  ETA:3h40m
     183/517  smsemoa     c201_21       26    105   105       143544827     881s  ok  ETA:3h40m
     184/517  nsga2       r101_21       27    105   105        21306170     428s  ok  ETA:3h39m
     185/517  nsga2       r201_21       11    105   105       217154623     676s  ok  ETA:3h39m
     186/517  nsga2       rc101_21      90    105   105       125261353     432s  ok  ETA:3h37m
     187/517  smsemoa     r201_21       64    105   105        46437498     700s  ok  ETA:3h35m
     188/517  smsemoa     r101_21       19    105   105        24463960     425s  ok  ETA:3h34m
     189/517  smsemoa     rc201_21      60    105   105       105733795     607s  ok  ETA:3h39m
     190/517  nsga2       rc201_21      71    105   105        75761583     596s  ok  ETA:3h37m
     191/517  moead_ws    rc101_21      51    105   102          837923     546s  ok  ETA:3h36m
     192/517  smsemoa     c201_21       43    105   105        76847604     815s  ok  ETA:3h36m
     193/517  moead_ws    c201_21       69    105   103         1008299     885s  ok  ETA:3h35m
     194/517  smsemoa     r201_21       58    105   105        65464140     693s  ok  ETA:3h33m
     195/517  smsemoa     r101_21       73    105   105        24619895     416s  ok  ETA:3h33m
     196/517  smsemoa     c101_21       15    105   105        83785534     461s  ok  ETA:3h32m
     197/517  nsga2       r201_21       87    105   105        31184959     728s  ok  ETA:3h31m
     198/517  moead_ws    rc201_21      69    105    98          248764     766s  ok  ETA:3h30m
     199/517  smsemoa     r201_21       88    105   105       134618801     675s  ok  ETA:3h29m
     200/517  moead_ws    c201_21       85    105   104       161582257     843s  ok  ETA:3h32m
     201/517  smsemoa     r201_21       37    105   105        43447779     775s  ok  ETA:3h30m
     202/517  nsga2       rc101_21       7    105   105        73618740     429s  ok  ETA:3h31m
     203/517  moead_ws    rc101_21      97    105   104         2819424     555s  ok  ETA:3h29m
     204/517  nsga2       r101_21       87    105   105        32566419     408s  ok  ETA:3h29m
     205/517  smsemoa     c201_21       31    105   105        70937646     849s  ok  ETA:3h27m
     206/517  moead_ws    c201_21       23    105   104        87149865     977s  ok  ETA:3h27m
     207/517  smsemoa     c101_21       99    105   105        56519004     445s  ok  ETA:3h25m
     208/517  smsemoa     rc201_21      69    105   105       107130659     618s  ok  ETA:3h25m
     209/517  moead_ws    c201_21       83    105    92         1593249    1021s  ok  ETA:3h25m
     210/517  nsga2       c201_21       72    105   105       153889484     753s  ok  ETA:3h23m
     211/517  moead_ws    r201_21       49    105    92        39710920     728s  ok  ETA:3h21m
     212/517  moead_ws    rc101_21      78    105    96        45372233     523s  ok  ETA:3h20m
     213/517  moead_ws    r201_21       89    105    87       133932035     735s  ok  ETA:3h20m
     214/517  smsemoa     r101_21       64    105   105        37087974     427s  ok  ETA:3h22m
     215/517  smsemoa     rc101_21      12    105   105        23095752     430s  ok  ETA:3h21m
     216/517  moead_ws    c201_21        6    105    97          853531     840s  ok  ETA:3h20m
     217/517  moead_ws    r201_21       74    105   100       143241740     799s  ok  ETA:3h19m
     218/517  nsga2       r101_21       77    105   105        44944418     415s  ok  ETA:3h19m
     219/517  moead_ws    c101_21        3    105    87         2151794     681s  ok  ETA:3h17m
     220/517  smsemoa     r101_21        8    105   105        43400141     418s  ok  ETA:3h17m
     221/517  moead_ws    r101_21       30    105    83        46269757     555s  ok  ETA:3h16m
     222/517  moead_ws    c101_21       67    105    93         2211025     668s  ok  ETA:3h14m
     223/517  nsga2       c101_21       29    105   105       108660291     459s  ok  ETA:3h13m
     224/517  moead_ws    rc201_21      89    105    94       353850075     657s  ok  ETA:3h12m
     225/517  moead_ws    c201_21       79    105    76       404725533     857s  ok  ETA:3h12m
     226/517  nsga2       r201_21       31    105   105        70715152     695s  ok  ETA:3h11m
     227/517  nsga2       rc201_21      17    105   102       237463066     588s  ok  ETA:3h10m
     228/517  nsga2       rc101_21      14    105   105        47529684     425s  ok  ETA:3h11m
     229/517  moead_ws    c101_21       17    105    98         2400483     663s  ok  ETA:3h10m
     230/517  moead_ws    rc201_21      50    105   104          183817     814s  ok  ETA:3h10m
     231/517  nsga2       rc201_21      81    105   105        78418713     624s  ok  ETA:3h09m
     232/517  nsga2       rc201_21      36    105   105       365418326     589s  ok  ETA:3h08m
     233/517  smsemoa     rc101_21      31    105   105        22741496     427s  ok  ETA:3h06m
     234/517  smsemoa     r101_21        7    105   105        21090028     433s  ok  ETA:3h05m
     235/517  smsemoa     c101_21       28    105   105        65202704     454s  ok  ETA:3h04m
     236/517  smsemoa     r101_21        6    105   105        39513211     439s  ok  ETA:3h03m
     237/517  smsemoa     rc101_21      41    105   102        75987335     436s  ok  ETA:3h02m
     238/517  moead_ws    r101_21       62    105   105          438828     566s  ok  ETA:3h01m
     239/517  smsemoa     c101_21       26    105   105       179157598     454s  ok  ETA:3h01m
     240/517  moead_ws    rc201_21      32    105    91        77122673     653s  ok  ETA:3h00m
     241/517  moead_ws    c201_21       73    105   100       454189115     824s  ok  ETA:3h01m
     242/517  smsemoa     rc201_21      32    105   105       117657987     614s  ok  ETA:3h00m
     243/517  moead_ws    c101_21       13    105   100       170881280     608s  ok  ETA:2h59m
     244/517  smsemoa     c101_21       61    105   105       118124062     478s  ok  ETA:2h58m
     245/517  smsemoa     rc101_21      81    105   105        57447453     433s  ok  ETA:2h58m
     246/517  smsemoa     rc101_21      89    105   105        22537868     444s  ok  ETA:2h57m
     247/517  smsemoa     c101_21       64    105   105        73709655     476s  ok  ETA:2h56m
     248/517  smsemoa     rc201_21      78    105   105        89446750     602s  ok  ETA:2h54m
     249/517  smsemoa     rc101_21      91    105   104        74747438     436s  ok  ETA:2h53m
     250/517  moead_ws    r101_21       88    105   100         3044117     556s  ok  ETA:2h55m
     251/517  moead_ws    c101_21       47    105   104         1628643     672s  ok  ETA:2h53m
     252/517  smsemoa     rc201_21      80    105   105        39959308     645s  ok  ETA:2h54m
     253/517  nsga2       rc201_21      65    105   105       127839954     594s  ok  ETA:2h53m
     254/517  smsemoa     rc101_21      25    105   105        21238034     426s  ok  ETA:2h52m
     255/517  moead_ws    rc201_21      74    105    99       183757673     719s  ok  ETA:2h50m
     256/517  nsga2       r201_21       96    105   105       173805296     641s  ok  ETA:2h50m
     257/517  moead_ws    c201_21       31    105    93         1513598     894s  ok  ETA:2h50m
     258/517  nsga2       r101_21       33    105    93        52186249     425s  ok  ETA:2h48m
     259/517  nsga2       c101_21       21    105   105       185077061     464s  ok  ETA:2h47m
     260/517  nsga2       r101_21       68    105    96        29856919     435s  ok  ETA:2h46m
     261/517  smsemoa     rc201_21     100    105   105       220559912     608s  ok  ETA:2h45m
     262/517  nsga2       r201_21       56    105   105       107904023     674s  ok  ETA:2h45m
     263/517  nsga2       rc201_21      64    105   104       273865257     575s  ok  ETA:2h44m
     264/517  smsemoa     r201_21       45    105   105        64385472     660s  ok  ETA:2h44m
     265/517  smsemoa     r201_21       26    105   105        28648911     754s  ok  ETA:2h43m
     266/517  smsemoa     r101_21       75    105   105        45375070     422s  ok  ETA:2h43m
     267/517  nsga2       r101_21       76    105   105        46244262     437s  ok  ETA:2h42m
     268/517  nsga2       r101_21       30    105    90        91912765     440s  ok  ETA:2h43m
     269/517  nsga2       rc201_21      44    105   105       248629340     592s  ok  ETA:2h41m
     270/517  nsga2       rc201_21      80    105   105        75662562     609s  ok  ETA:2h41m
     271/517  smsemoa     c101_21       13    105   105        76406498     490s  ok  ETA:2h40m
     272/517  nsga2       r101_21        5    105   105        45228159     426s  ok  ETA:2h39m
     273/517  nsga2       c201_21       59    105   105       143372061     761s  ok  ETA:2h37m
     274/517  nsga2       c201_21       27    105   105        87107697     758s  ok  ETA:2h36m
     275/517  moead_ws    rc101_21      28    105   105        28156672     522s  ok  ETA:2h36m
     276/517  smsemoa     r101_21       58    105   105        29564335     426s  ok  ETA:2h36m
     277/517  moead_ws    c201_21       67    105   103         1701682     832s  ok  ETA:2h35m
     278/517  nsga2       rc101_21      84    105   105        30663454     417s  ok  ETA:2h35m
     279/517  smsemoa     c201_21       73    105   105        36820275     750s  ok  ETA:2h34m
     280/517  smsemoa     r201_21       34    105   104        78562181     684s  ok  ETA:2h34m
     281/517  nsga2       rc101_21      94    105   105        45733152     436s  ok  ETA:2h33m
     282/517  moead_ws    r201_21       79    105    92        76738319     889s  ok  ETA:2h32m
     283/517  moead_ws    c101_21       85    105    93       155644046     586s  ok  ETA:2h31m
     284/517  smsemoa     r201_21       21    105   105        50806882     666s  ok  ETA:2h30m
     285/517  smsemoa     c101_21       23    105   105        71781971     465s  ok  ETA:2h30m
     286/517  smsemoa     c101_21       17    105    93       126769593     468s  ok  ETA:2h28m
     287/517  nsga2       rc201_21      48    105   105       107827577     640s  ok  ETA:2h29m
     288/517  smsemoa     rc201_21      82    105   105       144758221     595s  ok  ETA:2h28m
     289/517  smsemoa     c101_21       34    105   105        36253718     464s  ok  ETA:2h27m
     290/517  nsga2       c101_21       63    105   105        55480829     457s  ok  ETA:2h27m
     291/517  nsga2       c201_21       10    105   105       110245485     807s  ok  ETA:2h27m
     292/517  nsga2       c201_21       48    105   105       181385925     815s  ok  ETA:2h26m
     293/517  nsga2       rc101_21      48    105   105        17824487     444s  ok  ETA:2h25m
     294/517  nsga2       r201_21       53    105   105       240280941     673s  ok  ETA:2h24m
     295/517  moead_ws    r201_21       28    105    96        38641698     781s  ok  ETA:2h23m
     296/517  smsemoa     r101_21       93    105   105        40318199     419s  ok  ETA:2h22m
     297/517  smsemoa     rc201_21      29    105   105        62304940     614s  ok  ETA:2h21m
     298/517  smsemoa     rc201_21      77    105   105       218354371     618s  ok  ETA:2h22m
     299/517  moead_ws    rc201_21      44    105    79       162951409     679s  ok  ETA:2h20m
     300/517  moead_ws    c101_21       31    105    89         3620949     669s  ok  ETA:2h20m
     301/517  moead_ws    rc101_21      95    105   103         2275004     569s  ok  ETA:2h19m
     302/517  nsga2       c201_21       64    105    75       298345963     754s  ok  ETA:2h19m
     303/517  nsga2       rc201_21      52    105   105       245357799     604s  ok  ETA:2h18m
     304/517  smsemoa     r101_21       66    105   105        22574633     428s  ok  ETA:2h19m
     305/517  smsemoa     c201_21       98    105   105        80926991     746s  ok  ETA:2h18m
     306/517  moead_ws    c101_21       49    105   105       386709035     622s  ok  ETA:2h17m
     307/517  moead_ws    rc101_21      99    105   105         1170286     562s  ok  ETA:2h16m
     308/517  moead_ws    rc101_21      75    105   103       105397096     511s  ok  ETA:2h15m
     309/517  nsga2       rc201_21       1    105   105        62695329     647s  ok  ETA:2h15m
     310/517  nsga2       r101_21       14    105   105        38508908     434s  ok  ETA:2h13m
     311/517  moead_ws    c201_21       24    105   104         1020426     794s  ok  ETA:2h12m
     312/517  smsemoa     c101_21       42    105   105        68603223     463s  ok  ETA:2h12m
     313/517  moead_ws    c101_21       22    105    81         1119850     682s  ok  ETA:2h11m
     314/517  smsemoa     c201_21       88    105   102       150329505     727s  ok  ETA:2h11m
     315/517  nsga2       r101_21       61    105   105        31218767     430s  ok  ETA:2h10m
     316/517  moead_ws    c201_21        7    105    98       485406083     870s  ok  ETA:2h10m
     317/517  smsemoa     r101_21       92    105   105        12454669     406s  ok  ETA:2h09m
     318/517  smsemoa     rc101_21      39    105   105        46962194     436s  ok  ETA:2h08m
     319/517  smsemoa     c201_21       54    105    75        86016232     790s  ok  ETA:2h08m
     320/517  moead_ws    c201_21       94    105    91       333788223     797s  ok  ETA:2h07m
     321/517  smsemoa     r201_21       17    105   105       106667921     658s  ok  ETA:2h06m
     322/517  moead_ws    rc101_21      56    105   101        82905670     532s  ok  ETA:2h05m
     323/517  nsga2       r101_21       84    105   105        75136629     412s  ok  ETA:2h05m
     324/517  moead_ws    r101_21       32    105   104        78349851     513s  ok  ETA:2h04m
     325/517  nsga2       rc201_21      19    105   103       286203590     598s  ok  ETA:2h03m
     326/517  smsemoa     rc201_21      49    105   105        40749224     631s  ok  ETA:2h03m
     327/517  smsemoa     c101_21       57    105   105        53173020     472s  ok  ETA:2h03m
     328/517  moead_ws    rc201_21       6    105   101          374266     792s  ok  ETA:2h02m
     329/517  smsemoa     rc201_21      96    105   105        17948423     611s  ok  ETA:2h03m
     330/517  moead_ws    r201_21       50    105   102          260045     939s  ok  ETA:2h02m
     331/517  nsga2       rc101_21      10    105   105        41383299     434s  ok  ETA:2h01m
     332/517  nsga2       c201_21       31    105   105       123662799     823s  ok  ETA:2h00m
     333/517  nsga2       rc201_21       6    105   105       345006897     620s  ok  ETA:1h59m
     334/517  moead_ws    c201_21       49    105   105       979474251     869s  ok  ETA:1h58m
     335/517  moead_ws    r101_21       20    105   100         2286465     544s  ok  ETA:1h57m
     336/517  moead_ws    rc201_21      27    105   104       229876585     640s  ok  ETA:1h57m
     337/517  moead_ws    c201_21       50    105    82          975828     927s  ok  ETA:1h56m
     338/517  smsemoa     c201_21       45    105   105        81262459     785s  ok  ETA:1h55m
     339/517  smsemoa     c101_21       37    105   105       110230363     478s  ok  ETA:1h55m
     340/517  smsemoa     rc101_21      56    105   105        26166006     434s  ok  ETA:1h54m
     341/517  moead_ws    c201_21       75    105   104       277827441     789s  ok  ETA:1h53m
     342/517  moead_ws    rc201_21      26    105   104          794907     733s  ok  ETA:1h53m
     343/517  nsga2       rc101_21      39    105   105        39938812     430s  ok  ETA:1h53m
     344/517  smsemoa     r101_21       45    105   105        24496318     429s  ok  ETA:1h52m
     345/517  moead_ws    c101_21       90    105   102         1350433     655s  ok  ETA:1h51m
     346/517  nsga2       c101_21       88    105   105       147267191     468s  ok  ETA:1h50m
     347/517  moead_ws    r201_21       21    105   105           87651     997s  ok  ETA:1h50m
     348/517  moead_ws    rc101_21       9    105   104          644329     523s  ok  ETA:1h50m
     349/517  smsemoa     rc101_21      51    105   105        11310709     420s  ok  ETA:1h49m
     350/517  smsemoa     rc201_21      63    105   105       275237433     610s  ok  ETA:1h48m
     351/517  nsga2       r201_21       16    105   105        73841568     726s  ok  ETA:1h47m
     352/517  moead_ws    c101_21       12    105    99         2099934     660s  ok  ETA:1h46m
     353/517  smsemoa     rc201_21      75    105   100        44005125     613s  ok  ETA:1h46m
     354/517  nsga2       rc201_21      14    105   105       220512261     577s  ok  ETA:1h45m
     355/517  nsga2       c101_21       11    105   105       258816365     490s  ok  ETA:1h44m
     356/517  nsga2       c201_21       41    105    51       124533569     742s  ok  ETA:1h43m
     357/517  nsga2       r101_21       55    105   105        32779546     413s  ok  ETA:1h43m
     358/517  smsemoa     rc101_21      82    105   105        18592164     425s  ok  ETA:1h42m
     359/517  nsga2       c201_21       26    105    85       277862870     767s  ok  ETA:1h42m
     360/517  smsemoa     r201_21       53    105   105        54168132     684s  ok  ETA:1h41m
     361/517  smsemoa     r101_21       62    105   105        38887221     427s  ok  ETA:1h41m
     362/517  smsemoa     c101_21       62    105   105       137250531     469s  ok  ETA:1h40m
     363/517  moead_ws    rc201_21      86    105   104          446944     710s  ok  ETA:1h39m
     364/517  nsga2       rc101_21      22    105   105        59382785     431s  ok  ETA:1h39m
     365/517  moead_ws    c101_21       86    105    96          691227     669s  ok  ETA:1h38m
     366/517  moead_ws    r201_21       46    105    83       159155134     726s  ok  ETA:1h37m
     367/517  smsemoa     rc101_21      74    105   105        23920524     409s  ok  ETA:1h36m
     368/517  moead_ws    r101_21       25    105   102        62097569     519s  ok  ETA:1h36m
     369/517  nsga2       r201_21       85    105   105       109302985     654s  ok  ETA:1h35m
     370/517  nsga2       rc201_21      30    105   105       327819108     573s  ok  ETA:1h34m
     371/517  smsemoa     r201_21       95    105   105        78022695     662s  ok  ETA:1h33m
     372/517  smsemoa     r201_21       93    105   105       101258448     672s  ok  ETA:1h33m
     373/517  nsga2       c201_21       73    105    64       262442811     771s  ok  ETA:1h32m
     374/517  nsga2       r201_21       79    105   101       122917090     688s  ok  ETA:1h32m
     375/517  moead_ws    rc201_21      71    105   105       151202697     687s  ok  ETA:1h32m
     376/517  smsemoa     c101_21       38    105   105        37698069     463s  ok  ETA:1h31m
     377/517  nsga2       rc101_21      49    105   105        43931237     419s  ok  ETA:1h30m
     378/517  nsga2       rc101_21      56    105   105        54286917     423s  ok  ETA:1h29m
     379/517  smsemoa     rc201_21      50    105   105        36331763     663s  ok  ETA:1h28m
     380/517  nsga2       r201_21       12    105   105       299900408     626s  ok  ETA:1h28m
     381/517  nsga2       c101_21       94    105   105       112654835     476s  ok  ETA:1h27m
     382/517  moead_ws    c101_21       82    105    92       850514480     640s  ok  ETA:1h26m
     383/517  nsga2       rc201_21      11    105   105       350680962     590s  ok  ETA:1h26m
     384/517  moead_ws    rc101_21      96    105   103         2653745     550s  ok  ETA:1h25m
     385/517  smsemoa     c201_21       84    105   104        58156794     823s  ok  ETA:1h25m
     386/517  nsga2       c201_21       74    105    60        42276055     763s  ok  ETA:1h24m
     387/517  nsga2       c101_21       56    105   102        75207099     466s  ok  ETA:1h23m
     388/517  smsemoa     rc201_21      14    105   105        50126876     594s  ok  ETA:1h22m
     389/517  nsga2       c101_21        7    105   105        68988585     474s  ok  ETA:1h22m
     390/517  nsga2       r101_21       21    105   105        48252360     426s  ok  ETA:1h21m
     391/517  nsga2       r101_21       56    105   105        22119719     416s  ok  ETA:1h20m
     392/517  nsga2       c101_21        1     95    95       141615523     466s  ok  ETA:1h20m
     393/517  moead_ws    r201_21        7    105    76        84828379     743s  ok  ETA:1h19m
     394/517  smsemoa     c101_21       73    105   105        87836698     452s  ok  ETA:1h18m
     395/517  smsemoa     r101_21       40    105   105        53974479     420s  ok  ETA:1h18m
     396/517  nsga2       c101_21       57    105   105       187246228     461s  ok  ETA:1h17m
     397/517  moead_ws    r101_21       45    105    57        68331640     528s  ok  ETA:1h16m
     398/517  smsemoa     rc201_21      15    105   105       114990863     589s  ok  ETA:1h15m
     399/517  smsemoa     r101_21       27    105   105        27890568     426s  ok  ETA:1h15m
     400/517  nsga2       c101_21       91    105   105       158610187     464s  ok  ETA:1h14m
     401/517  smsemoa     c101_21       67    105   105       114233519     458s  ok  ETA:1h14m
     402/517  nsga2       r201_21       19    105   105       254435144     644s  ok  ETA:1h13m
     403/517  nsga2       r101_21       19    105   105        55244119     420s  ok  ETA:1h12m
     404/517  smsemoa     rc101_21      22    105   105        19843400     427s  ok  ETA:1h12m
     405/517  smsemoa     rc101_21      87    105   105        38730980     422s  ok  ETA:1h11m
     406/517  nsga2       c201_21       82    105   105       156913817     774s  ok  ETA:1h11m
     407/517  smsemoa     rc101_21      49    105   105        32928439     450s  ok  ETA:1h10m
     408/517  moead_ws    c201_21       21    105   105          841295     802s  ok  ETA:1h09m
     409/517  moead_ws    rc201_21      20    105    99          391696     712s  ok  ETA:1h09m
     410/517  moead_ws    rc101_21       4    105    96        58936309     538s  ok  ETA:1h08m
     411/517  moead_ws    c101_21       18    105   101         3113476     646s  ok  ETA:1h07m
     412/517  nsga2       r101_21       85    105   105        45873987     414s  ok  ETA:1h07m
     413/517  smsemoa     r201_21       48    105    78        15820826     674s  ok  ETA:1h06m
     414/517  nsga2       c201_21      100    105   105        65960443     797s  ok  ETA:1h05m
     415/517  moead_ws    r101_21        8    105    89        67414353     536s  ok  ETA:1h05m
     416/517  moead_ws    c101_21       58    105   105       299049224     621s  ok  ETA:1h04m
     417/517  nsga2       r101_21       24    105   105        29203927     407s  ok  ETA:1h03m
     418/517  smsemoa     r101_21       63    105   105        10470545     413s  ok  ETA:1h03m
     419/517  moead_ws    c101_21       42    105    94       921077258     642s  ok  ETA:1h02m
     420/517  moead_ws    c201_21       14    105    98       194242912     979s  ok  ETA:1h02m
     421/517  moead_ws    r201_21       22    105   105          125096     848s  ok  ETA:1h01m
     422/517  moead_ws    rc101_21      45    105    54       139989179     527s  ok  ETA:1h01m
     423/517  nsga2       rc101_21      54    105   105        28150982     418s  ok  ETA:1h00m
     424/517  nsga2       c201_21       14    105    82       261830388     749s  ok  ETA:0h59m
     425/517  nsga2       c101_21       28    105   105       108022767     486s  ok  ETA:0h58m
     426/517  smsemoa     r201_21       33    105   105        78377893     665s  ok  ETA:0h58m
     427/517  nsga2       rc101_21      81    105   105        48632823     429s  ok  ETA:0h57m
     428/517  moead_ws    r101_21       35    105   101         1020870     573s  ok  ETA:0h56m
     429/517  smsemoa     rc201_21      94    105   105        73664709     599s  ok  ETA:0h56m
     430/517  smsemoa     r101_21       77    105   104        16148244     429s  ok  ETA:0h55m
     431/517  moead_ws    rc201_21      85    105   102        79563193     883s  ok  ETA:0h54m
     432/517  smsemoa     rc101_21      34    105   105        30293466     428s  ok  ETA:0h54m
     433/517  smsemoa     r201_21       59    105   105        25283386     670s  ok  ETA:0h53m
     434/517  nsga2       r101_21        3    105   105        27514977     429s  ok  ETA:0h52m
     435/517  smsemoa     c201_21       94    105    97        71963693     825s  ok  ETA:0h52m
     436/517  smsemoa     rc101_21      24    105   105        16948463     415s  ok  ETA:0h51m
     437/517  smsemoa     rc101_21      77    105    99        22743635     428s  ok  ETA:0h51m
     438/517  moead_ws    c201_21       62    105    97         1062339    1063s  ok  ETA:0h50m
     439/517  nsga2       r101_21       35    105   105        27056641     442s  ok  ETA:0h49m
     440/517  moead_ws    r101_21       55    105   104        40786778     516s  ok  ETA:0h49m
     441/517  moead_ws    r101_21       70    105    55       113650798     561s  ok  ETA:0h48m
     442/517  nsga2       c101_21       79    105   105       137362183     479s  ok  ETA:0h47m
     443/517  nsga2       r101_21       70    105   105        34093327     447s  ok  ETA:0h47m
     444/517  moead_ws    r101_21       54    105   103        17824400     519s  ok  ETA:0h46m
     445/517  moead_ws    c101_21       79    105    93       219663767     599s  ok  ETA:0h46m
     446/517  smsemoa     c201_21        9    105   105        71489248     735s  ok  ETA:0h45m
     447/517  nsga2       r201_21       50    105   105        34858568     677s  ok  ETA:0h44m
     448/517  nsga2       c201_21       13    105   105       139685079     787s  ok  ETA:0h44m
     449/517  moead_ws    c201_21       57    105   100         2680128     837s  ok  ETA:0h43m
     450/517  smsemoa     rc101_21      59    105   105        54563548     416s  ok  ETA:0h42m
     451/517  smsemoa     rc201_21      47    105   105       284336890     596s  ok  ETA:0h42m
     452/517  moead_ws    rc101_21      68    105   102        46112964     510s  ok  ETA:0h41m
     453/517  smsemoa     r201_21       10    105   105        29501654     723s  ok  ETA:0h40m
     454/517  moead_ws    r101_21       81    105    98        60062090     527s  ok  ETA:0h40m
     455/517  nsga2       c101_21       49    105   105       221121688     455s  ok  ETA:0h39m
     456/517  nsga2       r101_21       79    105   105        58425895     442s  ok  ETA:0h38m
     457/517  moead_ws    r101_21       29    105    97        44019933     527s  ok  ETA:0h38m
     458/517  nsga2       c101_21       97    105   105       168168438     466s  ok  ETA:0h37m
     459/517  moead_ws    c201_21       11    105    99       200300628     867s  ok  ETA:0h36m
     460/517  nsga2       c101_21       64    105   103       174488977     480s  ok  ETA:0h36m
     461/517  smsemoa     rc101_21      66    105   105        28956030     424s  ok  ETA:0h35m
     462/517  nsga2       r101_21       28    105   105        27320752     418s  ok  ETA:0h34m
     463/517  moead_ws    c201_21       36    105   105       790885198     826s  ok  ETA:0h34m
     464/517  moead_ws    rc101_21      44    105    75        83134463     528s  ok  ETA:0h33m
     465/517  smsemoa     c201_21       23    105    80       373264353     717s  ok  ETA:0h33m
     466/517  nsga2       c101_21       37    105   105       386377528     476s  ok  ETA:0h32m
     467/517  moead_ws    r101_21       64    105   105        54760680     548s  ok  ETA:0h31m
     468/517  smsemoa     rc201_21      39    105   105       190594432     640s  ok  ETA:0h31m
     469/517  nsga2       rc101_21      16    105   105        27181097     434s  ok  ETA:0h30m
     470/517  nsga2       r101_21       42    105   105        19411698     424s  ok  ETA:0h29m
     471/517  moead_ws    r101_21       84    105   104          391160     552s  ok  ETA:0h29m
     472/517  nsga2       r201_21       18    105   105        48676317     715s  ok  ETA:0h28m
     473/517  nsga2       r201_21       28    105   105        46039416     743s  ok  ETA:0h27m
     474/517  moead_ws    c201_21       90    105    98         2068424     839s  ok  ETA:0h27m
     475/517  smsemoa     c101_21       16    105   105       297239675     470s  ok  ETA:0h26m
     476/517  nsga2       rc201_21      72    105   105        77864182     614s  ok  ETA:0h26m
     477/517  moead_ws    rc101_21       6    105   104         1515539     566s  ok  ETA:0h25m
     478/517  smsemoa     rc101_21      27    105   105        46325737     424s  ok  ETA:0h24m
     479/517  smsemoa     rc201_21      10    105   105        38222993     682s  ok  ETA:0h24m
     480/517  smsemoa     rc201_21      18    105   105        84103553     642s  ok  ETA:0h23m
     481/517  moead_ws    c201_21       78    105    98        69396286     886s  ok  ETA:0h22m
     482/517  smsemoa     r101_21       24    105   105        15375688     419s  ok  ETA:0h22m
     483/517  nsga2       r101_21       93    105   105        70643077     437s  ok  ETA:0h21m
     484/517  smsemoa     r201_21       86    105   105        42425334     691s  ok  ETA:0h21m
     485/517  nsga2       r101_21       50    105   105        17150420     420s  ok  ETA:0h20m
     486/517  smsemoa     c101_21       84    105   105       185600081     455s  ok  ETA:0h19m
     487/517  nsga2       r101_21       92    105   103        65133416     434s  ok  ETA:0h19m
     488/517  moead_ws    r201_21       53    105   102       116759477     726s  ok  ETA:0h18m
     489/517  smsemoa     rc101_21      65    105   105        37915225     432s  ok  ETA:0h17m
     490/517  moead_ws    c101_21        8    105    92       608403080     603s  ok  ETA:0h17m
     491/517  moead_ws    c201_21       20    105    99          576066     809s  ok  ETA:0h16m
     492/517  moead_ws    rc201_21      87    105    98          477248     777s  ok  ETA:0h15m
     493/517  nsga2       rc101_21      78    105   105        35922985     434s  ok  ETA:0h15m
     494/517  nsga2       rc201_21      40    105   105       253771731     582s  ok  ETA:0h14m
     495/517  nsga2       c101_21       89    105   105       208814086     465s  ok  ETA:0h13m
     496/517  moead_ws    rc101_21      39    105   104        51093130     536s  ok  ETA:0h13m
     497/517  nsga2       c201_21       16    105   105        72021160     803s  ok  ETA:0h12m
     498/517  smsemoa     c201_21       64    105   105        67122239     761s  ok  ETA:0h12m
     499/517  moead_ws    rc101_21      57    105   104         4495711     546s  ok  ETA:0h11m
     500/517  nsga2       rc101_21      68    105   105        44569404     424s  ok  ETA:0h10m
     501/517  moead_ws    rc101_21      50    105   104          866166     516s  ok  ETA:0h10m
     502/517  nsga2       rc101_21      11    105   105        55803049     439s  ok  ETA:0h09m
     503/517  nsga2       rc101_21      41    105   102       109351676     436s  ok  ETA:0h08m
     504/517  nsga2       r201_21        9    105   105       122196730     659s  ok  ETA:0h08m
     505/517  moead_ws    r201_21       34    105   101       101353862     738s  ok  ETA:0h07m
     506/517  smsemoa     c201_21       27    105   105        28155534     823s  ok  ETA:0h06m
     507/517  nsga2       r101_21       45    105   105        37944712     420s  ok  ETA:0h06m
     508/517  moead_ws    c201_21       99    105    98          871736     848s  ok  ETA:0h05m
     509/517  nsga2       r101_21       13    105   105        45451555     408s  ok  ETA:0h05m
     510/517  moead_ws    c101_21       25    105   103       118531580     550s  ok  ETA:0h04m
     511/517  nsga2       r101_21       48    105   105        28018241     417s  ok  ETA:0h03m
     512/517  nsga2       r201_21       72    105   105        25552416     654s  ok  ETA:0h03m
     513/517  moead_ws    r201_21       51    105   101          675557     789s  ok  ETA:0h02m
     514/517  moead_ws    c201_21       92    105   104       338572194     781s  ok  ETA:0h01m
     515/517  moead_ws    rc201_21      76    105   103       102804250     765s  ok  ETA:0h01m
     516/517  smsemoa     r201_21       91    105   105       112987128     630s  ok  ETA:0h00m
     517/517  nsga2       r201_21        1    105   105        42603559     702s  ok  ETA:0h00m

  Concluído em 5h 29m 40s  |  Erros: 0/517
  index.csv → /home/rafael/MOEA_EVRP_TCC/results/tuning_rs_v2/machine1/index.csv
